Archive member included to satisfy reference by file (symbol)

/usr/local/devkitPro/libctru/lib/libsfil.a(sfil_png.o)
                              main.o (sfil_load_PNG_buffer)
/usr/local/devkitPro/portlibs/armv6k/lib/libpng.a(png.o)
                              /usr/local/devkitPro/libctru/lib/libsfil.a(sfil_png.o) (png_set_sig_bytes)
/usr/local/devkitPro/portlibs/armv6k/lib/libpng.a(pngerror.o)
                              /usr/local/devkitPro/portlibs/armv6k/lib/libpng.a(png.o) (png_safecat)
/usr/local/devkitPro/portlibs/armv6k/lib/libpng.a(pngget.o)
                              /usr/local/devkitPro/libctru/lib/libsfil.a(sfil_png.o) (png_get_valid)
/usr/local/devkitPro/portlibs/armv6k/lib/libpng.a(pngmem.o)
                              /usr/local/devkitPro/portlibs/armv6k/lib/libpng.a(png.o) (png_calloc)
/usr/local/devkitPro/portlibs/armv6k/lib/libpng.a(pngread.o)
                              /usr/local/devkitPro/libctru/lib/libsfil.a(sfil_png.o) (png_create_read_struct)
/usr/local/devkitPro/portlibs/armv6k/lib/libpng.a(pngrio.o)
                              /usr/local/devkitPro/libctru/lib/libsfil.a(sfil_png.o) (png_set_read_fn)
/usr/local/devkitPro/portlibs/armv6k/lib/libpng.a(pngrtran.o)
                              /usr/local/devkitPro/portlibs/armv6k/lib/libpng.a(pngread.o) (png_set_background_fixed)
/usr/local/devkitPro/portlibs/armv6k/lib/libpng.a(pngrutil.o)
                              /usr/local/devkitPro/portlibs/armv6k/lib/libpng.a(pngread.o) (png_read_sig)
/usr/local/devkitPro/portlibs/armv6k/lib/libpng.a(pngset.o)
                              /usr/local/devkitPro/portlibs/armv6k/lib/libpng.a(pngrutil.o) (png_set_bKGD)
/usr/local/devkitPro/portlibs/armv6k/lib/libpng.a(pngtrans.o)
                              /usr/local/devkitPro/portlibs/armv6k/lib/libpng.a(pngread.o) (png_set_bgr)
/usr/local/devkitPro/portlibs/armv6k/lib/libpng.a(pngwrite.o)
                              /usr/local/devkitPro/portlibs/armv6k/lib/libpng.a(png.o) (png_destroy_write_struct)
/usr/local/devkitPro/portlibs/armv6k/lib/libpng.a(pngwtran.o)
                              /usr/local/devkitPro/portlibs/armv6k/lib/libpng.a(pngwrite.o) (png_do_write_transformations)
/usr/local/devkitPro/portlibs/armv6k/lib/libpng.a(pngwutil.o)
                              /usr/local/devkitPro/portlibs/armv6k/lib/libpng.a(png.o) (png_save_uint_32)
/usr/local/devkitPro/portlibs/armv6k/lib/libpng.a(pngwio.o)
                              /usr/local/devkitPro/portlibs/armv6k/lib/libpng.a(pngwutil.o) (png_write_data)
/usr/local/devkitPro/portlibs/armv6k/lib/libz.a(adler32.o)
                              /usr/local/devkitPro/portlibs/armv6k/lib/libpng.a(png.o) (adler32)
/usr/local/devkitPro/portlibs/armv6k/lib/libz.a(crc32.o)
                              /usr/local/devkitPro/portlibs/armv6k/lib/libpng.a(png.o) (crc32)
/usr/local/devkitPro/portlibs/armv6k/lib/libz.a(deflate.o)
                              /usr/local/devkitPro/portlibs/armv6k/lib/libpng.a(pngwutil.o) (deflateReset)
/usr/local/devkitPro/portlibs/armv6k/lib/libz.a(inflate.o)
                              /usr/local/devkitPro/portlibs/armv6k/lib/libpng.a(png.o) (inflateReset)
/usr/local/devkitPro/portlibs/armv6k/lib/libz.a(inftrees.o)
                              /usr/local/devkitPro/portlibs/armv6k/lib/libz.a(inflate.o) (inflate_table)
/usr/local/devkitPro/portlibs/armv6k/lib/libz.a(trees.o)
                              /usr/local/devkitPro/portlibs/armv6k/lib/libz.a(deflate.o) (_tr_init)
/usr/local/devkitPro/portlibs/armv6k/lib/libz.a(zutil.o)
                              /usr/local/devkitPro/portlibs/armv6k/lib/libz.a(deflate.o) (zcalloc)
/usr/local/devkitPro/portlibs/armv6k/lib/libz.a(inffast.o)
                              /usr/local/devkitPro/portlibs/armv6k/lib/libz.a(inflate.o) (inflate_fast)
/usr/local/devkitPro/libctru/lib/libsf2d.a(sf2d.o)
                              main.o (sf2d_fini)
/usr/local/devkitPro/libctru/lib/libsf2d.a(sf2d_texture.o)
                              /usr/local/devkitPro/libctru/lib/libsfil.a(sfil_png.o) (sf2d_create_texture)
/usr/local/devkitPro/libctru/lib/libsf2d.a(shader.shbin.o)
                              /usr/local/devkitPro/libctru/lib/libsf2d.a(sf2d.o) (shader_shbin_size)
/usr/local/devkitPro/libctru/lib/libcitro3d.a(uniforms.o)
                              /usr/local/devkitPro/libctru/lib/libsf2d.a(sf2d.o) (C3D_FVUnifDirty)
/usr/local/devkitPro/libctru/lib/libcitro3d.a(attribs.o)
                              /usr/local/devkitPro/libctru/lib/libsf2d.a(sf2d_texture.o) (AttrInfo_Init)
/usr/local/devkitPro/libctru/lib/libcitro3d.a(effect.o)
                              /usr/local/devkitPro/libctru/lib/libsf2d.a(sf2d.o) (C3D_CullFace)
/usr/local/devkitPro/libctru/lib/libcitro3d.a(drawArrays.o)
                              /usr/local/devkitPro/libctru/lib/libsf2d.a(sf2d_texture.o) (C3D_DrawArrays)
/usr/local/devkitPro/libctru/lib/libcitro3d.a(buffers.o)
[...]
Memory Configuration

Name             Origin             Length             Attributes
*default*        0x00000000         0xffffffff

Linker script and memory map

                0x00100000                PROVIDE (__start__, 0x100000)
                0x00100000                . = __start__

.text           0x00100000    0x31760
 *(.crt0)
 .crt0          0x00100000       0x94 /opt/devkitpro/devkitARM/lib/gcc/arm-none-eabi/6.3.0/../../../../arm-none-eabi/lib/armv6k/fpu/3dsx_crt0.o
                0x00100000                _start
                0x00100008                __service_ptr
                0x0010000c                __apt_appid
                0x00100010                __heap_size
                0x00100014                __linear_heap_size
                0x00100018                __system_arglist
                0x0010001c                __system_runflags
 *(.init)
 .init          0x00100094        0xc /opt/devkitpro/devkitARM/lib/gcc/arm-none-eabi/6.3.0/armv6k/fpu/crti.o
                0x00100094                _init
 .init          0x001000a0        0xc /opt/devkitpro/devkitARM/lib/gcc/arm-none-eabi/6.3.0/armv6k/fpu/crtn.o
                0x001000ac                . = ALIGN (0x4)
 *(.text)
 .text          0x001000ac       0x64 /usr/local/devkitPro/libctru/lib/libctru.a(stack_adjust.o)
                0x001000ac                initSystem
                0x001000f0                __ctru_exit
 .text          0x00100110      0x20c /opt/devkitpro/devkitARM/lib/gcc/arm-none-eabi/6.3.0/armv6k/fpu/libgcc.a(_udivsi3.o)
                0x00100110                __udivsi3
                0x00100110                __aeabi_uidiv
                0x001002fc                __aeabi_uidivmod
 .text          0x0010031c      0x240 /opt/devkitpro/devkitARM/lib/gcc/arm-none-eabi/6.3.0/armv6k/fpu/libgcc.a(_divsi3.o)
                0x0010031c                __aeabi_idiv
                0x0010031c                __divsi3
                0x0010053c                __aeabi_idivmod
 .text          0x0010055c        0x4 /opt/devkitpro/devkitARM/lib/gcc/arm-none-eabi/6.3.0/armv6k/fpu/libgcc.a(_dvmd_tls.o)
                0x0010055c                __aeabi_ldiv0
                0x0010055c                __aeabi_idiv0
 .text          0x00100560      0x250 /opt/devkitpro/devkitARM/lib/gcc/arm-none-eabi/6.3.0/armv6k/fpu/libgcc.a(_arm_addsubsf3.o)
                0x00100560                __aeabi_frsub
                0x00100568                __aeabi_fsub
                0x00100568                __subsf3
                0x0010056c                __aeabi_fadd
                0x0010056c                __addsf3
                0x001006fc                __aeabi_ui2f
                0x001006fc                __floatunsisf
                0x00100704                __floatsisf
                0x00100704                __aeabi_i2f
                0x00100724                __aeabi_ul2f
                0x00100724                __floatundisf
                0x00100734                __aeabi_l2f
                0x00100734                __floatdisf
 .text          0x001007b0       0x3c /opt/devkitpro/devkitARM/lib/gcc/arm-none-eabi/6.3.0/armv6k/fpu/libgcc.a(_aeabi_uldivmod.o)
                0x001007b0                __aeabi_uldivmod
 .text          0x001007ec       0x2c /opt/devkitpro/devkitARM/lib/gcc/arm-none-eabi/6.3.0/../../../../arm-none-eabi/lib/armv6k/fpu/libg.a(lib_a-setjmp.o)
                0x001007ec                setjmp
                0x00100800                longjmp
 *fill*         0x00100818        0x8 
 .text          0x00100820      0x390 /opt/devkitpro/devkitARM/lib/gcc/arm-none-eabi/6.3.0/../../../../arm-none-eabi/lib/armv6k/fpu/libg.a(lib_a-strcmp.o)
                0x00100828                strcmp
 *(.text.*)
 .text.deregister_tm_clones
                0x00100bb0       0x30 /opt/devkitpro/devkitARM/lib/gcc/arm-none-eabi/6.3.0/armv6k/fpu/crtbegin.o
 .text.register_tm_clones
                0x00100be0       0x38 /opt/devkitpro/devkitARM/lib/gcc/arm-none-eabi/6.3.0/armv6k/fpu/crtbegin.o
 .text.__do_global_dtors_aux
                0x00100c18       0x44 /opt/devkitpro/devkitARM/lib/gcc/arm-none-eabi/6.3.0/armv6k/fpu/crtbegin.o
 .text.frame_dummy
                0x00100c5c       0x5c /opt/devkitpro/devkitARM/lib/gcc/arm-none-eabi/6.3.0/armv6k/fpu/crtbegin.o
 .text.startup  0x00100cb8     0x10dc main.o
                0x00100cb8                main
 .text._sfil_load_PNG_generic
                0x00101d94      0x2f8 /usr/local/devkitPro/libctru/lib/libsfil.a(sfil_png.o)
 .text._sfil_read_png_buffer_fn
                0x0010208c       0x34 /usr/local/devkitPro/libctru/lib/libsfil.a(sfil_png.o)
 .text.sfil_load_PNG_buffer
                0x001020c0       0x4c /usr/local/devkitPro/libctru/lib/libsfil.a(sfil_png.o)
                0x001020c0                sfil_load_PNG_buffer
 .text.png_zalloc
                0x0010210c       0x50 /usr/local/devkitPro/portlibs/armv6k/lib/libpng.a(png.o)
                0x0010210c                png_zalloc
 .text.png_zfree
                0x0010215c        0x4 /usr/local/devkitPro/portlibs/armv6k/lib/libpng.a(png.o)
                0x0010215c                png_zfree
 .text.png_build_16bit_table
                0x00102160      0x1d0 /usr/local/devkitPro/portlibs/armv6k/lib/libpng.a(png.o)
 .text.png_colorspace_endpoints_match
                0x00102330      0x114 /usr/local/devkitPro/portlibs/armv6k/lib/libpng.a(png.o)
 .text.png_free_data.part.3
                0x00102444      0x498 /usr/local/devkitPro/portlibs/armv6k/lib/libpng.a(png.o)
 *fill*         0x001028dc        0x4 
 .text.png_muldiv.part.9
                0x001028e0       0x88 /usr/local/devkitPro/portlibs/armv6k/lib/libpng.a(png.o)
 .text.png_gamma_8bit_correct.part.15
                0x00102968       0x70 /usr/local/devkitPro/portlibs/armv6k/lib/libpng.a(png.o)
 .text.png_icc_profile_error
                0x001029d8      0x200 /usr/local/devkitPro/portlibs/armv6k/lib/libpng.a(png.o)
 .text.png_set_sig_bytes
                0x00102bd8       0x3c /usr/local/devkitPro/portlibs/armv6k/lib/libpng.a(png.o)
                0x00102bd8                png_set_sig_bytes
 .text.png_sig_cmp
                0x00102c14       0x70 /usr/local/devkitPro/portlibs/armv6k/lib/libpng.a(png.o)
                0x00102c14                png_sig_cmp
 .text.png_reset_crc
                0x00102c84       0x20 /usr/local/devkitPro/portlibs/armv6k/lib/libpng.a(png.o)
                0x00102c84                png_reset_crc
 .text.png_calculate_crc
                0x00102ca4       0x54 /usr/local/devkitPro/portlibs/armv6k/lib/libpng.a(png.o)
                0x00102ca4                png_calculate_crc
 .text.png_user_version_check
                0x00102cf8      0x110 /usr/local/devkitPro/portlibs/armv6k/lib/libpng.a(png.o)
                0x00102cf8                png_user_version_check
 .text.png_create_png_struct
                0x00102e08      0x114 /usr/local/devkitPro/portlibs/armv6k/lib/libpng.a(png.o)
                0x00102e08                png_create_png_struct
 .text.png_create_info_struct
                0x00102f1c       0x40 /usr/local/devkitPro/portlibs/armv6k/lib/libpng.a(png.o)
                0x00102f1c                png_create_info_struct
 .text.png_destroy_info_struct
                0x00102f5c      0x3a0 /usr/local/devkitPro/portlibs/armv6k/lib/libpng.a(png.o)
                0x00102f5c                png_destroy_info_struct
 .text.png_free_data
                0x001032fc       0x10 /usr/local/devkitPro/portlibs/armv6k/lib/libpng.a(png.o)
                0x001032fc                png_free_data
 .text.png_get_io_ptr
                0x0010330c        0xc /usr/local/devkitPro/portlibs/armv6k/lib/libpng.a(png.o)
                0x0010330c                png_get_io_ptr
 .text.png_chunk_unknown_handling
                0x00103318       0x94 /usr/local/devkitPro/portlibs/armv6k/lib/libpng.a(png.o)
                0x00103318                png_chunk_unknown_handling
 .text.png_zstream_error
                0x001033ac       0xe4 /usr/local/devkitPro/portlibs/armv6k/lib/libpng.a(png.o)
                0x001033ac                png_zstream_error
 .text.png_colorspace_set_gamma
                0x00103490      0x158 /usr/local/devkitPro/portlibs/armv6k/lib/libpng.a(png.o)
                0x00103490                png_colorspace_set_gamma
 .text.png_colorspace_sync
                0x001035e8       0x84 /usr/local/devkitPro/portlibs/armv6k/lib/libpng.a(png.o)
                0x001035e8                png_colorspace_sync
 *fill*         0x0010366c        0x4 
 .text.png_colorspace_set_sRGB
                0x00103670      0x204 /usr/local/devkitPro/portlibs/armv6k/lib/libpng.a(png.o)
                0x00103670                png_colorspace_set_sRGB
 .text.png_icc_check_length
                0x00103874      0x198 /usr/local/devkitPro/portlibs/armv6k/lib/libpng.a(png.o)
                0x00103874                png_icc_check_length
 .text.png_icc_check_header
                0x00103a0c      0x37c /usr/local/devkitPro/portlibs/armv6k/lib/libpng.a(png.o)
                0x00103a0c                png_icc_check_header
 .text.png_icc_check_tag_table
                0x00103d88      0x138 /usr/local/devkitPro/portlibs/armv6k/lib/libpng.a(png.o)
                0x00103d88                png_icc_check_tag_table
 .text.png_icc_set_sRGB
                0x00103ec0      0x250 /usr/local/devkitPro/portlibs/armv6k/lib/libpng.a(png.o)
                0x00103ec0                png_icc_set_sRGB
 .text.png_colorspace_set_rgb_coefficients
                0x00104110      0x284 /usr/local/devkitPro/portlibs/armv6k/lib/libpng.a(png.o)
                0x00104110                png_colorspace_set_rgb_coefficients
 .text.png_check_IHDR
                0x00104394      0x2ac /usr/local/devkitPro/portlibs/armv6k/lib/libpng.a(png.o)
                0x00104394                png_check_IHDR
 .text.png_check_fp_number
                0x00104640      0x2a8 /usr/local/devkitPro/portlibs/armv6k/lib/libpng.a(png.o)
                0x00104640                png_check_fp_number
 .text.png_check_fp_string
                0x001048e8      0x2d4 /usr/local/devkitPro/portlibs/armv6k/lib/libpng.a(png.o)
                0x001048e8                png_check_fp_string
 *fill*         0x00104bbc        0x4 
 .text.png_muldiv
                0x00104bc0       0xc8 /usr/local/devkitPro/portlibs/armv6k/lib/libpng.a(png.o)
                0x00104bc0                png_muldiv
 .text.png_reciprocal
                0x00104c88       0x78 /usr/local/devkitPro/portlibs/armv6k/lib/libpng.a(png.o)
                0x00104c88                png_reciprocal
 .text.png_colorspace_set_chromaticities
                0x00104d00      0xb6c /usr/local/devkitPro/portlibs/armv6k/lib/libpng.a(png.o)
                0x00104d00                png_colorspace_set_chromaticities
 .text.png_gamma_significant
                0x0010586c       0x20 /usr/local/devkitPro/portlibs/armv6k/lib/libpng.a(png.o)
                0x0010586c                png_gamma_significant
 *fill*         0x0010588c        0x4 
 .text.png_reciprocal2
                0x00105890       0xa0 /usr/local/devkitPro/portlibs/armv6k/lib/libpng.a(png.o)
                0x00105890                png_reciprocal2
 .text.png_gamma_8bit_correct
                0x00105930       0x90 /usr/local/devkitPro/portlibs/armv6k/lib/libpng.a(png.o)
                0x00105930                png_gamma_8bit_correct
 .text.png_gamma_correct
                0x001059c0      0x104 /usr/local/devkitPro/portlibs/armv6k/lib/libpng.a(png.o)
                0x001059c0                png_gamma_correct
 .text.png_destroy_gamma_table
                0x00105ac4      0x134 /usr/local/devkitPro/portlibs/armv6k/lib/libpng.a(png.o)
                0x00105ac4                png_destroy_gamma_table
 .text.png_build_gamma_table
                0x00105bf8      0x880 /usr/local/devkitPro/portlibs/armv6k/lib/libpng.a(png.o)
                0x00105bf8                png_build_gamma_table
 .text.png_format_buffer.isra.0
                0x00106478      0x1f0 /usr/local/devkitPro/portlibs/armv6k/lib/libpng.a(pngerror.o)
 .text.png_safecat
                0x00106668       0x78 /usr/local/devkitPro/portlibs/armv6k/lib/libpng.a(pngerror.o)
                0x00106668                png_safecat
 .text.png_format_number
                0x001066e0      0x170 /usr/local/devkitPro/portlibs/armv6k/lib/libpng.a(pngerror.o)
                0x001066e0                png_format_number
 .text.png_warning
                0x00106850      0x14c /usr/local/devkitPro/portlibs/armv6k/lib/libpng.a(pngerror.o)
                0x00106850                png_warning
 .text.png_chunk_warning
                0x0010699c      0x1ac /usr/local/devkitPro/portlibs/armv6k/lib/libpng.a(pngerror.o)
                0x0010699c                png_chunk_warning
 .text.png_free_jmpbuf
                0x00106b48       0x94 /usr/local/devkitPro/portlibs/armv6k/lib/libpng.a(pngerror.o)
                0x00106b48                png_free_jmpbuf
 .text.png_longjmp
                0x00106bdc       0x2c /usr/local/devkitPro/portlibs/armv6k/lib/libpng.a(pngerror.o)
                0x00106bdc                png_longjmp
 .text.png_error
                0x00106c08       0x60 /usr/local/devkitPro/portlibs/armv6k/lib/libpng.a(pngerror.o)
                0x00106c08                png_error
 .text.png_app_warning
                0x00106c68      0x15c /usr/local/devkitPro/portlibs/armv6k/lib/libpng.a(pngerror.o)
                0x00106c68                png_app_warning
 .text.png_app_error
                0x00106dc4      0x15c /usr/local/devkitPro/portlibs/armv6k/lib/libpng.a(pngerror.o)
                0x00106dc4                png_app_error
 .text.png_chunk_error
                0x00106f20       0x2c /usr/local/devkitPro/portlibs/armv6k/lib/libpng.a(pngerror.o)
                0x00106f20                png_chunk_error
 .text.png_chunk_benign_error
                0x00106f4c      0x1a4 /usr/local/devkitPro/portlibs/armv6k/lib/libpng.a(pngerror.o)
                0x00106f4c                png_chunk_benign_error
 .text.png_benign_error
                0x001070f0      0x2d4 /usr/local/devkitPro/portlibs/armv6k/lib/libpng.a(pngerror.o)
                0x001070f0                png_benign_error
 .text.png_set_longjmp_fn
                0x001073c4       0xf0 /usr/local/devkitPro/portlibs/armv6k/lib/libpng.a(pngerror.o)
                0x001073c4                png_set_longjmp_fn
 .text.png_chunk_report
                0x001074b4      0x2dc /usr/local/devkitPro/portlibs/armv6k/lib/libpng.a(pngerror.o)
                0x001074b4                png_chunk_report
 .text.png_set_error_fn
                0x00107790       0x14 /usr/local/devkitPro/portlibs/armv6k/lib/libpng.a(pngerror.o)
                0x00107790                png_set_error_fn
 .text.png_get_valid
                0x001077a4       0x1c /usr/local/devkitPro/portlibs/armv6k/lib/libpng.a(pngget.o)
                0x001077a4                png_get_valid
 .text.png_get_IHDR
                0x001077c0       0xa0 /usr/local/devkitPro/portlibs/armv6k/lib/libpng.a(pngget.o)
                0x001077c0                png_get_IHDR
 .text.png_destroy_png_struct
                0x00107860       0x64 /usr/local/devkitPro/portlibs/armv6k/lib/libpng.a(pngmem.o)
                0x00107860                png_destroy_png_struct
 .text.png_calloc
                0x001078c4       0x78 /usr/local/devkitPro/portlibs/armv6k/lib/libpng.a(pngmem.o)
                0x001078c4                png_calloc
 .text.png_malloc_base
                0x0010793c       0x30 /usr/local/devkitPro/portlibs/armv6k/lib/libpng.a(pngmem.o)
                0x0010793c                png_malloc_base
 .text.png_malloc_array
                0x0010796c       0x8c /usr/local/devkitPro/portlibs/armv6k/lib/libpng.a(pngmem.o)
                0x0010796c                png_malloc_array
 .text.png_realloc_array
                0x001079f8      0x104 /usr/local/devkitPro/portlibs/armv6k/lib/libpng.a(pngmem.o)
                0x001079f8                png_realloc_array
 .text.png_malloc
                0x00107afc       0x5c /usr/local/devkitPro/portlibs/armv6k/lib/libpng.a(pngmem.o)
                0x00107afc                png_malloc
 .text.png_malloc_warn
                0x00107b58       0x64 /usr/local/devkitPro/portlibs/armv6k/lib/libpng.a(pngmem.o)
                0x00107b58                png_malloc_warn
 .text.png_free
                0x00107bbc       0x24 /usr/local/devkitPro/portlibs/armv6k/lib/libpng.a(pngmem.o)
                0x00107bbc                png_free
 .text.png_set_mem_fn
                0x00107be0       0x14 /usr/local/devkitPro/portlibs/armv6k/lib/libpng.a(pngmem.o)
                0x00107be0                png_set_mem_fn
 .text.png_do_read_intrapixel
                0x00107bf4      0x110 /usr/local/devkitPro/portlibs/armv6k/lib/libpng.a(pngread.o)
 .text.png_read_info.part.3
                0x00107d04      0x408 /usr/local/devkitPro/portlibs/armv6k/lib/libpng.a(pngread.o)
 .text.png_create_read_struct
                0x0010810c       0x58 /usr/local/devkitPro/portlibs/armv6k/lib/libpng.a(pngread.o)
                0x0010810c                png_create_read_struct
 .text.png_read_info
                0x00108164       0x10 /usr/local/devkitPro/portlibs/armv6k/lib/libpng.a(pngread.o)
                0x00108164                png_read_info
 .text.png_read_update_info
                0x00108174       0x40 /usr/local/devkitPro/portlibs/armv6k/lib/libpng.a(pngread.o)
                0x00108174                png_read_update_info
 .text.png_read_image
                0x001081b4      0x3bc /usr/local/devkitPro/portlibs/armv6k/lib/libpng.a(pngread.o)
                0x001081b4                png_read_image
 .text.png_destroy_read_struct
                0x00108570      0x134 /usr/local/devkitPro/portlibs/armv6k/lib/libpng.a(pngread.o)
                0x00108570                png_destroy_read_struct
 .text.png_default_read_data
                0x001086a4       0x38 /usr/local/devkitPro/portlibs/armv6k/lib/libpng.a(pngrio.o)
                0x001086a4                png_default_read_data
 .text.png_read_data
                0x001086dc       0x20 /usr/local/devkitPro/portlibs/armv6k/lib/libpng.a(pngrio.o)
                0x001086dc                png_read_data
 .text.png_set_read_fn
                0x001086fc       0x50 /usr/local/devkitPro/portlibs/armv6k/lib/libpng.a(pngrio.o)
                0x001086fc                png_set_read_fn
 .text.png_do_gray_to_rgb
                0x0010874c      0x218 /usr/local/devkitPro/portlibs/armv6k/lib/libpng.a(pngrtran.o)
 .text.png_do_compose
                0x00108964     0x1170 /usr/local/devkitPro/portlibs/armv6k/lib/libpng.a(pngrtran.o)
 .text.png_set_scale_16
                0x00109ad4       0x38 /usr/local/devkitPro/portlibs/armv6k/lib/libpng.a(pngrtran.o)
                0x00109ad4                png_set_scale_16
 .text.png_set_expand
                0x00109b0c       0x3c /usr/local/devkitPro/portlibs/armv6k/lib/libpng.a(pngrtran.o)
                0x00109b0c                png_set_expand
 .text.png_set_palette_to_rgb
                0x00109b48       0x3c /usr/local/devkitPro/portlibs/armv6k/lib/libpng.a(pngrtran.o)
                0x00109b48                png_set_palette_to_rgb
 .text.png_set_tRNS_to_alpha
                0x00109b84       0x3c /usr/local/devkitPro/portlibs/armv6k/lib/libpng.a(pngrtran.o)
                0x00109b84                png_set_tRNS_to_alpha
 .text.png_set_gray_to_rgb
                0x00109bc0       0x38 /usr/local/devkitPro/portlibs/armv6k/lib/libpng.a(pngrtran.o)
                0x00109bc0                png_set_gray_to_rgb
 .text.png_init_read_transformations
                0x00109bf8      0xcc4 /usr/local/devkitPro/portlibs/armv6k/lib/libpng.a(pngrtran.o)
                0x00109bf8                png_init_read_transformations
 .text.png_read_transform_info
                0x0010a8bc      0x2c4 /usr/local/devkitPro/portlibs/armv6k/lib/libpng.a(pngrtran.o)
                0x0010a8bc                png_read_transform_info
 .text.png_do_read_transformations
                0x0010ab80     0x23f0 /usr/local/devkitPro/portlibs/armv6k/lib/libpng.a(pngrtran.o)
                0x0010ab80                png_do_read_transformations
 .text.png_read_filter_row_sub
                0x0010cf70      0x1d0 /usr/local/devkitPro/portlibs/armv6k/lib/libpng.a(pngrutil.o)
 .text.png_read_filter_row_up
                0x0010d140      0x1ac /usr/local/devkitPro/portlibs/armv6k/lib/libpng.a(pngrutil.o)
 .text.png_read_filter_row_avg
                0x0010d2ec       0x80 /usr/local/devkitPro/portlibs/armv6k/lib/libpng.a(pngrutil.o)
 .text.png_read_filter_row_paeth_1byte_pixel
                0x0010d36c       0x8c /usr/local/devkitPro/portlibs/armv6k/lib/libpng.a(pngrutil.o)
 .text.png_read_filter_row_paeth_multibyte_pixel
                0x0010d3f8      0x26c /usr/local/devkitPro/portlibs/armv6k/lib/libpng.a(pngrutil.o)
 .text.png_inflate_claim
                0x0010d664      0x110 /usr/local/devkitPro/portlibs/armv6k/lib/libpng.a(pngrutil.o)
 .text.png_inflate.constprop.7
                0x0010d774      0x1d0 /usr/local/devkitPro/portlibs/armv6k/lib/libpng.a(pngrutil.o)
 .text.png_inflate_read.part.3.constprop.5
                0x0010d944      0x158 /usr/local/devkitPro/portlibs/armv6k/lib/libpng.a(pngrutil.o)
 .text.png_crc_finish.constprop.10
                0x0010da9c       0xdc /usr/local/devkitPro/portlibs/armv6k/lib/libpng.a(pngrutil.o)
 .text.png_decompress_chunk.constprop.6
                0x0010db78      0x2c8 /usr/local/devkitPro/portlibs/armv6k/lib/libpng.a(pngrutil.o)
 .text.png_read_sig
                0x0010de40       0xac /usr/local/devkitPro/portlibs/armv6k/lib/libpng.a(pngrutil.o)
                0x0010de40                png_read_sig
 .text.png_read_chunk_header
                0x0010deec      0x158 /usr/local/devkitPro/portlibs/armv6k/lib/libpng.a(pngrutil.o)
                0x0010deec                png_read_chunk_header
 .text.png_crc_finish
                0x0010e044      0x15c /usr/local/devkitPro/portlibs/armv6k/lib/libpng.a(pngrutil.o)
                0x0010e044                png_crc_finish
 .text.png_handle_IHDR
                0x0010e1a0      0x178 /usr/local/devkitPro/portlibs/armv6k/lib/libpng.a(pngrutil.o)
                0x0010e1a0                png_handle_IHDR
 .text.png_handle_PLTE
                0x0010e318      0x250 /usr/local/devkitPro/portlibs/armv6k/lib/libpng.a(pngrutil.o)
                0x0010e318                png_handle_PLTE
 .text.png_handle_IEND
                0x0010e568       0x54 /usr/local/devkitPro/portlibs/armv6k/lib/libpng.a(pngrutil.o)
                0x0010e568                png_handle_IEND
 .text.png_handle_gAMA
                0x0010e5bc       0xe4 /usr/local/devkitPro/portlibs/armv6k/lib/libpng.a(pngrutil.o)
                0x0010e5bc                png_handle_gAMA
 .text.png_handle_sBIT
                0x0010e6a0      0x214 /usr/local/devkitPro/portlibs/armv6k/lib/libpng.a(pngrutil.o)
                0x0010e6a0                png_handle_sBIT
 .text.png_handle_cHRM
                0x0010e8b4      0x300 /usr/local/devkitPro/portlibs/armv6k/lib/libpng.a(pngrutil.o)
                0x0010e8b4                png_handle_cHRM
 .text.png_handle_sRGB
                0x0010ebb4      0x108 /usr/local/devkitPro/portlibs/armv6k/lib/libpng.a(pngrutil.o)
                0x0010ebb4                png_handle_sRGB
 .text.png_handle_iCCP
                0x0010ecbc      0x5dc /usr/local/devkitPro/portlibs/armv6k/lib/libpng.a(pngrutil.o)
                0x0010ecbc                png_handle_iCCP
 .text.png_handle_sPLT
                0x0010f298      0x33c /usr/local/devkitPro/portlibs/armv6k/lib/libpng.a(pngrutil.o)
                0x0010f298                png_handle_sPLT
 .text.png_handle_tRNS
                0x0010f5d4      0x23c /usr/local/devkitPro/portlibs/armv6k/lib/libpng.a(pngrutil.o)
                0x0010f5d4                png_handle_tRNS
 .text.png_handle_bKGD
                0x0010f810      0x224 /usr/local/devkitPro/portlibs/armv6k/lib/libpng.a(pngrutil.o)
                0x0010f810                png_handle_bKGD
 .text.png_handle_hIST
                0x0010fa34      0x13c /usr/local/devkitPro/portlibs/armv6k/lib/libpng.a(pngrutil.o)
                0x0010fa34                png_handle_hIST
 .text.png_handle_pHYs
                0x0010fb70      0x13c /usr/local/devkitPro/portlibs/armv6k/lib/libpng.a(pngrutil.o)
                0x0010fb70                png_handle_pHYs
 .text.png_handle_oFFs
                0x0010fcac      0x15c /usr/local/devkitPro/portlibs/armv6k/lib/libpng.a(pngrutil.o)
                0x0010fcac                png_handle_oFFs
 .text.png_handle_pCAL
                0x0010fe08      0x378 /usr/local/devkitPro/portlibs/armv6k/lib/libpng.a(pngrutil.o)
                0x0010fe08                png_handle_pCAL
 .text.png_handle_sCAL
                0x00110180      0x284 /usr/local/devkitPro/portlibs/armv6k/lib/libpng.a(pngrutil.o)
                0x00110180                png_handle_sCAL
 .text.png_handle_tIME
                0x00110404      0x114 /usr/local/devkitPro/portlibs/armv6k/lib/libpng.a(pngrutil.o)
                0x00110404                png_handle_tIME
 .text.png_handle_tEXt
                0x00110518      0x1c4 /usr/local/devkitPro/portlibs/armv6k/lib/libpng.a(pngrutil.o)
                0x00110518                png_handle_tEXt
 .text.png_handle_zTXt
                0x001106dc      0x24c /usr/local/devkitPro/portlibs/armv6k/lib/libpng.a(pngrutil.o)
                0x001106dc                png_handle_zTXt
 .text.png_handle_iTXt
                0x00110928      0x348 /usr/local/devkitPro/portlibs/armv6k/lib/libpng.a(pngrutil.o)
                0x00110928                png_handle_iTXt
 .text.png_handle_unknown
                0x00110c70      0x36c /usr/local/devkitPro/portlibs/armv6k/lib/libpng.a(pngrutil.o)
                0x00110c70                png_handle_unknown
 .text.png_combine_row
                0x00110fdc      0x4dc /usr/local/devkitPro/portlibs/armv6k/lib/libpng.a(pngrutil.o)
                0x00110fdc                png_combine_row
 .text.png_do_read_interlace
                0x001114b8      0x484 /usr/local/devkitPro/portlibs/armv6k/lib/libpng.a(pngrutil.o)
                0x001114b8                png_do_read_interlace
 .text.png_read_filter_row
                0x0011193c       0x90 /usr/local/devkitPro/portlibs/armv6k/lib/libpng.a(pngrutil.o)
                0x0011193c                png_read_filter_row
 .text.png_read_IDAT_data
                0x001119cc      0x508 /usr/local/devkitPro/portlibs/armv6k/lib/libpng.a(pngrutil.o)
                0x001119cc                png_read_IDAT_data
 .text.png_read_finish_row
                0x00111ed4      0x368 /usr/local/devkitPro/portlibs/armv6k/lib/libpng.a(pngrutil.o)
                0x00111ed4                png_read_finish_row
 .text.png_read_start_row
                0x0011223c      0x340 /usr/local/devkitPro/portlibs/armv6k/lib/libpng.a(pngrutil.o)
                0x0011223c                png_read_start_row
 .text.png_set_bKGD
                0x0011257c       0x50 /usr/local/devkitPro/portlibs/armv6k/lib/libpng.a(pngset.o)
                0x0011257c                png_set_bKGD
 .text.png_set_hIST
                0x001125cc       0xac /usr/local/devkitPro/portlibs/armv6k/lib/libpng.a(pngset.o)
                0x001125cc                png_set_hIST
 .text.png_set_IHDR
                0x00112678       0xdc /usr/local/devkitPro/portlibs/armv6k/lib/libpng.a(pngset.o)
                0x00112678                png_set_IHDR
 .text.png_set_oFFs
                0x00112754       0x2c /usr/local/devkitPro/portlibs/armv6k/lib/libpng.a(pngset.o)
                0x00112754                png_set_oFFs
 .text.png_set_pCAL
                0x00112780      0x268 /usr/local/devkitPro/portlibs/armv6k/lib/libpng.a(pngset.o)
                0x00112780                png_set_pCAL
 .text.png_set_sCAL_s
                0x001129e8      0x164 /usr/local/devkitPro/portlibs/armv6k/lib/libpng.a(pngset.o)
                0x001129e8                png_set_sCAL_s
 .text.png_set_pHYs
                0x00112b4c       0x2c /usr/local/devkitPro/portlibs/armv6k/lib/libpng.a(pngset.o)
                0x00112b4c                png_set_pHYs
 .text.png_set_PLTE
                0x00112b78      0x13c /usr/local/devkitPro/portlibs/armv6k/lib/libpng.a(pngset.o)
                0x00112b78                png_set_PLTE
 .text.png_set_sBIT
                0x00112cb4       0x44 /usr/local/devkitPro/portlibs/armv6k/lib/libpng.a(pngset.o)
                0x00112cb4                png_set_sBIT
 .text.png_set_text_2
                0x00112cf8      0x334 /usr/local/devkitPro/portlibs/armv6k/lib/libpng.a(pngset.o)
                0x00112cf8                png_set_text_2
 .text.png_set_tIME
                0x0011302c       0xa0 /usr/local/devkitPro/portlibs/armv6k/lib/libpng.a(pngset.o)
                0x0011302c                png_set_tIME
 .text.png_set_tRNS
                0x001130cc      0x138 /usr/local/devkitPro/portlibs/armv6k/lib/libpng.a(pngset.o)
                0x001130cc                png_set_tRNS
 .text.png_set_sPLT
                0x00113204      0x184 /usr/local/devkitPro/portlibs/armv6k/lib/libpng.a(pngset.o)
                0x00113204                png_set_sPLT
 .text.png_set_unknown_chunks
                0x00113388      0x18c /usr/local/devkitPro/portlibs/armv6k/lib/libpng.a(pngset.o)
                0x00113388                png_set_unknown_chunks
 .text.png_set_packing
                0x00113514       0x28 /usr/local/devkitPro/portlibs/armv6k/lib/libpng.a(pngtrans.o)
                0x00113514                png_set_packing
 .text.png_set_interlace_handling
                0x0011353c       0x30 /usr/local/devkitPro/portlibs/armv6k/lib/libpng.a(pngtrans.o)
                0x0011353c                png_set_interlace_handling
 .text.png_set_filler
                0x0011356c       0x88 /usr/local/devkitPro/portlibs/armv6k/lib/libpng.a(pngtrans.o)
                0x0011356c                png_set_filler
 .text.png_do_invert
                0x001135f4      0x1ec /usr/local/devkitPro/portlibs/armv6k/lib/libpng.a(pngtrans.o)
                0x001135f4                png_do_invert
 .text.png_do_swap
                0x001137e0       0x4c /usr/local/devkitPro/portlibs/armv6k/lib/libpng.a(pngtrans.o)
                0x001137e0                png_do_swap
 .text.png_do_packswap
                0x0011382c       0x6c /usr/local/devkitPro/portlibs/armv6k/lib/libpng.a(pngtrans.o)
                0x0011382c                png_do_packswap
 .text.png_do_strip_channel
                0x00113898      0x22c /usr/local/devkitPro/portlibs/armv6k/lib/libpng.a(pngtrans.o)
                0x00113898                png_do_strip_channel
 .text.png_do_bgr
                0x00113ac4      0x13c /usr/local/devkitPro/portlibs/armv6k/lib/libpng.a(pngtrans.o)
                0x00113ac4                png_do_bgr
 .text.png_do_check_palette_indexes
                0x00113c00      0x1d0 /usr/local/devkitPro/portlibs/armv6k/lib/libpng.a(pngtrans.o)
                0x00113c00                png_do_check_palette_indexes
 .text.adler32  0x00113dd0      0x44c /usr/local/devkitPro/portlibs/armv6k/lib/libz.a(adler32.o)
                0x00113dd0                adler32
 .text.crc32    0x0011421c      0x59c /usr/local/devkitPro/portlibs/armv6k/lib/libz.a(crc32.o)
                0x0011421c                crc32
 .text.inflateReset
                0x001147b8       0x9c /usr/local/devkitPro/portlibs/armv6k/lib/libz.a(inflate.o)
                0x001147b8                inflateReset
 .text.inflateReset2
                0x00114854      0x120 /usr/local/devkitPro/portlibs/armv6k/lib/libz.a(inflate.o)
                0x00114854                inflateReset2
 .text.inflateInit2_
                0x00114974      0x178 /usr/local/devkitPro/portlibs/armv6k/lib/libz.a(inflate.o)
                0x00114974                inflateInit2_
 .text.inflate  0x00114aec     0x1ffc /usr/local/devkitPro/portlibs/armv6k/lib/libz.a(inflate.o)
                0x00114aec                inflate
 .text.inflateEnd
                0x00116ae8       0x60 /usr/local/devkitPro/portlibs/armv6k/lib/libz.a(inflate.o)
                0x00116ae8                inflateEnd
 .text.inflate_table
                0x00116b48      0xb64 /usr/local/devkitPro/portlibs/armv6k/lib/libz.a(inftrees.o)
                0x00116b48                inflate_table
 .text.zcalloc  0x001176ac        0x8 /usr/local/devkitPro/portlibs/armv6k/lib/libz.a(zutil.o)
                0x001176ac                zcalloc
 .text.zcfree   0x001176b4        0x8 /usr/local/devkitPro/portlibs/armv6k/lib/libz.a(zutil.o)
                0x001176b4                zcfree
 .text.inflate_fast
                0x001176bc      0xdf0 /usr/local/devkitPro/portlibs/armv6k/lib/libz.a(inffast.o)
                0x001176bc                inflate_fast
 .text.sf2d_fini
                0x001184ac       0x48 /usr/local/devkitPro/libctru/lib/libsf2d.a(sf2d.o)
                0x001184ac                sf2d_fini
 .text.sf2d_start_frame_target
                0x001184f4       0xa0 /usr/local/devkitPro/libctru/lib/libsf2d.a(sf2d.o)
                0x001184f4                sf2d_start_frame_target
 .text.sf2d_start_frame
                0x00118594       0x38 /usr/local/devkitPro/libctru/lib/libsf2d.a(sf2d.o)
                0x00118594                sf2d_start_frame
 .text.sf2d_end_frame
                0x001185cc        0x4 /usr/local/devkitPro/libctru/lib/libsf2d.a(sf2d.o)
                0x001185cc                sf2d_end_frame
 .text.sf2d_swapbuffers
                0x001185d0       0xb0 /usr/local/devkitPro/libctru/lib/libsf2d.a(sf2d.o)
                0x001185d0                sf2d_swapbuffers
 .text.sf2d_pool_memalign
                0x00118680       0x40 /usr/local/devkitPro/libctru/lib/libsf2d.a(sf2d.o)
                0x00118680                sf2d_pool_memalign
 .text.sf2d_set_clear_color
                0x001186c0       0x38 /usr/local/devkitPro/libctru/lib/libsf2d.a(sf2d.o)
                0x001186c0                sf2d_set_clear_color
 .text.sf2d_init_advanced.part.0
                0x001186f8      0x1ac /usr/local/devkitPro/libctru/lib/libsf2d.a(sf2d.o)
 .text.sf2d_init
                0x001188a4       0x28 /usr/local/devkitPro/libctru/lib/libsf2d.a(sf2d.o)
                0x001188a4                sf2d_init
 .text.sf2d_create_texture
                0x001188cc      0x118 /usr/local/devkitPro/libctru/lib/libsf2d.a(sf2d_texture.o)
                0x001188cc                sf2d_create_texture
 .text.sf2d_create_rendertarget
                0x001189e4       0x94 /usr/local/devkitPro/libctru/lib/libsf2d.a(sf2d_texture.o)
                0x001189e4                sf2d_create_rendertarget
 .text.sf2d_free_texture
                0x00118a78       0x20 /usr/local/devkitPro/libctru/lib/libsf2d.a(sf2d_texture.o)
                0x00118a78                sf2d_free_texture
 .text.sf2d_clear_target
                0x00118a98       0x14 /usr/local/devkitPro/libctru/lib/libsf2d.a(sf2d_texture.o)
                0x00118a98                sf2d_clear_target
 .text.sf2d_bind_texture
                0x00118aac       0x54 /usr/local/devkitPro/libctru/lib/libsf2d.a(sf2d_texture.o)
                0x00118aac                sf2d_bind_texture
 .text.sf2d_draw_texture
                0x00118b00      0x160 /usr/local/devkitPro/libctru/lib/libsf2d.a(sf2d_texture.o)
                0x00118b00                sf2d_draw_texture
 .text.sf2d_draw_texture_rotate
                0x00118c60      0x1d4 /usr/local/devkitPro/libctru/lib/libsf2d.a(sf2d_texture.o)
                0x00118c60                sf2d_draw_texture_rotate
 .text.sf2d_texture_tile32
                0x00118e34      0x110 /usr/local/devkitPro/libctru/lib/libsf2d.a(sf2d_texture.o)
                0x00118e34                sf2d_texture_tile32
 .text.C3D_UpdateUniforms
                0x00118f44      0x2b4 /usr/local/devkitPro/libctru/lib/libcitro3d.a(uniforms.o)
                0x00118f44                C3D_UpdateUniforms
 .text.C3Di_DirtyUniforms
                0x001191f8       0xc0 /usr/local/devkitPro/libctru/lib/libcitro3d.a(uniforms.o)
                0x001191f8                C3Di_DirtyUniforms
 .text.C3Di_LoadShaderUniforms
                0x001192b8       0xe8 /usr/local/devkitPro/libctru/lib/libcitro3d.a(uniforms.o)
                0x001192b8                C3Di_LoadShaderUniforms
 .text.C3Di_ClearShaderUniforms
                0x001193a0       0x28 /usr/local/devkitPro/libctru/lib/libcitro3d.a(uniforms.o)
                0x001193a0                C3Di_ClearShaderUniforms
 .text.AttrInfo_Init
                0x001193c8       0x28 /usr/local/devkitPro/libctru/lib/libcitro3d.a(attribs.o)
                0x001193c8                AttrInfo_Init
 .text.AttrInfo_AddLoader
                0x001193f0       0xac /usr/local/devkitPro/libctru/lib/libcitro3d.a(attribs.o)
                0x001193f0                AttrInfo_AddLoader
 .text.C3D_GetAttrInfo
                0x0011949c       0x24 /usr/local/devkitPro/libctru/lib/libcitro3d.a(attribs.o)
                0x0011949c                C3D_GetAttrInfo
 .text.C3Di_AttrInfoBind
                0x001194c0       0x80 /usr/local/devkitPro/libctru/lib/libcitro3d.a(attribs.o)
                0x001194c0                C3Di_AttrInfoBind
 .text.C3D_DepthMap
                0x00119540       0x3c /usr/local/devkitPro/libctru/lib/libcitro3d.a(effect.o)
                0x00119540                C3D_DepthMap
 .text.C3D_CullFace
                0x0011957c       0x1c /usr/local/devkitPro/libctru/lib/libcitro3d.a(effect.o)
                0x0011957c                C3D_CullFace
 .text.C3D_StencilTest
                0x00119598       0x40 /usr/local/devkitPro/libctru/lib/libcitro3d.a(effect.o)
                0x00119598                C3D_StencilTest
 .text.C3D_StencilOp
                0x001195d8       0x24 /usr/local/devkitPro/libctru/lib/libcitro3d.a(effect.o)
                0x001195d8                C3D_StencilOp
 .text.C3D_BlendingColor
                0x001195fc       0x1c /usr/local/devkitPro/libctru/lib/libcitro3d.a(effect.o)
                0x001195fc                C3D_BlendingColor
 .text.C3D_DepthTest
                0x00119618       0x2c /usr/local/devkitPro/libctru/lib/libcitro3d.a(effect.o)
                0x00119618                C3D_DepthTest
 .text.C3D_AlphaTest
                0x00119644       0x2c /usr/local/devkitPro/libctru/lib/libcitro3d.a(effect.o)
                0x00119644                C3D_AlphaTest
 .text.C3D_AlphaBlend
                0x00119670       0x50 /usr/local/devkitPro/libctru/lib/libcitro3d.a(effect.o)
                0x00119670                C3D_AlphaBlend
 .text.C3D_FragOpMode
                0x001196c0       0x30 /usr/local/devkitPro/libctru/lib/libcitro3d.a(effect.o)
                0x001196c0                C3D_FragOpMode
 .text.C3Di_EffectBind
                0x001196f0      0x11c /usr/local/devkitPro/libctru/lib/libcitro3d.a(effect.o)
                0x001196f0                C3Di_EffectBind
 .text.C3D_DrawArrays
                0x0011980c      0x148 /usr/local/devkitPro/libctru/lib/libcitro3d.a(drawArrays.o)
                0x0011980c                C3D_DrawArrays
 .text.BufInfo_Init
                0x00119954       0x20 /usr/local/devkitPro/libctru/lib/libcitro3d.a(buffers.o)
                0x00119954                BufInfo_Init
 .text.BufInfo_Add
                0x00119974       0x84 /usr/local/devkitPro/libctru/lib/libcitro3d.a(buffers.o)
                0x00119974                BufInfo_Add
 .text.C3D_GetBufInfo
                0x001199f8       0x24 /usr/local/devkitPro/libctru/lib/libcitro3d.a(buffers.o)
                0x001199f8                C3D_GetBufInfo
 .text.C3Di_BufInfoBind
                0x00119a1c       0x48 /usr/local/devkitPro/libctru/lib/libcitro3d.a(buffers.o)
                0x00119a1c                C3Di_BufInfoBind
 .text.TexEnv_Init
                0x00119a64       0x34 /usr/local/devkitPro/libctru/lib/libcitro3d.a(texenv.o)
                0x00119a64                TexEnv_Init
 .text.C3D_GetTexEnv
                0x00119a98       0x34 /usr/local/devkitPro/libctru/lib/libcitro3d.a(texenv.o)
                0x00119a98                C3D_GetTexEnv
 .text.C3Di_TexEnvBind
                0x00119acc       0x24 /usr/local/devkitPro/libctru/lib/libcitro3d.a(texenv.o)
                0x00119acc                C3Di_TexEnvBind
 .text.C3D_TexInit
                0x00119af0       0xb8 /usr/local/devkitPro/libctru/lib/libcitro3d.a(texture.o)
                0x00119af0                C3D_TexInit
 .text.C3D_TexInitVRAM
                0x00119ba8       0xb8 /usr/local/devkitPro/libctru/lib/libcitro3d.a(texture.o)
                0x00119ba8                C3D_TexInitVRAM
 .text.C3D_TexSetWrap
                0x00119c60       0x28 /usr/local/devkitPro/libctru/lib/libcitro3d.a(texture.o)
                0x00119c60                C3D_TexSetWrap
 .text.C3D_TexBind
                0x00119c88       0x34 /usr/local/devkitPro/libctru/lib/libcitro3d.a(texture.o)
                0x00119c88                C3D_TexBind
 .text.C3D_TexDelete
                0x00119cbc       0x3c /usr/local/devkitPro/libctru/lib/libcitro3d.a(texture.o)
                0x00119cbc                C3D_TexDelete
 .text.C3Di_RenderQueueWaitDone
                0x00119cf8       0x3c /usr/local/devkitPro/libctru/lib/libcitro3d.a(renderqueue.o)
 .text.performTransfer.part.0
                0x00119d34       0x78 /usr/local/devkitPro/libctru/lib/libcitro3d.a(renderqueue.o)
 .text.transferTarget
                0x00119dac       0x50 /usr/local/devkitPro/libctru/lib/libcitro3d.a(renderqueue.o)
 .text.onVBlank1
                0x00119dfc       0x24 /usr/local/devkitPro/libctru/lib/libcitro3d.a(renderqueue.o)
 .text.onVBlank0
                0x00119e20       0x8c /usr/local/devkitPro/libctru/lib/libcitro3d.a(renderqueue.o)
 .text.performClear.part.2
                0x00119eac       0x3c /usr/local/devkitPro/libctru/lib/libcitro3d.a(renderqueue.o)
 .text.clearTarget
                0x00119ee8       0x4c /usr/local/devkitPro/libctru/lib/libcitro3d.a(renderqueue.o)
 .text.updateFrameQueue.part.4
                0x00119f34       0xc0 /usr/local/devkitPro/libctru/lib/libcitro3d.a(renderqueue.o)
 .text.onRenderFinish
                0x00119ff4       0xe0 /usr/local/devkitPro/libctru/lib/libcitro3d.a(renderqueue.o)
 .text.onTransferFinish
                0x0011a0d4       0xbc /usr/local/devkitPro/libctru/lib/libcitro3d.a(renderqueue.o)
 .text.checkRenderQueueInit.part.7
                0x0011a190       0x5c /usr/local/devkitPro/libctru/lib/libcitro3d.a(renderqueue.o)
 .text.onClearDone
                0x0011a1ec       0x70 /usr/local/devkitPro/libctru/lib/libcitro3d.a(renderqueue.o)
 .text.C3D_FrameBegin
                0x0011a25c       0x6c /usr/local/devkitPro/libctru/lib/libcitro3d.a(renderqueue.o)
                0x0011a25c                C3D_FrameBegin
 .text.C3D_FrameDrawOn
                0x0011a2c8       0x78 /usr/local/devkitPro/libctru/lib/libcitro3d.a(renderqueue.o)
                0x0011a2c8                C3D_FrameDrawOn
 .text.C3D_FrameEnd
                0x0011a340       0xcc /usr/local/devkitPro/libctru/lib/libcitro3d.a(renderqueue.o)
                0x0011a340                C3D_FrameEnd
 .text.C3D_RenderTargetCreate
                0x0011a40c       0xe0 /usr/local/devkitPro/libctru/lib/libcitro3d.a(renderqueue.o)
                0x0011a40c                C3D_RenderTargetCreate
 .text.C3D_RenderTargetDelete
                0x0011a4ec       0x7c /usr/local/devkitPro/libctru/lib/libcitro3d.a(renderqueue.o)
                0x0011a4ec                C3D_RenderTargetDelete
 .text.C3Di_RenderQueueExit
                0x0011a568       0x84 /usr/local/devkitPro/libctru/lib/libcitro3d.a(renderqueue.o)
 .text.C3D_RenderTargetSetClear
                0x0011a5ec       0x50 /usr/local/devkitPro/libctru/lib/libcitro3d.a(renderqueue.o)
                0x0011a5ec                C3D_RenderTargetSetClear
 .text.C3D_RenderTargetSetOutput
                0x0011a63c       0x58 /usr/local/devkitPro/libctru/lib/libcitro3d.a(renderqueue.o)
                0x0011a63c                C3D_RenderTargetSetOutput
 .text.C3Di_AptEventHook
                0x0011a694       0x88 /usr/local/devkitPro/libctru/lib/libcitro3d.a(base.o)
 .text.C3D_Init
                0x0011a71c      0x174 /usr/local/devkitPro/libctru/lib/libcitro3d.a(base.o)
                0x0011a71c                C3D_Init
 .text.C3D_SetViewport
                0x0011a890       0x98 /usr/local/devkitPro/libctru/lib/libcitro3d.a(base.o)
                0x0011a890                C3D_SetViewport
 .text.C3Di_UpdateContext
                0x0011a928      0x584 /usr/local/devkitPro/libctru/lib/libcitro3d.a(base.o)
                0x0011a928                C3Di_UpdateContext
 .text.C3Di_FinalizeFrame
                0x0011aeac       0xe0 /usr/local/devkitPro/libctru/lib/libcitro3d.a(base.o)
                0x0011aeac                C3Di_FinalizeFrame
 .text.C3D_Fini
                0x0011af8c       0x48 /usr/local/devkitPro/libctru/lib/libcitro3d.a(base.o)
                0x0011af8c                C3D_Fini
 .text.C3D_BindProgram
                0x0011afd4       0xd4 /usr/local/devkitPro/libctru/lib/libcitro3d.a(base.o)
                0x0011afd4                C3D_BindProgram
 .text.Mtx_OrthoTilt
                0x0011b0a8       0xc8 /usr/local/devkitPro/libctru/lib/libcitro3d.a(mtx_orthotilt.o)
                0x0011b0a8                Mtx_OrthoTilt
 .text.C3D_RenderBufInit
                0x0011b170       0xa4 /usr/local/devkitPro/libctru/lib/libcitro3d.a(renderbuffer.o)
                0x0011b170                C3D_RenderBufInit
 .text.C3D_RenderBufClearAsync
                0x0011b214       0x80 /usr/local/devkitPro/libctru/lib/libcitro3d.a(renderbuffer.o)
                0x0011b214                C3D_RenderBufClearAsync
 .text.C3D_RenderBufTransferAsync
                0x0011b294       0x28 /usr/local/devkitPro/libctru/lib/libcitro3d.a(renderbuffer.o)
                0x0011b294                C3D_RenderBufTransferAsync
 .text.C3D_RenderBufBind
                0x0011b2bc       0x38 /usr/local/devkitPro/libctru/lib/libcitro3d.a(renderbuffer.o)
                0x0011b2bc                C3D_RenderBufBind
 .text.C3Di_RenderBufBind
                0x0011b2f4      0x170 /usr/local/devkitPro/libctru/lib/libcitro3d.a(renderbuffer.o)
                0x0011b2f4                C3Di_RenderBufBind
 .text.C3D_RenderBufDelete
                0x0011b464       0x18 /usr/local/devkitPro/libctru/lib/libcitro3d.a(renderbuffer.o)
                0x0011b464                C3D_RenderBufDelete
 .text.C3D_ImmSendAttrib
                0x0011b47c       0xb4 /usr/local/devkitPro/libctru/lib/libcitro3d.a(immediate.o)
                0x0011b47c                C3D_ImmSendAttrib
 .text._ZL21addrMapNodeComparatorPK11rbtree_nodeS1_
                0x0011b530       0x24 /usr/local/devkitPro/libctru/lib/libctru.a(linear.o)
 .text._ZL21addrMapNodeDestructorP11rbtree_node
                0x0011b554        0x4 /usr/local/devkitPro/libctru/lib/libctru.a(linear.o)
 .text.linearMemAlign
                0x0011b558      0x13c /usr/local/devkitPro/libctru/lib/libctru.a(linear.o)
                0x0011b558                linearMemAlign
 .text.linearAlloc
                0x0011b694        0x8 /usr/local/devkitPro/libctru/lib/libctru.a(linear.o)
                0x0011b694                linearAlloc
 .text.linearFree
                0x0011b69c       0x50 /usr/local/devkitPro/libctru/lib/libctru.a(linear.o)
                0x0011b69c                linearFree
 .text._ZL21addrMapNodeComparatorPK11rbtree_nodeS1_
                0x0011b6ec       0x24 /usr/local/devkitPro/libctru/lib/libctru.a(vram.o)
 .text._ZL21addrMapNodeDestructorP11rbtree_node
                0x0011b710        0x4 /usr/local/devkitPro/libctru/lib/libctru.a(vram.o)
 .text.vramMemAlign
                0x0011b714      0x12c /usr/local/devkitPro/libctru/lib/libctru.a(vram.o)
                0x0011b714                vramMemAlign
 .text.vramAlloc
                0x0011b840        0x8 /usr/local/devkitPro/libctru/lib/libctru.a(vram.o)
                0x0011b840                vramAlloc
 .text.vramFree
                0x0011b848       0x50 /usr/local/devkitPro/libctru/lib/libctru.a(vram.o)
                0x0011b848                vramFree
 .text.gfxSetFramebufferInfo.part.0
                0x0011b898       0x8c /usr/local/devkitPro/libctru/lib/libctru.a(gfx.o)
 .text.gfxSet3D
                0x0011b924       0x10 /usr/local/devkitPro/libctru/lib/libctru.a(gfx.o)
                0x0011b924                gfxSet3D
 .text.gfxIs3D  0x0011b934       0x10 /usr/local/devkitPro/libctru/lib/libctru.a(gfx.o)
                0x0011b934                gfxIs3D
 .text.__get_bytes_per_pixel
                0x0011b944       0x18 /usr/local/devkitPro/libctru/lib/libctru.a(gfx.o)
                0x0011b944                __get_bytes_per_pixel
 .text.gfxSetScreenFormat
                0x0011b95c      0x174 /usr/local/devkitPro/libctru/lib/libctru.a(gfx.o)
                0x0011b95c                gfxSetScreenFormat
 .text.gfxSetFramebufferInfo
                0x0011bad0       0x70 /usr/local/devkitPro/libctru/lib/libctru.a(gfx.o)
                0x0011bad0                gfxSetFramebufferInfo
 .text.gfxWriteFramebufferInfo
                0x0011bb40       0x88 /usr/local/devkitPro/libctru/lib/libctru.a(gfx.o)
                0x0011bb40                gfxWriteFramebufferInfo
 .text.gfxInit  0x0011bbc8      0x1fc /usr/local/devkitPro/libctru/lib/libctru.a(gfx.o)
                0x0011bbc8                gfxInit
 .text.gfxInitDefault
                0x0011bdc4       0x10 /usr/local/devkitPro/libctru/lib/libctru.a(gfx.o)
                0x0011bdc4                gfxInitDefault
 .text.gfxExit  0x0011bdd4       0xe0 /usr/local/devkitPro/libctru/lib/libctru.a(gfx.o)
                0x0011bdd4                gfxExit
 .text.gfxGetFramebuffer
                0x0011beb4       0xb0 /usr/local/devkitPro/libctru/lib/libctru.a(gfx.o)
                0x0011beb4                gfxGetFramebuffer
 .text.gfxConfigScreen
                0x0011bf64       0x70 /usr/local/devkitPro/libctru/lib/libctru.a(gfx.o)
                0x0011bf64                gfxConfigScreen
 .text.getSysTime
                0x0011bfd4       0x58 /usr/local/devkitPro/libctru/lib/libctru.a(os.o)
 .text.osConvertVirtToPhys
                0x0011c02c       0x4c /usr/local/devkitPro/libctru/lib/libctru.a(os.o)
                0x0011c02c                osConvertVirtToPhys
 .text.osGetMemRegionUsed
                0x0011c078       0x24 /usr/local/devkitPro/libctru/lib/libctru.a(os.o)
                0x0011c078                osGetMemRegionUsed
 *fill*         0x0011c09c        0x4 
 .text.__libctru_gtod
                0x0011c0a0       0xf4 /usr/local/devkitPro/libctru/lib/libctru.a(os.o)
                0x0011c0a0                __libctru_gtod
 *fill*         0x0011c194        0x4 
 .text.osGetTime
                0x0011c198       0x78 /usr/local/devkitPro/libctru/lib/libctru.a(os.o)
                0x0011c198                osGetTime
 .text.__ctru_speedup_config
                0x0011c210       0x34 /usr/local/devkitPro/libctru/lib/libctru.a(os.o)
                0x0011c210                __ctru_speedup_config
 .text.GPUCMD_SetBuffer
                0x0011c244       0x2c /usr/local/devkitPro/libctru/lib/libctru.a(gpu.o)
                0x0011c244                GPUCMD_SetBuffer
 .text.GPUCMD_GetBuffer
                0x0011c270       0x40 /usr/local/devkitPro/libctru/lib/libctru.a(gpu.o)
                0x0011c270                GPUCMD_GetBuffer
 .text.GPUCMD_Add
                0x0011c2b0      0x108 /usr/local/devkitPro/libctru/lib/libctru.a(gpu.o)
                0x0011c2b0                GPUCMD_Add
 .text.GPUCMD_Finalize
                0x0011c3b8       0x98 /usr/local/devkitPro/libctru/lib/libctru.a(gpu.o)
                0x0011c3b8                GPUCMD_Finalize
 .text.f32tof24
                0x0011c450       0x44 /usr/local/devkitPro/libctru/lib/libctru.a(gpu.o)
                0x0011c450                f32tof24
 .text.f32tof31
                0x0011c494       0x40 /usr/local/devkitPro/libctru/lib/libctru.a(gpu.o)
                0x0011c494                f32tof31
 .text.GX_ProcessCommandList
                0x0011c4d4       0x54 /usr/local/devkitPro/libctru/lib/libctru.a(gx.o)
                0x0011c4d4                GX_ProcessCommandList
 .text.GX_MemoryFill
                0x0011c528       0x60 /usr/local/devkitPro/libctru/lib/libctru.a(gx.o)
                0x0011c528                GX_MemoryFill
 .text.GX_DisplayTransfer
                0x0011c588       0x50 /usr/local/devkitPro/libctru/lib/libctru.a(gx.o)
                0x0011c588                GX_DisplayTransfer
 .text.GX_FlushCacheRegions
                0x0011c5d8       0x54 /usr/local/devkitPro/libctru/lib/libctru.a(gx.o)
                0x0011c5d8                GX_FlushCacheRegions
 .text.DVLB_Free
                0x0011c62c       0x38 /usr/local/devkitPro/libctru/lib/libctru.a(shbin.o)
                0x0011c62c                DVLB_Free
 .text.DVLE_GetUniformRegister
                0x0011c664       0x78 /usr/local/devkitPro/libctru/lib/libctru.a(shbin.o)
                0x0011c664                DVLE_GetUniformRegister
 .text.DVLE_GenerateOutmap
                0x0011c6dc      0x1ec /usr/local/devkitPro/libctru/lib/libctru.a(shbin.o)
                0x0011c6dc                DVLE_GenerateOutmap
 .text.DVLB_ParseFile
                0x0011c8c8      0x1c0 /usr/local/devkitPro/libctru/lib/libctru.a(shbin.o)
                0x0011c8c8                DVLB_ParseFile
 .text.shaderInstanceInit
                0x0011ca88      0x1f4 /usr/local/devkitPro/libctru/lib/libctru.a(shaderProgram.o)
                0x0011ca88                shaderInstanceInit
 .text.shaderInstanceFree
                0x0011cc7c       0x34 /usr/local/devkitPro/libctru/lib/libctru.a(shaderProgram.o)
                0x0011cc7c                shaderInstanceFree
 .text.shaderInstanceGetUniformLocation
                0x0011ccb0       0x18 /usr/local/devkitPro/libctru/lib/libctru.a(shaderProgram.o)
                0x0011ccb0                shaderInstanceGetUniformLocation
 .text.shaderProgramInit
                0x0011ccc8       0x18 /usr/local/devkitPro/libctru/lib/libctru.a(shaderProgram.o)
                0x0011ccc8                shaderProgramInit
 .text.shaderProgramFree
                0x0011cce0       0x2c /usr/local/devkitPro/libctru/lib/libctru.a(shaderProgram.o)
                0x0011cce0                shaderProgramFree
 .text.shaderProgramSetVsh
                0x0011cd0c       0x6c /usr/local/devkitPro/libctru/lib/libctru.a(shaderProgram.o)
                0x0011cd0c                shaderProgramSetVsh
 .text.shaderProgramConfigure
                0x0011cd78      0x894 /usr/local/devkitPro/libctru/lib/libctru.a(shaderProgram.o)
                0x0011cd78                shaderProgramConfigure
 .text.ptmSysmInit
                0x0011d60c       0x70 /usr/local/devkitPro/libctru/lib/libctru.a(ptmsysm.o)
                0x0011d60c                ptmSysmInit
 .text.ptmSysmExit
                0x0011d67c       0x34 /usr/local/devkitPro/libctru/lib/libctru.a(ptmsysm.o)
                0x0011d67c                ptmSysmExit
 .text.PTMSYSM_ConfigureNew3DSCPU
                0x0011d6b0       0x34 /usr/local/devkitPro/libctru/lib/libctru.a(ptmsysm.o)
                0x0011d6b0                PTMSYSM_ConfigureNew3DSCPU
 .text.hidExit  0x0011d6e4       0xd0 /usr/local/devkitPro/libctru/lib/libctru.a(hid.o)
                0x0011d6e4                hidExit
 .text.hidScanInput
                0x0011d7b4      0x234 /usr/local/devkitPro/libctru/lib/libctru.a(hid.o)
                0x0011d7b4                hidScanInput
 .text.hidKeysHeld
                0x0011d9e8       0x10 /usr/local/devkitPro/libctru/lib/libctru.a(hid.o)
                0x0011d9e8                hidKeysHeld
 .text.hidKeysDown
                0x0011d9f8       0x10 /usr/local/devkitPro/libctru/lib/libctru.a(hid.o)
                0x0011d9f8                hidKeysDown
 .text.hidKeysUp
                0x0011da08       0x10 /usr/local/devkitPro/libctru/lib/libctru.a(hid.o)
                0x0011da08                hidKeysUp
 .text.HIDUSER_GetHandles
                0x0011da18       0x90 /usr/local/devkitPro/libctru/lib/libctru.a(hid.o)
                0x0011da18                HIDUSER_GetHandles
 .text.hidInit  0x0011daa8      0x18c /usr/local/devkitPro/libctru/lib/libctru.a(hid.o)
                0x0011daa8                hidInit
 .text._aptDebug
                0x0011dc34        0x4 /usr/local/devkitPro/libctru/lib/libctru.a(apt.o)
                0x0011dc34                _aptDebug
 .text.aptSendCommand
                0x0011dc38      0x130 /usr/local/devkitPro/libctru/lib/libctru.a(apt.o)
                0x0011dc38                aptSendCommand
 .text.aptExitProcess
                0x0011dd68       0x3c /usr/local/devkitPro/libctru/lib/libctru.a(apt.o)
 .text.aptHook  0x0011dda4       0x38 /usr/local/devkitPro/libctru/lib/libctru.a(apt.o)
                0x0011dda4                aptHook
 .text.aptUnhook
                0x0011dddc       0x2c /usr/local/devkitPro/libctru/lib/libctru.a(apt.o)
                0x0011dddc                aptUnhook
 .text.APT_InquireNotification
                0x0011de08       0x4c /usr/local/devkitPro/libctru/lib/libctru.a(apt.o)
                0x0011de08                APT_InquireNotification
 .text.aptEventHandler
                0x0011de54      0x19c /usr/local/devkitPro/libctru/lib/libctru.a(apt.o)
 .text.APT_AppletUtility
                0x0011dff0       0x74 /usr/local/devkitPro/libctru/lib/libctru.a(apt.o)
                0x0011dff0                APT_AppletUtility
 .text.aptSetSleepAllowed
                0x0011e064       0xb4 /usr/local/devkitPro/libctru/lib/libctru.a(apt.o)
                0x0011e064                aptSetSleepAllowed
 .text.APT_GlanceParameter
                0x0011e118       0xb4 /usr/local/devkitPro/libctru/lib/libctru.a(apt.o)
                0x0011e118                APT_GlanceParameter
 .text.APT_ReceiveParameter
                0x0011e1cc       0xc0 /usr/local/devkitPro/libctru/lib/libctru.a(apt.o)
                0x0011e1cc                APT_ReceiveParameter
 .text.aptReceiveParameter.constprop.1
                0x0011e28c       0xa8 /usr/local/devkitPro/libctru/lib/libctru.a(apt.o)
 *fill*         0x0011e334        0x4 
 .text.aptScreenTransfer
                0x0011e338      0x1ec /usr/local/devkitPro/libctru/lib/libctru.a(apt.o)
 .text.aptWaitForWakeUp
                0x0011e524      0x228 /usr/local/devkitPro/libctru/lib/libctru.a(apt.o)
 .text.APT_CancelParameter
                0x0011e74c       0x70 /usr/local/devkitPro/libctru/lib/libctru.a(apt.o)
                0x0011e74c                APT_CancelParameter
 .text.aptInit  0x0011e7bc      0x230 /usr/local/devkitPro/libctru/lib/libctru.a(apt.o)
                0x0011e7bc                aptInit
 .text.aptClearParamQueue
                0x0011e9ec       0x8c /usr/local/devkitPro/libctru/lib/libctru.a(apt.o)
 .text.aptMainLoop
                0x0011ea78      0x214 /usr/local/devkitPro/libctru/lib/libctru.a(apt.o)
                0x0011ea78                aptMainLoop
 .text.aptExit  0x0011ec8c      0x148 /usr/local/devkitPro/libctru/lib/libctru.a(apt.o)
                0x0011ec8c                aptExit
 .text.APT_CheckNew3DS
                0x0011edd4       0x70 /usr/local/devkitPro/libctru/lib/libctru.a(apt.o)
                0x0011edd4                APT_CheckNew3DS
 .text.gspEventThreadMain
                0x0011ee44      0x160 /usr/local/devkitPro/libctru/lib/libctru.a(gspgpu.o)
 .text.gspInit  0x0011efa4       0x74 /usr/local/devkitPro/libctru/lib/libctru.a(gspgpu.o)
                0x0011efa4                gspInit
 .text.gspExit  0x0011f018       0x3c /usr/local/devkitPro/libctru/lib/libctru.a(gspgpu.o)
                0x0011f018                gspExit
 .text.gspSetEventCallback
                0x0011f054       0x2c /usr/local/devkitPro/libctru/lib/libctru.a(gspgpu.o)
                0x0011f054                gspSetEventCallback
 .text.gspInitEventHandler
                0x0011f080       0x88 /usr/local/devkitPro/libctru/lib/libctru.a(gspgpu.o)
                0x0011f080                gspInitEventHandler
 .text.gspExitEventHandler
                0x0011f108       0x30 /usr/local/devkitPro/libctru/lib/libctru.a(gspgpu.o)
                0x0011f108                gspExitEventHandler
 .text.gspWaitForEvent
                0x0011f138       0x44 /usr/local/devkitPro/libctru/lib/libctru.a(gspgpu.o)
                0x0011f138                gspWaitForEvent
 .text.gspWaitForAnyEvent
                0x0011f17c       0x6c /usr/local/devkitPro/libctru/lib/libctru.a(gspgpu.o)
                0x0011f17c                gspWaitForAnyEvent
 .text.gspSubmitGxCommand
                0x0011f1e8      0x124 /usr/local/devkitPro/libctru/lib/libctru.a(gspgpu.o)
                0x0011f1e8                gspSubmitGxCommand
 .text.GSPGPU_SetBufferSwap
                0x0011f30c       0x6c /usr/local/devkitPro/libctru/lib/libctru.a(gspgpu.o)
                0x0011f30c                GSPGPU_SetBufferSwap
 .text.GSPGPU_SetLcdForceBlack
                0x0011f378       0x34 /usr/local/devkitPro/libctru/lib/libctru.a(gspgpu.o)
                0x0011f378                GSPGPU_SetLcdForceBlack
 .text.GSPGPU_RegisterInterruptRelayQueue
                0x0011f3ac       0x64 /usr/local/devkitPro/libctru/lib/libctru.a(gspgpu.o)
                0x0011f3ac                GSPGPU_RegisterInterruptRelayQueue
 .text.GSPGPU_UnregisterInterruptRelayQueue
                0x0011f410       0x2c /usr/local/devkitPro/libctru/lib/libctru.a(gspgpu.o)
                0x0011f410                GSPGPU_UnregisterInterruptRelayQueue
 .text.GSPGPU_AcquireRight
                0x0011f43c       0x48 /usr/local/devkitPro/libctru/lib/libctru.a(gspgpu.o)
                0x0011f43c                GSPGPU_AcquireRight
 .text.GSPGPU_ReleaseRight
                0x0011f484       0x2c /usr/local/devkitPro/libctru/lib/libctru.a(gspgpu.o)
                0x0011f484                GSPGPU_ReleaseRight
 .text.GSPGPU_ImportDisplayCaptureInfo
                0x0011f4b0       0x80 /usr/local/devkitPro/libctru/lib/libctru.a(gspgpu.o)
                0x0011f4b0                GSPGPU_ImportDisplayCaptureInfo
 .text.GSPGPU_SaveVramSysArea
                0x0011f530       0x2c /usr/local/devkitPro/libctru/lib/libctru.a(gspgpu.o)
                0x0011f530                GSPGPU_SaveVramSysArea
 .text.GSPGPU_RestoreVramSysArea
                0x0011f55c       0x2c /usr/local/devkitPro/libctru/lib/libctru.a(gspgpu.o)
                0x0011f55c                GSPGPU_RestoreVramSysArea
 .text.irrstScanInput
                0x0011f588       0xb0 /usr/local/devkitPro/libctru/lib/libctru.a(irrst.o)
                0x0011f588                irrstScanInput
 .text.irrstKeysHeld
                0x0011f638       0x1c /usr/local/devkitPro/libctru/lib/libctru.a(irrst.o)
                0x0011f638                irrstKeysHeld
 .text.IRRST_GetHandles
                0x0011f654       0x50 /usr/local/devkitPro/libctru/lib/libctru.a(irrst.o)
                0x0011f654                IRRST_GetHandles
 .text.irrstInit
                0x0011f6a4      0x150 /usr/local/devkitPro/libctru/lib/libctru.a(irrst.o)
                0x0011f6a4                irrstInit
 .text.IRRST_Shutdown
                0x0011f7f4       0x2c /usr/local/devkitPro/libctru/lib/libctru.a(irrst.o)
                0x0011f7f4                IRRST_Shutdown
 .text.irrstExit
                0x0011f820       0xac /usr/local/devkitPro/libctru/lib/libctru.a(irrst.o)
                0x0011f820                irrstExit
 .text.rbtree_find
                0x0011f8cc       0x70 /usr/local/devkitPro/libctru/lib/libctru.a(rbtree_find.o)
                0x0011f8cc                rbtree_find
 .text.rbtree_remove
                0x0011f93c      0x324 /usr/local/devkitPro/libctru/lib/libctru.a(rbtree_remove.o)
                0x0011f93c                rbtree_remove
 .text.rbtree_node_next
                0x0011fc60       0x74 /usr/local/devkitPro/libctru/lib/libctru.a(rbtree_iterator.o)
                0x0011fc60                rbtree_node_next
 .text.rbtree_rotate
                0x0011fcd4       0x94 /usr/local/devkitPro/libctru/lib/libctru.a(rbtree_rotate.o)
                0x0011fcd4                rbtree_rotate
 .text.do_insert
                0x0011fd68      0x18c /usr/local/devkitPro/libctru/lib/libctru.a(rbtree_insert.o)
 .text.rbtree_insert
                0x0011fef4        0x8 /usr/local/devkitPro/libctru/lib/libctru.a(rbtree_insert.o)
                0x0011fef4                rbtree_insert
 .text.rbtree_init
                0x0011fefc       0x14 /usr/local/devkitPro/libctru/lib/libctru.a(rbtree_init.o)
                0x0011fefc                rbtree_init
 .text.__system_initArgv
                0x0011ff10       0xe8 /usr/local/devkitPro/libctru/lib/libctru.a(initArgv.o)
                0x0011ff10                __system_initArgv
 .text.osGetMemRegionSize
                0x0011fff8       0x58 /usr/local/devkitPro/libctru/lib/libctru.a(allocateHeaps.o)
 .text.__system_allocateHeaps
                0x00120050      0x104 /usr/local/devkitPro/libctru/lib/libctru.a(allocateHeaps.o)
                0x00120050                __system_allocateHeaps
 .text.__libctru_init
                0x00120154       0x38 /usr/local/devkitPro/libctru/lib/libctru.a(initSystem.o)
                0x00120154                __libctru_init
 .text.svcControlMemory
                0x0012018c       0x20 /usr/local/devkitPro/libctru/lib/libctru.a(svc.o)
                0x0012018c                svcControlMemory
 .text.svcExitProcess
                0x001201ac        0x8 /usr/local/devkitPro/libctru/lib/libctru.a(svc.o)
                0x001201ac                svcExitProcess
 .text.svcCreateThread
                0x001201b4       0x20 /usr/local/devkitPro/libctru/lib/libctru.a(svc.o)
                0x001201b4                svcCreateThread
 .text.svcExitThread
                0x001201d4        0x8 /usr/local/devkitPro/libctru/lib/libctru.a(svc.o)
                0x001201d4                svcExitThread
 .text.svcSleepThread
                0x001201dc        0x8 /usr/local/devkitPro/libctru/lib/libctru.a(svc.o)
                0x001201dc                svcSleepThread
 .text.svcReleaseMutex
                0x001201e4        0x8 /usr/local/devkitPro/libctru/lib/libctru.a(svc.o)
                0x001201e4                svcReleaseMutex
 .text.svcCreateEvent
                0x001201ec       0x14 /usr/local/devkitPro/libctru/lib/libctru.a(svc.o)
                0x001201ec                svcCreateEvent
 .text.svcSignalEvent
                0x00120200        0x8 /usr/local/devkitPro/libctru/lib/libctru.a(svc.o)
                0x00120200                svcSignalEvent
 .text.svcClearEvent
                0x00120208        0x8 /usr/local/devkitPro/libctru/lib/libctru.a(svc.o)
                0x00120208                svcClearEvent
 .text.svcMapMemoryBlock
                0x00120210        0x8 /usr/local/devkitPro/libctru/lib/libctru.a(svc.o)
                0x00120210                svcMapMemoryBlock
 .text.svcUnmapMemoryBlock
                0x00120218        0x8 /usr/local/devkitPro/libctru/lib/libctru.a(svc.o)
                0x00120218                svcUnmapMemoryBlock
 .text.svcCreateAddressArbiter
                0x00120220       0x14 /usr/local/devkitPro/libctru/lib/libctru.a(svc.o)
                0x00120220                svcCreateAddressArbiter
 .text.svcArbitrateAddress
                0x00120234       0x18 /usr/local/devkitPro/libctru/lib/libctru.a(svc.o)
                0x00120234                svcArbitrateAddress
 .text.svcCloseHandle
                0x0012024c        0x8 /usr/local/devkitPro/libctru/lib/libctru.a(svc.o)
                0x0012024c                svcCloseHandle
 .text.svcWaitSynchronization
                0x00120254        0x8 /usr/local/devkitPro/libctru/lib/libctru.a(svc.o)
                0x00120254                svcWaitSynchronization
 .text.svcWaitSynchronizationN
                0x0012025c       0x28 /usr/local/devkitPro/libctru/lib/libctru.a(svc.o)
                0x0012025c                svcWaitSynchronizationN
 .text.svcDuplicateHandle
                0x00120284       0x14 /usr/local/devkitPro/libctru/lib/libctru.a(svc.o)
                0x00120284                svcDuplicateHandle
 .text.svcGetSystemTick
                0x00120298        0x8 /usr/local/devkitPro/libctru/lib/libctru.a(svc.o)
                0x00120298                svcGetSystemTick
 .text.svcGetSystemInfo
                0x001202a0       0x18 /usr/local/devkitPro/libctru/lib/libctru.a(svc.o)
                0x001202a0                svcGetSystemInfo
 .text.svcConnectToPort
                0x001202b8       0x14 /usr/local/devkitPro/libctru/lib/libctru.a(svc.o)
                0x001202b8                svcConnectToPort
 .text.svcSendSyncRequest
                0x001202cc        0x8 /usr/local/devkitPro/libctru/lib/libctru.a(svc.o)
                0x001202cc                svcSendSyncRequest
 .text.svcBreak
                0x001202d4        0x8 /usr/local/devkitPro/libctru/lib/libctru.a(svc.o)
                0x001202d4                svcBreak
 .text._ZN7MemPool13CoalesceRightEP8MemBlock
                0x001202dc       0x98 /usr/local/devkitPro/libctru/lib/libctru.a(mem_pool.o)
                0x001202dc                MemPool::CoalesceRight(MemBlock*)
 .text._ZN7MemPool8AllocateER8MemChunkmi
                0x00120374      0x178 /usr/local/devkitPro/libctru/lib/libctru.a(mem_pool.o)
                0x00120374                MemPool::Allocate(MemChunk&, unsigned long, int)
 .text._ZN7MemPool10DeallocateERK8MemChunk
                0x001204ec      0x100 /usr/local/devkitPro/libctru/lib/libctru.a(mem_pool.o)
                0x001204ec                MemPool::Deallocate(MemChunk const&)
 .text._ZL21addrMapNodeComparatorPK11rbtree_nodeS1_
                0x001205ec       0x24 /usr/local/devkitPro/libctru/lib/libctru.a(mappable.o)
 .text._ZL21addrMapNodeDestructorP11rbtree_node
                0x00120610        0x4 /usr/local/devkitPro/libctru/lib/libctru.a(mappable.o)
 .text.mappableAlloc
                0x00120614       0xf4 /usr/local/devkitPro/libctru/lib/libctru.a(mappable.o)
                0x00120614                mappableAlloc
 .text.mappableFree
                0x00120708       0x50 /usr/local/devkitPro/libctru/lib/libctru.a(mappable.o)
                0x00120708                mappableFree
 .text.threadCreate
                0x00120758      0x1bc /usr/local/devkitPro/libctru/lib/libctru.a(thread.o)
                0x00120758                threadCreate
 .text.threadJoin
                0x00120914       0x24 /usr/local/devkitPro/libctru/lib/libctru.a(thread.o)
                0x00120914                threadJoin
 .text.threadExit
                0x00120938       0x70 /usr/local/devkitPro/libctru/lib/libctru.a(thread.o)
                0x00120938                threadExit
 .text._thread_begin
                0x001209a8       0x40 /usr/local/devkitPro/libctru/lib/libctru.a(thread.o)
 .text.srvExit  0x001209e8       0x50 /usr/local/devkitPro/libctru/lib/libctru.a(srv.o)
                0x001209e8                srvExit
 .text.srvRegisterClient
                0x00120a38       0x38 /usr/local/devkitPro/libctru/lib/libctru.a(srv.o)
                0x00120a38                srvRegisterClient
 .text.srvInit  0x00120a70       0x78 /usr/local/devkitPro/libctru/lib/libctru.a(srv.o)
                0x00120a70                srvInit
 .text.srvGetServiceHandleDirect
                0x00120ae8       0x68 /usr/local/devkitPro/libctru/lib/libctru.a(srv.o)
                0x00120ae8                srvGetServiceHandleDirect
 .text.srvGetServiceHandle
                0x00120b50       0x38 /usr/local/devkitPro/libctru/lib/libctru.a(srv.o)
                0x00120b50                srvGetServiceHandle
 .text.envGetHandle
                0x00120b88       0x84 /usr/local/devkitPro/libctru/lib/libctru.a(env.o)
                0x00120b88                envGetHandle
 .text.envDestroyHandles
                0x00120c0c       0x4c /usr/local/devkitPro/libctru/lib/libctru.a(env.o)
                0x00120c0c                envDestroyHandles
 .text.LightLock_Unlock.part.1
                0x00120c58       0x34 /usr/local/devkitPro/libctru/lib/libctru.a(synchronization.o)
 .text.__sync_init
                0x00120c8c        0xc /usr/local/devkitPro/libctru/lib/libctru.a(synchronization.o)
                0x00120c8c                __sync_init
 .text.__sync_fini
                0x00120c98       0x18 /usr/local/devkitPro/libctru/lib/libctru.a(synchronization.o)
                0x00120c98                __sync_fini
 .text.__sync_get_arbiter
                0x00120cb0       0x10 /usr/local/devkitPro/libctru/lib/libctru.a(synchronization.o)
                0x00120cb0                __sync_get_arbiter
 .text.LightLock_Init
                0x00120cc0       0x18 /usr/local/devkitPro/libctru/lib/libctru.a(synchronization.o)
                0x00120cc0                LightLock_Init
 .text.LightLock_Lock
                0x00120cd8       0xa0 /usr/local/devkitPro/libctru/lib/libctru.a(synchronization.o)
                0x00120cd8                LightLock_Lock
 .text.LightLock_TryLock
                0x00120d78       0x34 /usr/local/devkitPro/libctru/lib/libctru.a(synchronization.o)
                0x00120d78                LightLock_TryLock
 .text.LightLock_Unlock
                0x00120dac       0x20 /usr/local/devkitPro/libctru/lib/libctru.a(synchronization.o)
                0x00120dac                LightLock_Unlock
 .text.RecursiveLock_Init
                0x00120dcc       0x24 /usr/local/devkitPro/libctru/lib/libctru.a(synchronization.o)
                0x00120dcc                RecursiveLock_Init
 .text.RecursiveLock_Lock
                0x00120df0       0x30 /usr/local/devkitPro/libctru/lib/libctru.a(synchronization.o)
                0x00120df0                RecursiveLock_Lock
 .text.RecursiveLock_TryLock
                0x00120e20       0x58 /usr/local/devkitPro/libctru/lib/libctru.a(synchronization.o)
                0x00120e20                RecursiveLock_TryLock
 .text.RecursiveLock_Unlock
                0x00120e78       0x38 /usr/local/devkitPro/libctru/lib/libctru.a(synchronization.o)
                0x00120e78                RecursiveLock_Unlock
 .text.LightEvent_Init
                0x00120eb0       0x38 /usr/local/devkitPro/libctru/lib/libctru.a(synchronization.o)
                0x00120eb0                LightEvent_Init
 .text.LightEvent_Clear
                0x00120ee8       0x7c /usr/local/devkitPro/libctru/lib/libctru.a(synchronization.o)
                0x00120ee8                LightEvent_Clear
 .text.LightEvent_Signal
                0x00120f64       0xdc /usr/local/devkitPro/libctru/lib/libctru.a(synchronization.o)
                0x00120f64                LightEvent_Signal
 .text.LightEvent_Wait
                0x00121040       0xd0 /usr/local/devkitPro/libctru/lib/libctru.a(synchronization.o)
                0x00121040                LightEvent_Wait
 .text.__libctru_exit
                0x00121110       0xa4 /usr/local/devkitPro/libctru/lib/libctru.a(ctru_exit.o)
                0x00121110                __libctru_exit
 .text.__appExit
                0x001211b4       0x1c /usr/local/devkitPro/libctru/lib/libctru.a(appExit.o)
                0x001211b4                __appExit
 .text.__ctru_get_reent
                0x001211d0       0x30 /usr/local/devkitPro/libctru/lib/libctru.a(syscalls.o)
 .text.__system_initSyscalls
                0x00121200       0xe4 /usr/local/devkitPro/libctru/lib/libctru.a(syscalls.o)
                0x00121200                __system_initSyscalls
 .text.__appInit
                0x001212e4       0x1c /usr/local/devkitPro/libctru/lib/libctru.a(appInit.o)
                0x001212e4                __appInit
 .text.sdmc_link
                0x00121300       0x10 /usr/local/devkitPro/libctru/lib/libctru.a(sdmc_dev.o)
 .text.sdmc_dirreset
                0x00121310       0x10 /usr/local/devkitPro/libctru/lib/libctru.a(sdmc_dev.o)
 .text.sdmc_fchmod
                0x00121320       0x10 /usr/local/devkitPro/libctru/lib/libctru.a(sdmc_dev.o)
 .text.error_cmp
                0x00121330       0x24 /usr/local/devkitPro/libctru/lib/libctru.a(sdmc_dev.o)
 .text.sdmc_translate_error
                0x00121354       0x50 /usr/local/devkitPro/libctru/lib/libctru.a(sdmc_dev.o)
 .text.sdmc_fsync
                0x001213a4       0x34 /usr/local/devkitPro/libctru/lib/libctru.a(sdmc_dev.o)
 .text.sdmc_ftruncate
                0x001213d8       0x54 /usr/local/devkitPro/libctru/lib/libctru.a(sdmc_dev.o)
 .text.sdmc_statvfs
                0x0012142c       0xb8 /usr/local/devkitPro/libctru/lib/libctru.a(sdmc_dev.o)
 .text.sdmc_dirclose
                0x001214e4       0x38 /usr/local/devkitPro/libctru/lib/libctru.a(sdmc_dev.o)
 .text.sdmc_dirnext
                0x0012151c      0x138 /usr/local/devkitPro/libctru/lib/libctru.a(sdmc_dev.o)
 .text.sdmc_close
                0x00121654       0x34 /usr/local/devkitPro/libctru/lib/libctru.a(sdmc_dev.o)
 .text.sdmc_fstat
                0x00121688       0x74 /usr/local/devkitPro/libctru/lib/libctru.a(sdmc_dev.o)
 .text.sdmc_seek
                0x001216fc       0xd8 /usr/local/devkitPro/libctru/lib/libctru.a(sdmc_dev.o)
 .text.sdmc_read
                0x001217d4       0x84 /usr/local/devkitPro/libctru/lib/libctru.a(sdmc_dev.o)
 .text.sdmc_write
                0x00121858       0xb8 /usr/local/devkitPro/libctru/lib/libctru.a(sdmc_dev.o)
 .text.sdmc_utf16path
                0x00121910      0x1b4 /usr/local/devkitPro/libctru/lib/libctru.a(sdmc_dev.o)
 .text.sdmc_rmdir
                0x00121ac4       0x74 /usr/local/devkitPro/libctru/lib/libctru.a(sdmc_dev.o)
 .text.sdmc_diropen
                0x00121b38       0xa4 /usr/local/devkitPro/libctru/lib/libctru.a(sdmc_dev.o)
 .text.sdmc_chdir
                0x00121bdc       0xa0 /usr/local/devkitPro/libctru/lib/libctru.a(sdmc_dev.o)
 .text.sdmc_mkdir
                0x00121c7c       0x98 /usr/local/devkitPro/libctru/lib/libctru.a(sdmc_dev.o)
 .text.sdmc_rename
                0x00121d14      0x108 /usr/local/devkitPro/libctru/lib/libctru.a(sdmc_dev.o)
 .text.sdmc_unlink
                0x00121e1c       0x74 /usr/local/devkitPro/libctru/lib/libctru.a(sdmc_dev.o)
 .text.sdmc_stat
                0x00121e90      0x108 /usr/local/devkitPro/libctru/lib/libctru.a(sdmc_dev.o)
 .text.sdmc_open
                0x00121f98      0x188 /usr/local/devkitPro/libctru/lib/libctru.a(sdmc_dev.o)
 .text.sdmc_chmod
                0x00122120       0x10 /usr/local/devkitPro/libctru/lib/libctru.a(sdmc_dev.o)
 .text.sdmcInit
                0x00122130      0x15c /usr/local/devkitPro/libctru/lib/libctru.a(sdmc_dev.o)
                0x00122130                sdmcInit
 .text.sdmcExit
                0x0012228c       0x58 /usr/local/devkitPro/libctru/lib/libctru.a(sdmc_dev.o)
                0x0012228c                sdmcExit
 .text.fsSessionForArchive.part.0
                0x001222e4       0x28 /usr/local/devkitPro/libctru/lib/libctru.a(fs.o)
 .text.fsInit   0x0012230c       0xc8 /usr/local/devkitPro/libctru/lib/libctru.a(fs.o)
                0x0012230c                fsInit
 .text.fsExit   0x001223d4       0x38 /usr/local/devkitPro/libctru/lib/libctru.a(fs.o)
                0x001223d4                fsExit
 .text.fsExemptFromSession
                0x0012240c       0xa0 /usr/local/devkitPro/libctru/lib/libctru.a(fs.o)
                0x0012240c                fsExemptFromSession
 .text.fsUnexemptFromSession
                0x001224ac       0x54 /usr/local/devkitPro/libctru/lib/libctru.a(fs.o)
                0x001224ac                fsUnexemptFromSession
 .text.FSUSER_OpenFile
                0x00122500       0xbc /usr/local/devkitPro/libctru/lib/libctru.a(fs.o)
                0x00122500                FSUSER_OpenFile
 .text.FSUSER_DeleteFile
                0x001225bc       0xa4 /usr/local/devkitPro/libctru/lib/libctru.a(fs.o)
                0x001225bc                FSUSER_DeleteFile
 .text.FSUSER_RenameFile
                0x00122660       0xe0 /usr/local/devkitPro/libctru/lib/libctru.a(fs.o)
                0x00122660                FSUSER_RenameFile
 .text.FSUSER_DeleteDirectory
                0x00122740       0xa4 /usr/local/devkitPro/libctru/lib/libctru.a(fs.o)
                0x00122740                FSUSER_DeleteDirectory
 .text.FSUSER_CreateFile
                0x001227e4       0xbc /usr/local/devkitPro/libctru/lib/libctru.a(fs.o)
                0x001227e4                FSUSER_CreateFile
 .text.FSUSER_CreateDirectory
                0x001228a0       0xac /usr/local/devkitPro/libctru/lib/libctru.a(fs.o)
                0x001228a0                FSUSER_CreateDirectory
 .text.FSUSER_RenameDirectory
                0x0012294c       0xe0 /usr/local/devkitPro/libctru/lib/libctru.a(fs.o)
                0x0012294c                FSUSER_RenameDirectory
 .text.FSUSER_OpenDirectory
                0x00122a2c       0xa4 /usr/local/devkitPro/libctru/lib/libctru.a(fs.o)
                0x00122a2c                FSUSER_OpenDirectory
 .text.FSUSER_OpenArchive
                0x00122ad0       0x98 /usr/local/devkitPro/libctru/lib/libctru.a(fs.o)
                0x00122ad0                FSUSER_OpenArchive
 .text.FSUSER_CloseArchive
                0x00122b68       0x74 /usr/local/devkitPro/libctru/lib/libctru.a(fs.o)
                0x00122b68                FSUSER_CloseArchive
 .text.FSUSER_GetSdmcArchiveResource
                0x00122bdc       0x78 /usr/local/devkitPro/libctru/lib/libctru.a(fs.o)
                0x00122bdc                FSUSER_GetSdmcArchiveResource
 .text.FSUSER_IsSdmcWritable
                0x00122c54       0x64 /usr/local/devkitPro/libctru/lib/libctru.a(fs.o)
                0x00122c54                FSUSER_IsSdmcWritable
 .text.FSFILE_Read
                0x00122cb8       0x5c /usr/local/devkitPro/libctru/lib/libctru.a(fs.o)
                0x00122cb8                FSFILE_Read
 .text.FSFILE_Write
                0x00122d14       0x64 /usr/local/devkitPro/libctru/lib/libctru.a(fs.o)
                0x00122d14                FSFILE_Write
 .text.FSFILE_GetSize
                0x00122d78       0x3c /usr/local/devkitPro/libctru/lib/libctru.a(fs.o)
                0x00122d78                FSFILE_GetSize
 .text.FSFILE_SetSize
                0x00122db4       0x2c /usr/local/devkitPro/libctru/lib/libctru.a(fs.o)
                0x00122db4                FSFILE_SetSize
 .text.FSFILE_Close
                0x00122de0       0x3c /usr/local/devkitPro/libctru/lib/libctru.a(fs.o)
                0x00122de0                FSFILE_Close
 .text.FSFILE_Flush
                0x00122e1c       0x24 /usr/local/devkitPro/libctru/lib/libctru.a(fs.o)
                0x00122e1c                FSFILE_Flush
 .text.FSDIR_Read
                0x00122e40       0x54 /usr/local/devkitPro/libctru/lib/libctru.a(fs.o)
                0x00122e40                FSDIR_Read
 .text.FSDIR_Close
                0x00122e94       0x3c /usr/local/devkitPro/libctru/lib/libctru.a(fs.o)
                0x00122e94                FSDIR_Close
 .text.utf8_to_utf16
                0x00122ed0       0xc0 /usr/local/devkitPro/libctru/lib/libctru.a(utf8_to_utf16.o)
                0x00122ed0                utf8_to_utf16
 .text.decode_utf8
                0x00122f90      0x138 /usr/local/devkitPro/libctru/lib/libctru.a(decode_utf8.o)
                0x00122f90                decode_utf8
 .text.utf16_to_utf8
                0x001230c8       0xe8 /usr/local/devkitPro/libctru/lib/libctru.a(utf16_to_utf8.o)
                0x001230c8                utf16_to_utf8
 .text.encode_utf8
                0x001231b0      0x104 /usr/local/devkitPro/libctru/lib/libctru.a(encode_utf8.o)
                0x001231b0                encode_utf8
 .text.encode_utf16
                0x001232b4       0x68 /usr/local/devkitPro/libctru/lib/libctru.a(encode_utf16.o)
                0x001232b4                encode_utf16
 .text.__aeabi_read_tp
                0x0012331c        0xc /usr/local/devkitPro/libctru/lib/libctru.a(readtp.o)
                0x0012331c                __aeabi_read_tp
 .text.decode_utf16
                0x00123328       0x60 /usr/local/devkitPro/libctru/lib/libctru.a(decode_utf16.o)
                0x00123328                decode_utf16
 .text.floor    0x00123388      0x184 /opt/devkitpro/devkitARM/lib/gcc/arm-none-eabi/6.3.0/../../../../arm-none-eabi/lib/armv6k/fpu/libm.a(lib_a-s_floor.o)
                0x00123388                floor
 *fill*         0x0012350c        0x4 
 .text.frexp    0x00123510       0x9c /opt/devkitpro/devkitARM/lib/gcc/arm-none-eabi/6.3.0/../../../../arm-none-eabi/lib/armv6k/fpu/libm.a(lib_a-s_frexp.o)
                0x00123510                frexp
 .text.cosf     0x001235ac       0xc4 /opt/devkitpro/devkitARM/lib/gcc/arm-none-eabi/6.3.0/../../../../arm-none-eabi/lib/armv6k/fpu/libm.a(lib_a-sf_cos.o)
                0x001235ac                cosf
 .text.sinf     0x00123670       0xcc /opt/devkitpro/devkitARM/lib/gcc/arm-none-eabi/6.3.0/../../../../arm-none-eabi/lib/armv6k/fpu/libm.a(lib_a-sf_sin.o)
                0x00123670                sinf
 *fill*         0x0012373c        0x4 
 .text.pow      0x00123740      0x398 /opt/devkitpro/devkitARM/lib/gcc/arm-none-eabi/6.3.0/../../../../arm-none-eabi/lib/armv6k/fpu/libm.a(lib_a-w_pow.o)
                0x00123740                pow
 .text.__ieee754_pow
                0x00123ad8      0x8bc /opt/devkitpro/devkitARM/lib/gcc/arm-none-eabi/6.3.0/../../../../arm-none-eabi/lib/armv6k/fpu/libm.a(lib_a-e_pow.o)
                0x00123ad8                __ieee754_pow
 .text.__ieee754_sqrt
                0x00124394      0x214 /opt/devkitpro/devkitARM/lib/gcc/arm-none-eabi/6.3.0/../../../../arm-none-eabi/lib/armv6k/fpu/libm.a(lib_a-e_sqrt.o)
                0x00124394                __ieee754_sqrt
 .text.__ieee754_rem_pio2f
                0x001245a8      0x2e8 /opt/devkitpro/devkitARM/lib/gcc/arm-none-eabi/6.3.0/../../../../arm-none-eabi/lib/armv6k/fpu/libm.a(lib_a-ef_rem_pio2.o)
                0x001245a8                __ieee754_rem_pio2f
 .text.__kernel_cosf
                0x00124890      0x124 /opt/devkitpro/devkitARM/lib/gcc/arm-none-eabi/6.3.0/../../../../arm-none-eabi/lib/armv6k/fpu/libm.a(lib_a-kf_cos.o)
                0x00124890                __kernel_cosf
 .text.__kernel_rem_pio2f
                0x001249b4      0x898 /opt/devkitpro/devkitARM/lib/gcc/arm-none-eabi/6.3.0/../../../../arm-none-eabi/lib/armv6k/fpu/libm.a(lib_a-kf_rem_pio2.o)
                0x001249b4                __kernel_rem_pio2f
 .text.__kernel_sinf
                0x0012524c       0xa0 /opt/devkitpro/devkitARM/lib/gcc/arm-none-eabi/6.3.0/../../../../arm-none-eabi/lib/armv6k/fpu/libm.a(lib_a-kf_sin.o)
                0x0012524c                __kernel_sinf
 .text.fabs     0x001252ec       0x10 /opt/devkitpro/devkitARM/lib/gcc/arm-none-eabi/6.3.0/../../../../arm-none-eabi/lib/armv6k/fpu/libm.a(lib_a-s_fabs.o)
                0x001252ec                fabs
 .text.finite   0x001252fc       0x14 /opt/devkitpro/devkitARM/lib/gcc/arm-none-eabi/6.3.0/../../../../arm-none-eabi/lib/armv6k/fpu/libm.a(lib_a-s_finite.o)
                0x001252fc                finite
 .text.matherr  0x00125310        0x8 /opt/devkitpro/devkitARM/lib/gcc/arm-none-eabi/6.3.0/../../../../arm-none-eabi/lib/armv6k/fpu/libm.a(lib_a-s_matherr.o)
                0x00125310                matherr
 .text.nan      0x00125318       0x10 /opt/devkitpro/devkitARM/lib/gcc/arm-none-eabi/6.3.0/../../../../arm-none-eabi/lib/armv6k/fpu/libm.a(lib_a-s_nan.o)
                0x00125318                nan
 .text.rint     0x00125328      0x178 /opt/devkitpro/devkitARM/lib/gcc/arm-none-eabi/6.3.0/../../../../arm-none-eabi/lib/armv6k/fpu/libm.a(lib_a-s_rint.o)
                0x00125328                rint
 .text.scalbn   0x001254a0      0x170 /opt/devkitpro/devkitARM/lib/gcc/arm-none-eabi/6.3.0/../../../../arm-none-eabi/lib/armv6k/fpu/libm.a(lib_a-s_scalbn.o)
                0x001254a0                scalbn
 .text.fabsf    0x00125610       0x10 /opt/devkitpro/devkitARM/lib/gcc/arm-none-eabi/6.3.0/../../../../arm-none-eabi/lib/armv6k/fpu/libm.a(lib_a-sf_fabs.o)
                0x00125610                fabsf
 .text.floorf   0x00125620       0xbc /opt/devkitpro/devkitARM/lib/gcc/arm-none-eabi/6.3.0/../../../../arm-none-eabi/lib/armv6k/fpu/libm.a(lib_a-sf_floor.o)
                0x00125620                floorf
 .text.scalbnf  0x001256dc      0x114 /opt/devkitpro/devkitARM/lib/gcc/arm-none-eabi/6.3.0/../../../../arm-none-eabi/lib/armv6k/fpu/libm.a(lib_a-sf_scalbn.o)
                0x001256dc                scalbnf
 .text.copysign
                0x001257f0       0x1c /opt/devkitpro/devkitARM/lib/gcc/arm-none-eabi/6.3.0/../../../../arm-none-eabi/lib/armv6k/fpu/libm.a(lib_a-s_copysign.o)
                0x001257f0                copysign
 .text.copysignf
                0x0012580c       0x1c /opt/devkitpro/devkitARM/lib/gcc/arm-none-eabi/6.3.0/../../../../arm-none-eabi/lib/armv6k/fpu/libm.a(lib_a-sf_copysign.o)
                0x0012580c                copysignf
 .text.__udivmoddi4
                0x00125828      0x128 /opt/devkitpro/devkitARM/lib/gcc/arm-none-eabi/6.3.0/armv6k/fpu/libgcc.a(_udivmoddi4.o)
                0x00125828                __udivmoddi4
 .text.abort    0x00125950       0x14 /opt/devkitpro/devkitARM/lib/gcc/arm-none-eabi/6.3.0/../../../../arm-none-eabi/lib/armv6k/fpu/libg.a(lib_a-abort.o)
                0x00125950                abort
 .text.bsearch  0x00125964       0x74 /opt/devkitpro/devkitARM/lib/gcc/arm-none-eabi/6.3.0/../../../../arm-none-eabi/lib/armv6k/fpu/libg.a(lib_a-bsearch.o)
                0x00125964                bsearch
 .text.calloc   0x001259d8       0x20 /opt/devkitpro/devkitARM/lib/gcc/arm-none-eabi/6.3.0/../../../../arm-none-eabi/lib/armv6k/fpu/libg.a(lib_a-calloc.o)
                0x001259d8                calloc
 .text._calloc_r
                0x001259f8       0x90 /opt/devkitpro/devkitARM/lib/gcc/arm-none-eabi/6.3.0/../../../../arm-none-eabi/lib/armv6k/fpu/libg.a(lib_a-callocr.o)
                0x001259f8                _calloc_r
 .text.__errno  0x00125a88        0xc /opt/devkitpro/devkitARM/lib/gcc/arm-none-eabi/6.3.0/../../../../arm-none-eabi/lib/armv6k/fpu/libg.a(lib_a-errno.o)
                0x00125a88                __errno
 .text._fclose_r
                0x00125a94      0x154 /opt/devkitpro/devkitARM/lib/gcc/arm-none-eabi/6.3.0/../../../../arm-none-eabi/lib/armv6k/fpu/libg.a(lib_a-fclose.o)
                0x00125a94                _fclose_r
 .text.__sflush_r
                0x00125be8      0x254 /opt/devkitpro/devkitARM/lib/gcc/arm-none-eabi/6.3.0/../../../../arm-none-eabi/lib/armv6k/fpu/libg.a(lib_a-fflush.o)
                0x00125be8                __sflush_r
 .text._fflush_r
                0x00125e3c       0x94 /opt/devkitpro/devkitARM/lib/gcc/arm-none-eabi/6.3.0/../../../../arm-none-eabi/lib/armv6k/fpu/libg.a(lib_a-fflush.o)
                0x00125e3c                _fflush_r
 .text.fflush   0x00125ed0       0x38 /opt/devkitpro/devkitARM/lib/gcc/arm-none-eabi/6.3.0/../../../../arm-none-eabi/lib/armv6k/fpu/libg.a(lib_a-fflush.o)
                0x00125ed0                fflush
 .text._cleanup_r
                0x00125f08        0xc /opt/devkitpro/devkitARM/lib/gcc/arm-none-eabi/6.3.0/../../../../arm-none-eabi/lib/armv6k/fpu/libg.a(lib_a-findfp.o)
                0x00125f08                _cleanup_r
 .text.std.isra.0
                0x00125f14       0x80 /opt/devkitpro/devkitARM/lib/gcc/arm-none-eabi/6.3.0/../../../../arm-none-eabi/lib/armv6k/fpu/libg.a(lib_a-findfp.o)
 .text.__sinit  0x00125f94       0x8c /opt/devkitpro/devkitARM/lib/gcc/arm-none-eabi/6.3.0/../../../../arm-none-eabi/lib/armv6k/fpu/libg.a(lib_a-findfp.o)
                0x00125f94                __sinit
 .text.__sfp_lock_acquire
                0x00126020        0xc /opt/devkitpro/devkitARM/lib/gcc/arm-none-eabi/6.3.0/../../../../arm-none-eabi/lib/armv6k/fpu/libg.a(lib_a-findfp.o)
                0x00126020                __sfp_lock_acquire
 .text.__sfp_lock_release
                0x0012602c        0xc /opt/devkitpro/devkitARM/lib/gcc/arm-none-eabi/6.3.0/../../../../arm-none-eabi/lib/armv6k/fpu/libg.a(lib_a-findfp.o)
                0x0012602c                __sfp_lock_release
 .text.__libc_fini_array
                0x00126038       0x40 /opt/devkitpro/devkitARM/lib/gcc/arm-none-eabi/6.3.0/../../../../arm-none-eabi/lib/armv6k/fpu/libg.a(lib_a-fini.o)
                0x00126038                __libc_fini_array
 .text.fprintf  0x00126078       0x3c /opt/devkitpro/devkitARM/lib/gcc/arm-none-eabi/6.3.0/../../../../arm-none-eabi/lib/armv6k/fpu/libg.a(lib_a-fprintf.o)
                0x00126078                fprintf
 .text.fputc    0x001260b4       0x94 /opt/devkitpro/devkitARM/lib/gcc/arm-none-eabi/6.3.0/../../../../arm-none-eabi/lib/armv6k/fpu/libg.a(lib_a-fputc.o)
                0x001260b4                fputc
 .text._fread_r
                0x00126148      0x2d4 /opt/devkitpro/devkitARM/lib/gcc/arm-none-eabi/6.3.0/../../../../arm-none-eabi/lib/armv6k/fpu/libg.a(lib_a-fread.o)
                0x00126148                _fread_r
 .text.fread    0x0012641c       0x38 /opt/devkitpro/devkitARM/lib/gcc/arm-none-eabi/6.3.0/../../../../arm-none-eabi/lib/armv6k/fpu/libg.a(lib_a-fread.o)
                0x0012641c                fread
 .text._malloc_trim_r
                0x00126454       0xf8 /opt/devkitpro/devkitARM/lib/gcc/arm-none-eabi/6.3.0/../../../../arm-none-eabi/lib/armv6k/fpu/libg.a(lib_a-freer.o)
                0x00126454                _malloc_trim_r
 .text._free_r  0x0012654c      0x2e4 /opt/devkitpro/devkitARM/lib/gcc/arm-none-eabi/6.3.0/../../../../arm-none-eabi/lib/armv6k/fpu/libg.a(lib_a-freer.o)
                0x0012654c                _free_r
 .text._fwalk   0x00126830       0x78 /opt/devkitpro/devkitARM/lib/gcc/arm-none-eabi/6.3.0/../../../../arm-none-eabi/lib/armv6k/fpu/libg.a(lib_a-fwalk.o)
                0x00126830                _fwalk
 .text._fwalk_reent
                0x001268a8       0x80 /opt/devkitpro/devkitARM/lib/gcc/arm-none-eabi/6.3.0/../../../../arm-none-eabi/lib/armv6k/fpu/libg.a(lib_a-fwalk.o)
                0x001268a8                _fwalk_reent
 .text.__libc_init_array