Archive member included to satisfy reference by file (symbol)

/usr/local/devkitPro/libctru/lib/libsfil.a(sfil_png.o)
                              main.o (sfil_load_PNG_buffer)
/usr/local/devkitPro/portlibs/armv6k/lib/libpng.a(png.o)
                              /usr/local/devkitPro/libctru/lib/libsfil.a(sfil_png.o) (png_set_sig_bytes)
/usr/local/devkitPro/portlibs/armv6k/lib/libpng.a(pngerror.o)
                              /usr/local/devkitPro/portlibs/armv6k/lib/libpng.a(png.o) (png_safecat)
/usr/local/devkitPro/portlibs/armv6k/lib/libpng.a(pngget.o)
                              /usr/local/devkitPro/libctru/lib/libsfil.a(sfil_png.o) (png_get_valid)
/usr/local/devkitPro/portlibs/armv6k/lib/libpng.a(pngmem.o)
                              /usr/local/devkitPro/portlibs/armv6k/lib/libpng.a(png.o) (png_calloc)
/usr/local/devkitPro/portlibs/armv6k/lib/libpng.a(pngread.o)
                              /usr/local/devkitPro/libctru/lib/libsfil.a(sfil_png.o) (png_create_read_struct)
/usr/local/devkitPro/portlibs/armv6k/lib/libpng.a(pngrio.o)
                              /usr/local/devkitPro/libctru/lib/libsfil.a(sfil_png.o) (png_set_read_fn)
/usr/local/devkitPro/portlibs/armv6k/lib/libpng.a(pngrtran.o)
                              /usr/local/devkitPro/portlibs/armv6k/lib/libpng.a(pngread.o) (png_set_background_fixed)
/usr/local/devkitPro/portlibs/armv6k/lib/libpng.a(pngrutil.o)
                              /usr/local/devkitPro/portlibs/armv6k/lib/libpng.a(pngread.o) (png_read_sig)
/usr/local/devkitPro/portlibs/armv6k/lib/libpng.a(pngset.o)
                              /usr/local/devkitPro/portlibs/armv6k/lib/libpng.a(pngrutil.o) (png_set_bKGD)
/usr/local/devkitPro/portlibs/armv6k/lib/libpng.a(pngtrans.o)
                              /usr/local/devkitPro/portlibs/armv6k/lib/libpng.a(pngread.o) (png_set_bgr)
/usr/local/devkitPro/portlibs/armv6k/lib/libpng.a(pngwrite.o)
                              /usr/local/devkitPro/portlibs/armv6k/lib/libpng.a(png.o) (png_destroy_write_struct)
/usr/local/devkitPro/portlibs/armv6k/lib/libpng.a(pngwtran.o)
                              /usr/local/devkitPro/portlibs/armv6k/lib/libpng.a(pngwrite.o) (png_do_write_transformations)
/usr/local/devkitPro/portlibs/armv6k/lib/libpng.a(pngwutil.o)
                              /usr/local/devkitPro/portlibs/armv6k/lib/libpng.a(png.o) (png_save_uint_32)
/usr/local/devkitPro/portlibs/armv6k/lib/libpng.a(pngwio.o)
                              /usr/local/devkitPro/portlibs/armv6k/lib/libpng.a(pngwutil.o) (png_write_data)
/usr/local/devkitPro/portlibs/armv6k/lib/libz.a(adler32.o)
                              /usr/local/devkitPro/portlibs/armv6k/lib/libpng.a(png.o) (adler32)
/usr/local/devkitPro/portlibs/armv6k/lib/libz.a(crc32.o)
                              /usr/local/devkitPro/portlibs/armv6k/lib/libpng.a(png.o) (crc32)
/usr/local/devkitPro/portlibs/armv6k/lib/libz.a(deflate.o)
                              /usr/local/devkitPro/portlibs/armv6k/lib/libpng.a(pngwutil.o) (deflateReset)
/usr/local/devkitPro/portlibs/armv6k/lib/libz.a(inflate.o)
                              /usr/local/devkitPro/portlibs/armv6k/lib/libpng.a(png.o) (inflateReset)
/usr/local/devkitPro/portlibs/armv6k/lib/libz.a(inftrees.o)
                              /usr/local/devkitPro/portlibs/armv6k/lib/libz.a(inflate.o) (inflate_table)
/usr/local/devkitPro/portlibs/armv6k/lib/libz.a(trees.o)
                              /usr/local/devkitPro/portlibs/armv6k/lib/libz.a(deflate.o) (_tr_init)
/usr/local/devkitPro/portlibs/armv6k/lib/libz.a(zutil.o)
                              /usr/local/devkitPro/portlibs/armv6k/lib/libz.a(deflate.o) (zcalloc)
/usr/local/devkitPro/portlibs/armv6k/lib/libz.a(inffast.o)
                              /usr/local/devkitPro/portlibs/armv6k/lib/libz.a(inflate.o) (inflate_fast)
/usr/local/devkitPro/libctru/lib/libsf2d.a(sf2d.o)
                              main.o (sf2d_fini)
/usr/local/devkitPro/libctru/lib/libsf2d.a(sf2d_texture.o)
                              /usr/local/devkitPro/libctru/lib/libsfil.a(sfil_png.o) (sf2d_create_texture)
/usr/local/devkitPro/libctru/lib/libsf2d.a(shader.shbin.o)
                              /usr/local/devkitPro/libctru/lib/libsf2d.a(sf2d.o) (shader_shbin_size)
/usr/local/devkitPro/libctru/lib/libcitro3d.a(uniforms.o)
                              /usr/local/devkitPro/libctru/lib/libsf2d.a(sf2d.o) (C3D_FVUnifDirty)
/usr/local/devkitPro/libctru/lib/libcitro3d.a(attribs.o)
                              /usr/local/devkitPro/libctru/lib/libsf2d.a(sf2d_texture.o) (AttrInfo_Init)
/usr/local/devkitPro/libctru/lib/libcitro3d.a(effect.o)
                              /usr/local/devkitPro/libctru/lib/libsf2d.a(sf2d.o) (C3D_CullFace)
/usr/local/devkitPro/libctru/lib/libcitro3d.a(drawArrays.o)
                              /usr/local/devkitPro/libctru/lib/libsf2d.a(sf2d_texture.o) (C3D_DrawArrays)
/usr/local/devkitPro/libctru/lib/libcitro3d.a(buffers.o)
[...]
Memory Configuration

Name             Origin             Length             Attributes
*default*        0x00000000         0xffffffff

Linker script and memory map

                0x00100000                PROVIDE (__start__, 0x100000)
                0x00100000                . = __start__

.text           0x00100000    0x31738
 *(.crt0)
 .crt0          0x00100000       0x94 /opt/devkitpro/devkitARM/lib/gcc/arm-none-eabi/6.3.0/../../../../arm-none-eabi/lib/armv6k/fpu/3dsx_crt0.o
                0x00100000                _start
                0x00100008                __service_ptr
                0x0010000c                __apt_appid
                0x00100010                __heap_size
                0x00100014                __linear_heap_size
                0x00100018                __system_arglist
                0x0010001c                __system_runflags
 *(.init)
 .init          0x00100094        0xc /opt/devkitpro/devkitARM/lib/gcc/arm-none-eabi/6.3.0/armv6k/fpu/crti.o
                0x00100094                _init
 .init          0x001000a0        0xc /opt/devkitpro/devkitARM/lib/gcc/arm-none-eabi/6.3.0/armv6k/fpu/crtn.o
                0x001000ac                . = ALIGN (0x4)
 *(.text)
 .text          0x001000ac       0x64 /usr/local/devkitPro/libctru/lib/libctru.a(stack_adjust.o)
                0x001000ac                initSystem
                0x001000f0                __ctru_exit
 .text          0x00100110      0x20c /opt/devkitpro/devkitARM/lib/gcc/arm-none-eabi/6.3.0/armv6k/fpu/libgcc.a(_udivsi3.o)
                0x00100110                __udivsi3
                0x00100110                __aeabi_uidiv
                0x001002fc                __aeabi_uidivmod
 .text          0x0010031c      0x240 /opt/devkitpro/devkitARM/lib/gcc/arm-none-eabi/6.3.0/armv6k/fpu/libgcc.a(_divsi3.o)
                0x0010031c                __aeabi_idiv
                0x0010031c                __divsi3
                0x0010053c                __aeabi_idivmod
 .text          0x0010055c        0x4 /opt/devkitpro/devkitARM/lib/gcc/arm-none-eabi/6.3.0/armv6k/fpu/libgcc.a(_dvmd_tls.o)
                0x0010055c                __aeabi_ldiv0
                0x0010055c                __aeabi_idiv0
 .text          0x00100560      0x250 /opt/devkitpro/devkitARM/lib/gcc/arm-none-eabi/6.3.0/armv6k/fpu/libgcc.a(_arm_addsubsf3.o)
                0x00100560                __aeabi_frsub
                0x00100568                __aeabi_fsub
                0x00100568                __subsf3
                0x0010056c                __aeabi_fadd
                0x0010056c                __addsf3
                0x001006fc                __aeabi_ui2f
                0x001006fc                __floatunsisf
                0x00100704                __floatsisf
                0x00100704                __aeabi_i2f
                0x00100724                __aeabi_ul2f
                0x00100724                __floatundisf
                0x00100734                __aeabi_l2f
                0x00100734                __floatdisf
 .text          0x001007b0       0x3c /opt/devkitpro/devkitARM/lib/gcc/arm-none-eabi/6.3.0/armv6k/fpu/libgcc.a(_aeabi_uldivmod.o)
                0x001007b0                __aeabi_uldivmod
 .text          0x001007ec       0x2c /opt/devkitpro/devkitARM/lib/gcc/arm-none-eabi/6.3.0/../../../../arm-none-eabi/lib/armv6k/fpu/libg.a(lib_a-setjmp.o)
                0x001007ec                setjmp
                0x00100800                longjmp
 *fill*         0x00100818        0x8 
 .text          0x00100820      0x390 /opt/devkitpro/devkitARM/lib/gcc/arm-none-eabi/6.3.0/../../../../arm-none-eabi/lib/armv6k/fpu/libg.a(lib_a-strcmp.o)
                0x00100828                strcmp
 *(.text.*)
 .text.deregister_tm_clones
                0x00100bb0       0x30 /opt/devkitpro/devkitARM/lib/gcc/arm-none-eabi/6.3.0/armv6k/fpu/crtbegin.o
 .text.register_tm_clones
                0x00100be0       0x38 /opt/devkitpro/devkitARM/lib/gcc/arm-none-eabi/6.3.0/armv6k/fpu/crtbegin.o
 .text.__do_global_dtors_aux
                0x00100c18       0x44 /opt/devkitpro/devkitARM/lib/gcc/arm-none-eabi/6.3.0/armv6k/fpu/crtbegin.o
 .text.frame_dummy
                0x00100c5c       0x5c /opt/devkitpro/devkitARM/lib/gcc/arm-none-eabi/6.3.0/armv6k/fpu/crtbegin.o
 .text.startup  0x00100cb8     0x10b0 main.o
                0x00100cb8                main
 .text._sfil_load_PNG_generic
                0x00101d68      0x2f8 /usr/local/devkitPro/libctru/lib/libsfil.a(sfil_png.o)
 .text._sfil_read_png_buffer_fn
                0x00102060       0x34 /usr/local/devkitPro/libctru/lib/libsfil.a(sfil_png.o)
 .text.sfil_load_PNG_buffer
                0x00102094       0x4c /usr/local/devkitPro/libctru/lib/libsfil.a(sfil_png.o)
                0x00102094                sfil_load_PNG_buffer
 .text.png_zalloc
                0x001020e0       0x50 /usr/local/devkitPro/portlibs/armv6k/lib/libpng.a(png.o)
                0x001020e0                png_zalloc
 .text.png_zfree
                0x00102130        0x4 /usr/local/devkitPro/portlibs/armv6k/lib/libpng.a(png.o)
                0x00102130                png_zfree
 *fill*         0x00102134        0x4 
 .text.png_build_16bit_table
                0x00102138      0x1d0 /usr/local/devkitPro/portlibs/armv6k/lib/libpng.a(png.o)
 .text.png_colorspace_endpoints_match
                0x00102308      0x114 /usr/local/devkitPro/portlibs/armv6k/lib/libpng.a(png.o)
 .text.png_free_data.part.3
                0x0010241c      0x498 /usr/local/devkitPro/portlibs/armv6k/lib/libpng.a(png.o)
 *fill*         0x001028b4        0x4 
 .text.png_muldiv.part.9
                0x001028b8       0x88 /usr/local/devkitPro/portlibs/armv6k/lib/libpng.a(png.o)
 .text.png_gamma_8bit_correct.part.15
                0x00102940       0x70 /usr/local/devkitPro/portlibs/armv6k/lib/libpng.a(png.o)
 .text.png_icc_profile_error
                0x001029b0      0x200 /usr/local/devkitPro/portlibs/armv6k/lib/libpng.a(png.o)
 .text.png_set_sig_bytes
                0x00102bb0       0x3c /usr/local/devkitPro/portlibs/armv6k/lib/libpng.a(png.o)
                0x00102bb0                png_set_sig_bytes
 .text.png_sig_cmp
                0x00102bec       0x70 /usr/local/devkitPro/portlibs/armv6k/lib/libpng.a(png.o)
                0x00102bec                png_sig_cmp
 .text.png_reset_crc
                0x00102c5c       0x20 /usr/local/devkitPro/portlibs/armv6k/lib/libpng.a(png.o)
                0x00102c5c                png_reset_crc
 .text.png_calculate_crc
                0x00102c7c       0x54 /usr/local/devkitPro/portlibs/armv6k/lib/libpng.a(png.o)
                0x00102c7c                png_calculate_crc
 .text.png_user_version_check
                0x00102cd0      0x110 /usr/local/devkitPro/portlibs/armv6k/lib/libpng.a(png.o)
                0x00102cd0                png_user_version_check
 .text.png_create_png_struct
                0x00102de0      0x114 /usr/local/devkitPro/portlibs/armv6k/lib/libpng.a(png.o)
                0x00102de0                png_create_png_struct
 .text.png_create_info_struct
                0x00102ef4       0x40 /usr/local/devkitPro/portlibs/armv6k/lib/libpng.a(png.o)
                0x00102ef4                png_create_info_struct
 .text.png_destroy_info_struct
                0x00102f34      0x3a0 /usr/local/devkitPro/portlibs/armv6k/lib/libpng.a(png.o)
                0x00102f34                png_destroy_info_struct
 .text.png_free_data
                0x001032d4       0x10 /usr/local/devkitPro/portlibs/armv6k/lib/libpng.a(png.o)
                0x001032d4                png_free_data
 .text.png_get_io_ptr
                0x001032e4        0xc /usr/local/devkitPro/portlibs/armv6k/lib/libpng.a(png.o)
                0x001032e4                png_get_io_ptr
 .text.png_chunk_unknown_handling
                0x001032f0       0x94 /usr/local/devkitPro/portlibs/armv6k/lib/libpng.a(png.o)
                0x001032f0                png_chunk_unknown_handling
 .text.png_zstream_error
                0x00103384       0xe4 /usr/local/devkitPro/portlibs/armv6k/lib/libpng.a(png.o)
                0x00103384                png_zstream_error
 .text.png_colorspace_set_gamma
                0x00103468      0x158 /usr/local/devkitPro/portlibs/armv6k/lib/libpng.a(png.o)
                0x00103468                png_colorspace_set_gamma
 .text.png_colorspace_sync
                0x001035c0       0x84 /usr/local/devkitPro/portlibs/armv6k/lib/libpng.a(png.o)
                0x001035c0                png_colorspace_sync
 *fill*         0x00103644        0x4 
 .text.png_colorspace_set_sRGB
                0x00103648      0x204 /usr/local/devkitPro/portlibs/armv6k/lib/libpng.a(png.o)
                0x00103648                png_colorspace_set_sRGB
 .text.png_icc_check_length
                0x0010384c      0x198 /usr/local/devkitPro/portlibs/armv6k/lib/libpng.a(png.o)
                0x0010384c                png_icc_check_length
 .text.png_icc_check_header
                0x001039e4      0x37c /usr/local/devkitPro/portlibs/armv6k/lib/libpng.a(png.o)
                0x001039e4                png_icc_check_header
 .text.png_icc_check_tag_table
                0x00103d60      0x138 /usr/local/devkitPro/portlibs/armv6k/lib/libpng.a(png.o)
                0x00103d60                png_icc_check_tag_table
 .text.png_icc_set_sRGB
                0x00103e98      0x250 /usr/local/devkitPro/portlibs/armv6k/lib/libpng.a(png.o)
                0x00103e98                png_icc_set_sRGB
 .text.png_colorspace_set_rgb_coefficients
                0x001040e8      0x284 /usr/local/devkitPro/portlibs/armv6k/lib/libpng.a(png.o)
                0x001040e8                png_colorspace_set_rgb_coefficients
 .text.png_check_IHDR
                0x0010436c      0x2ac /usr/local/devkitPro/portlibs/armv6k/lib/libpng.a(png.o)
                0x0010436c                png_check_IHDR
 .text.png_check_fp_number
                0x00104618      0x2a8 /usr/local/devkitPro/portlibs/armv6k/lib/libpng.a(png.o)
                0x00104618                png_check_fp_number
 .text.png_check_fp_string
                0x001048c0      0x2d4 /usr/local/devkitPro/portlibs/armv6k/lib/libpng.a(png.o)
                0x001048c0                png_check_fp_string
 *fill*         0x00104b94        0x4 
 .text.png_muldiv
                0x00104b98       0xc8 /usr/local/devkitPro/portlibs/armv6k/lib/libpng.a(png.o)
                0x00104b98                png_muldiv
 .text.png_reciprocal
                0x00104c60       0x78 /usr/local/devkitPro/portlibs/armv6k/lib/libpng.a(png.o)
                0x00104c60                png_reciprocal
 .text.png_colorspace_set_chromaticities
                0x00104cd8      0xb6c /usr/local/devkitPro/portlibs/armv6k/lib/libpng.a(png.o)
                0x00104cd8                png_colorspace_set_chromaticities
 .text.png_gamma_significant
                0x00105844       0x20 /usr/local/devkitPro/portlibs/armv6k/lib/libpng.a(png.o)
                0x00105844                png_gamma_significant
 *fill*         0x00105864        0x4 
 .text.png_reciprocal2
                0x00105868       0xa0 /usr/local/devkitPro/portlibs/armv6k/lib/libpng.a(png.o)
                0x00105868                png_reciprocal2
 .text.png_gamma_8bit_correct
                0x00105908       0x90 /usr/local/devkitPro/portlibs/armv6k/lib/libpng.a(png.o)
                0x00105908                png_gamma_8bit_correct
 .text.png_gamma_correct
                0x00105998      0x104 /usr/local/devkitPro/portlibs/armv6k/lib/libpng.a(png.o)
                0x00105998                png_gamma_correct
 .text.png_destroy_gamma_table
                0x00105a9c      0x134 /usr/local/devkitPro/portlibs/armv6k/lib/libpng.a(png.o)
                0x00105a9c                png_destroy_gamma_table
 .text.png_build_gamma_table
                0x00105bd0      0x880 /usr/local/devkitPro/portlibs/armv6k/lib/libpng.a(png.o)
                0x00105bd0                png_build_gamma_table
 .text.png_format_buffer.isra.0
                0x00106450      0x1f0 /usr/local/devkitPro/portlibs/armv6k/lib/libpng.a(pngerror.o)
 .text.png_safecat
                0x00106640       0x78 /usr/local/devkitPro/portlibs/armv6k/lib/libpng.a(pngerror.o)
                0x00106640                png_safecat
 .text.png_format_number
                0x001066b8      0x170 /usr/local/devkitPro/portlibs/armv6k/lib/libpng.a(pngerror.o)
                0x001066b8                png_format_number
 .text.png_warning
                0x00106828      0x14c /usr/local/devkitPro/portlibs/armv6k/lib/libpng.a(pngerror.o)
                0x00106828                png_warning
 .text.png_chunk_warning
                0x00106974      0x1ac /usr/local/devkitPro/portlibs/armv6k/lib/libpng.a(pngerror.o)
                0x00106974                png_chunk_warning
 .text.png_free_jmpbuf
                0x00106b20       0x94 /usr/local/devkitPro/portlibs/armv6k/lib/libpng.a(pngerror.o)
                0x00106b20                png_free_jmpbuf
 .text.png_longjmp
                0x00106bb4       0x2c /usr/local/devkitPro/portlibs/armv6k/lib/libpng.a(pngerror.o)
                0x00106bb4                png_longjmp
 .text.png_error
                0x00106be0       0x60 /usr/local/devkitPro/portlibs/armv6k/lib/libpng.a(pngerror.o)
                0x00106be0                png_error
 .text.png_app_warning
                0x00106c40      0x15c /usr/local/devkitPro/portlibs/armv6k/lib/libpng.a(pngerror.o)
                0x00106c40                png_app_warning
 .text.png_app_error
                0x00106d9c      0x15c /usr/local/devkitPro/portlibs/armv6k/lib/libpng.a(pngerror.o)
                0x00106d9c                png_app_error
 .text.png_chunk_error
                0x00106ef8       0x2c /usr/local/devkitPro/portlibs/armv6k/lib/libpng.a(pngerror.o)
                0x00106ef8                png_chunk_error
 .text.png_chunk_benign_error
                0x00106f24      0x1a4 /usr/local/devkitPro/portlibs/armv6k/lib/libpng.a(pngerror.o)
                0x00106f24                png_chunk_benign_error
 .text.png_benign_error
                0x001070c8      0x2d4 /usr/local/devkitPro/portlibs/armv6k/lib/libpng.a(pngerror.o)
                0x001070c8                png_benign_error
 .text.png_set_longjmp_fn
                0x0010739c       0xf0 /usr/local/devkitPro/portlibs/armv6k/lib/libpng.a(pngerror.o)
                0x0010739c                png_set_longjmp_fn
 .text.png_chunk_report
                0x0010748c      0x2dc /usr/local/devkitPro/portlibs/armv6k/lib/libpng.a(pngerror.o)
                0x0010748c                png_chunk_report
 .text.png_set_error_fn
                0x00107768       0x14 /usr/local/devkitPro/portlibs/armv6k/lib/libpng.a(pngerror.o)
                0x00107768                png_set_error_fn
 .text.png_get_valid
                0x0010777c       0x1c /usr/local/devkitPro/portlibs/armv6k/lib/libpng.a(pngget.o)
                0x0010777c                png_get_valid
 .text.png_get_IHDR
                0x00107798       0xa0 /usr/local/devkitPro/portlibs/armv6k/lib/libpng.a(pngget.o)
                0x00107798                png_get_IHDR
 .text.png_destroy_png_struct
                0x00107838       0x64 /usr/local/devkitPro/portlibs/armv6k/lib/libpng.a(pngmem.o)
                0x00107838                png_destroy_png_struct
 .text.png_calloc
                0x0010789c       0x78 /usr/local/devkitPro/portlibs/armv6k/lib/libpng.a(pngmem.o)
                0x0010789c                png_calloc
 .text.png_malloc_base
                0x00107914       0x30 /usr/local/devkitPro/portlibs/armv6k/lib/libpng.a(pngmem.o)
                0x00107914                png_malloc_base
 .text.png_malloc_array
                0x00107944       0x8c /usr/local/devkitPro/portlibs/armv6k/lib/libpng.a(pngmem.o)
                0x00107944                png_malloc_array
 .text.png_realloc_array
                0x001079d0      0x104 /usr/local/devkitPro/portlibs/armv6k/lib/libpng.a(pngmem.o)
                0x001079d0                png_realloc_array
 .text.png_malloc
                0x00107ad4       0x5c /usr/local/devkitPro/portlibs/armv6k/lib/libpng.a(pngmem.o)
                0x00107ad4                png_malloc
 .text.png_malloc_warn
                0x00107b30       0x64 /usr/local/devkitPro/portlibs/armv6k/lib/libpng.a(pngmem.o)
                0x00107b30                png_malloc_warn
 .text.png_free
                0x00107b94       0x24 /usr/local/devkitPro/portlibs/armv6k/lib/libpng.a(pngmem.o)
                0x00107b94                png_free
 .text.png_set_mem_fn
                0x00107bb8       0x14 /usr/local/devkitPro/portlibs/armv6k/lib/libpng.a(pngmem.o)
                0x00107bb8                png_set_mem_fn
 .text.png_do_read_intrapixel
                0x00107bcc      0x110 /usr/local/devkitPro/portlibs/armv6k/lib/libpng.a(pngread.o)
 .text.png_read_info.part.3
                0x00107cdc      0x408 /usr/local/devkitPro/portlibs/armv6k/lib/libpng.a(pngread.o)
 .text.png_create_read_struct
                0x001080e4       0x58 /usr/local/devkitPro/portlibs/armv6k/lib/libpng.a(pngread.o)
                0x001080e4                png_create_read_struct
 .text.png_read_info
                0x0010813c       0x10 /usr/local/devkitPro/portlibs/armv6k/lib/libpng.a(pngread.o)
                0x0010813c                png_read_info
 .text.png_read_update_info
                0x0010814c       0x40 /usr/local/devkitPro/portlibs/armv6k/lib/libpng.a(pngread.o)
                0x0010814c                png_read_update_info
 .text.png_read_image
                0x0010818c      0x3bc /usr/local/devkitPro/portlibs/armv6k/lib/libpng.a(pngread.o)
                0x0010818c                png_read_image
 .text.png_destroy_read_struct
                0x00108548      0x134 /usr/local/devkitPro/portlibs/armv6k/lib/libpng.a(pngread.o)
                0x00108548                png_destroy_read_struct
 .text.png_default_read_data
                0x0010867c       0x38 /usr/local/devkitPro/portlibs/armv6k/lib/libpng.a(pngrio.o)
                0x0010867c                png_default_read_data
 .text.png_read_data
                0x001086b4       0x20 /usr/local/devkitPro/portlibs/armv6k/lib/libpng.a(pngrio.o)
                0x001086b4                png_read_data
 .text.png_set_read_fn
                0x001086d4       0x50 /usr/local/devkitPro/portlibs/armv6k/lib/libpng.a(pngrio.o)
                0x001086d4                png_set_read_fn
 .text.png_do_gray_to_rgb
                0x00108724      0x218 /usr/local/devkitPro/portlibs/armv6k/lib/libpng.a(pngrtran.o)
 .text.png_do_compose
                0x0010893c     0x1170 /usr/local/devkitPro/portlibs/armv6k/lib/libpng.a(pngrtran.o)
 .text.png_set_scale_16
                0x00109aac       0x38 /usr/local/devkitPro/portlibs/armv6k/lib/libpng.a(pngrtran.o)
                0x00109aac                png_set_scale_16
 .text.png_set_expand
                0x00109ae4       0x3c /usr/local/devkitPro/portlibs/armv6k/lib/libpng.a(pngrtran.o)
                0x00109ae4                png_set_expand
 .text.png_set_palette_to_rgb
                0x00109b20       0x3c /usr/local/devkitPro/portlibs/armv6k/lib/libpng.a(pngrtran.o)
                0x00109b20                png_set_palette_to_rgb
 .text.png_set_tRNS_to_alpha
                0x00109b5c       0x3c /usr/local/devkitPro/portlibs/armv6k/lib/libpng.a(pngrtran.o)
                0x00109b5c                png_set_tRNS_to_alpha
 .text.png_set_gray_to_rgb
                0x00109b98       0x38 /usr/local/devkitPro/portlibs/armv6k/lib/libpng.a(pngrtran.o)
                0x00109b98                png_set_gray_to_rgb
 .text.png_init_read_transformations
                0x00109bd0      0xcc4 /usr/local/devkitPro/portlibs/armv6k/lib/libpng.a(pngrtran.o)
                0x00109bd0                png_init_read_transformations
 .text.png_read_transform_info
                0x0010a894      0x2c4 /usr/local/devkitPro/portlibs/armv6k/lib/libpng.a(pngrtran.o)
                0x0010a894                png_read_transform_info
 .text.png_do_read_transformations
                0x0010ab58     0x23f0 /usr/local/devkitPro/portlibs/armv6k/lib/libpng.a(pngrtran.o)
                0x0010ab58                png_do_read_transformations
 .text.png_read_filter_row_sub
                0x0010cf48      0x1d0 /usr/local/devkitPro/portlibs/armv6k/lib/libpng.a(pngrutil.o)
 .text.png_read_filter_row_up
                0x0010d118      0x1ac /usr/local/devkitPro/portlibs/armv6k/lib/libpng.a(pngrutil.o)
 .text.png_read_filter_row_avg
                0x0010d2c4       0x80 /usr/local/devkitPro/portlibs/armv6k/lib/libpng.a(pngrutil.o)
 .text.png_read_filter_row_paeth_1byte_pixel
                0x0010d344       0x8c /usr/local/devkitPro/portlibs/armv6k/lib/libpng.a(pngrutil.o)
 .text.png_read_filter_row_paeth_multibyte_pixel
                0x0010d3d0      0x26c /usr/local/devkitPro/portlibs/armv6k/lib/libpng.a(pngrutil.o)
 .text.png_inflate_claim
                0x0010d63c      0x110 /usr/local/devkitPro/portlibs/armv6k/lib/libpng.a(pngrutil.o)
 .text.png_inflate.constprop.7
                0x0010d74c      0x1d0 /usr/local/devkitPro/portlibs/armv6k/lib/libpng.a(pngrutil.o)
 .text.png_inflate_read.part.3.constprop.5
                0x0010d91c      0x158 /usr/local/devkitPro/portlibs/armv6k/lib/libpng.a(pngrutil.o)
 .text.png_crc_finish.constprop.10
                0x0010da74       0xdc /usr/local/devkitPro/portlibs/armv6k/lib/libpng.a(pngrutil.o)
 .text.png_decompress_chunk.constprop.6
                0x0010db50      0x2c8 /usr/local/devkitPro/portlibs/armv6k/lib/libpng.a(pngrutil.o)
 .text.png_read_sig
                0x0010de18       0xac /usr/local/devkitPro/portlibs/armv6k/lib/libpng.a(pngrutil.o)
                0x0010de18                png_read_sig
 .text.png_read_chunk_header
                0x0010dec4      0x158 /usr/local/devkitPro/portlibs/armv6k/lib/libpng.a(pngrutil.o)
                0x0010dec4                png_read_chunk_header
 .text.png_crc_finish
                0x0010e01c      0x15c /usr/local/devkitPro/portlibs/armv6k/lib/libpng.a(pngrutil.o)
                0x0010e01c                png_crc_finish
 .text.png_handle_IHDR
                0x0010e178      0x178 /usr/local/devkitPro/portlibs/armv6k/lib/libpng.a(pngrutil.o)
                0x0010e178                png_handle_IHDR
 .text.png_handle_PLTE
                0x0010e2f0      0x250 /usr/local/devkitPro/portlibs/armv6k/lib/libpng.a(pngrutil.o)
                0x0010e2f0                png_handle_PLTE
 .text.png_handle_IEND
                0x0010e540       0x54 /usr/local/devkitPro/portlibs/armv6k/lib/libpng.a(pngrutil.o)
                0x0010e540                png_handle_IEND
 .text.png_handle_gAMA
                0x0010e594       0xe4 /usr/local/devkitPro/portlibs/armv6k/lib/libpng.a(pngrutil.o)
                0x0010e594                png_handle_gAMA
 .text.png_handle_sBIT
                0x0010e678      0x214 /usr/local/devkitPro/portlibs/armv6k/lib/libpng.a(pngrutil.o)
                0x0010e678                png_handle_sBIT
 .text.png_handle_cHRM
                0x0010e88c      0x300 /usr/local/devkitPro/portlibs/armv6k/lib/libpng.a(pngrutil.o)
                0x0010e88c                png_handle_cHRM
 .text.png_handle_sRGB
                0x0010eb8c      0x108 /usr/local/devkitPro/portlibs/armv6k/lib/libpng.a(pngrutil.o)
                0x0010eb8c                png_handle_sRGB
 .text.png_handle_iCCP
                0x0010ec94      0x5dc /usr/local/devkitPro/portlibs/armv6k/lib/libpng.a(pngrutil.o)
                0x0010ec94                png_handle_iCCP
 .text.png_handle_sPLT
                0x0010f270      0x33c /usr/local/devkitPro/portlibs/armv6k/lib/libpng.a(pngrutil.o)
                0x0010f270                png_handle_sPLT
 .text.png_handle_tRNS
                0x0010f5ac      0x23c /usr/local/devkitPro/portlibs/armv6k/lib/libpng.a(pngrutil.o)
                0x0010f5ac                png_handle_tRNS
 .text.png_handle_bKGD
                0x0010f7e8      0x224 /usr/local/devkitPro/portlibs/armv6k/lib/libpng.a(pngrutil.o)
                0x0010f7e8                png_handle_bKGD
 .text.png_handle_hIST
                0x0010fa0c      0x13c /usr/local/devkitPro/portlibs/armv6k/lib/libpng.a(pngrutil.o)
                0x0010fa0c                png_handle_hIST
 .text.png_handle_pHYs
                0x0010fb48      0x13c /usr/local/devkitPro/portlibs/armv6k/lib/libpng.a(pngrutil.o)
                0x0010fb48                png_handle_pHYs
 .text.png_handle_oFFs
                0x0010fc84      0x15c /usr/local/devkitPro/portlibs/armv6k/lib/libpng.a(pngrutil.o)
                0x0010fc84                png_handle_oFFs
 .text.png_handle_pCAL
                0x0010fde0      0x378 /usr/local/devkitPro/portlibs/armv6k/lib/libpng.a(pngrutil.o)
                0x0010fde0                png_handle_pCAL
 .text.png_handle_sCAL
                0x00110158      0x284 /usr/local/devkitPro/portlibs/armv6k/lib/libpng.a(pngrutil.o)
                0x00110158                png_handle_sCAL
 .text.png_handle_tIME
                0x001103dc      0x114 /usr/local/devkitPro/portlibs/armv6k/lib/libpng.a(pngrutil.o)
                0x001103dc                png_handle_tIME
 .text.png_handle_tEXt
                0x001104f0      0x1c4 /usr/local/devkitPro/portlibs/armv6k/lib/libpng.a(pngrutil.o)
                0x001104f0                png_handle_tEXt
 .text.png_handle_zTXt
                0x001106b4      0x24c /usr/local/devkitPro/portlibs/armv6k/lib/libpng.a(pngrutil.o)
                0x001106b4                png_handle_zTXt
 .text.png_handle_iTXt
                0x00110900      0x348 /usr/local/devkitPro/portlibs/armv6k/lib/libpng.a(pngrutil.o)
                0x00110900                png_handle_iTXt
 .text.png_handle_unknown
                0x00110c48      0x36c /usr/local/devkitPro/portlibs/armv6k/lib/libpng.a(pngrutil.o)
                0x00110c48                png_handle_unknown
 .text.png_combine_row
                0x00110fb4      0x4dc /usr/local/devkitPro/portlibs/armv6k/lib/libpng.a(pngrutil.o)
                0x00110fb4                png_combine_row
 .text.png_do_read_interlace
                0x00111490      0x484 /usr/local/devkitPro/portlibs/armv6k/lib/libpng.a(pngrutil.o)
                0x00111490                png_do_read_interlace
 .text.png_read_filter_row
                0x00111914       0x90 /usr/local/devkitPro/portlibs/armv6k/lib/libpng.a(pngrutil.o)
                0x00111914                png_read_filter_row
 .text.png_read_IDAT_data
                0x001119a4      0x508 /usr/local/devkitPro/portlibs/armv6k/lib/libpng.a(pngrutil.o)
                0x001119a4                png_read_IDAT_data
 .text.png_read_finish_row
                0x00111eac      0x368 /usr/local/devkitPro/portlibs/armv6k/lib/libpng.a(pngrutil.o)
                0x00111eac                png_read_finish_row
 .text.png_read_start_row
                0x00112214      0x340 /usr/local/devkitPro/portlibs/armv6k/lib/libpng.a(pngrutil.o)
                0x00112214                png_read_start_row
 .text.png_set_bKGD
                0x00112554       0x50 /usr/local/devkitPro/portlibs/armv6k/lib/libpng.a(pngset.o)
                0x00112554                png_set_bKGD
 .text.png_set_hIST
                0x001125a4       0xac /usr/local/devkitPro/portlibs/armv6k/lib/libpng.a(pngset.o)
                0x001125a4                png_set_hIST
 .text.png_set_IHDR
                0x00112650       0xdc /usr/local/devkitPro/portlibs/armv6k/lib/libpng.a(pngset.o)
                0x00112650                png_set_IHDR
 .text.png_set_oFFs
                0x0011272c       0x2c /usr/local/devkitPro/portlibs/armv6k/lib/libpng.a(pngset.o)
                0x0011272c                png_set_oFFs
 .text.png_set_pCAL
                0x00112758      0x268 /usr/local/devkitPro/portlibs/armv6k/lib/libpng.a(pngset.o)
                0x00112758                png_set_pCAL
 .text.png_set_sCAL_s
                0x001129c0      0x164 /usr/local/devkitPro/portlibs/armv6k/lib/libpng.a(pngset.o)
                0x001129c0                png_set_sCAL_s
 .text.png_set_pHYs
                0x00112b24       0x2c /usr/local/devkitPro/portlibs/armv6k/lib/libpng.a(pngset.o)
                0x00112b24                png_set_pHYs
 .text.png_set_PLTE
                0x00112b50      0x13c /usr/local/devkitPro/portlibs/armv6k/lib/libpng.a(pngset.o)
                0x00112b50                png_set_PLTE
 .text.png_set_sBIT
                0x00112c8c       0x44 /usr/local/devkitPro/portlibs/armv6k/lib/libpng.a(pngset.o)
                0x00112c8c                png_set_sBIT
 .text.png_set_text_2
                0x00112cd0      0x334 /usr/local/devkitPro/portlibs/armv6k/lib/libpng.a(pngset.o)
                0x00112cd0                png_set_text_2
 .text.png_set_tIME
                0x00113004       0xa0 /usr/local/devkitPro/portlibs/armv6k/lib/libpng.a(pngset.o)
                0x00113004                png_set_tIME
 .text.png_set_tRNS
                0x001130a4      0x138 /usr/local/devkitPro/portlibs/armv6k/lib/libpng.a(pngset.o)
                0x001130a4                png_set_tRNS
 .text.png_set_sPLT
                0x001131dc      0x184 /usr/local/devkitPro/portlibs/armv6k/lib/libpng.a(pngset.o)
                0x001131dc                png_set_sPLT
 .text.png_set_unknown_chunks
                0x00113360      0x18c /usr/local/devkitPro/portlibs/armv6k/lib/libpng.a(pngset.o)
                0x00113360                png_set_unknown_chunks
 .text.png_set_packing
                0x001134ec       0x28 /usr/local/devkitPro/portlibs/armv6k/lib/libpng.a(pngtrans.o)
                0x001134ec                png_set_packing
 .text.png_set_interlace_handling
                0x00113514       0x30 /usr/local/devkitPro/portlibs/armv6k/lib/libpng.a(pngtrans.o)
                0x00113514                png_set_interlace_handling
 .text.png_set_filler
                0x00113544       0x88 /usr/local/devkitPro/portlibs/armv6k/lib/libpng.a(pngtrans.o)
                0x00113544                png_set_filler
 .text.png_do_invert
                0x001135cc      0x1ec /usr/local/devkitPro/portlibs/armv6k/lib/libpng.a(pngtrans.o)
                0x001135cc                png_do_invert
 .text.png_do_swap
                0x001137b8       0x4c /usr/local/devkitPro/portlibs/armv6k/lib/libpng.a(pngtrans.o)
                0x001137b8                png_do_swap
 .text.png_do_packswap
                0x00113804       0x6c /usr/local/devkitPro/portlibs/armv6k/lib/libpng.a(pngtrans.o)
                0x00113804                png_do_packswap
 .text.png_do_strip_channel
                0x00113870      0x22c /usr/local/devkitPro/portlibs/armv6k/lib/libpng.a(pngtrans.o)
                0x00113870                png_do_strip_channel
 .text.png_do_bgr
                0x00113a9c      0x13c /usr/local/devkitPro/portlibs/armv6k/lib/libpng.a(pngtrans.o)
                0x00113a9c                png_do_bgr
 .text.png_do_check_palette_indexes
                0x00113bd8      0x1d0 /usr/local/devkitPro/portlibs/armv6k/lib/libpng.a(pngtrans.o)
                0x00113bd8                png_do_check_palette_indexes
 .text.adler32  0x00113da8      0x44c /usr/local/devkitPro/portlibs/armv6k/lib/libz.a(adler32.o)
                0x00113da8                adler32
 .text.crc32    0x001141f4      0x59c /usr/local/devkitPro/portlibs/armv6k/lib/libz.a(crc32.o)
                0x001141f4                crc32
 .text.inflateReset
                0x00114790       0x9c /usr/local/devkitPro/portlibs/armv6k/lib/libz.a(inflate.o)
                0x00114790                inflateReset
 .text.inflateReset2
                0x0011482c      0x120 /usr/local/devkitPro/portlibs/armv6k/lib/libz.a(inflate.o)
                0x0011482c                inflateReset2
 .text.inflateInit2_
                0x0011494c      0x178 /usr/local/devkitPro/portlibs/armv6k/lib/libz.a(inflate.o)
                0x0011494c                inflateInit2_
 .text.inflate  0x00114ac4     0x1ffc /usr/local/devkitPro/portlibs/armv6k/lib/libz.a(inflate.o)
                0x00114ac4                inflate
 .text.inflateEnd
                0x00116ac0       0x60 /usr/local/devkitPro/portlibs/armv6k/lib/libz.a(inflate.o)
                0x00116ac0                inflateEnd
 .text.inflate_table
                0x00116b20      0xb64 /usr/local/devkitPro/portlibs/armv6k/lib/libz.a(inftrees.o)
                0x00116b20                inflate_table
 .text.zcalloc  0x00117684        0x8 /usr/local/devkitPro/portlibs/armv6k/lib/libz.a(zutil.o)
                0x00117684                zcalloc
 .text.zcfree   0x0011768c        0x8 /usr/local/devkitPro/portlibs/armv6k/lib/libz.a(zutil.o)
                0x0011768c                zcfree
 .text.inflate_fast
                0x00117694      0xdf0 /usr/local/devkitPro/portlibs/armv6k/lib/libz.a(inffast.o)
                0x00117694                inflate_fast
 .text.sf2d_fini
                0x00118484       0x48 /usr/local/devkitPro/libctru/lib/libsf2d.a(sf2d.o)
                0x00118484                sf2d_fini
 .text.sf2d_start_frame_target
                0x001184cc       0xa0 /usr/local/devkitPro/libctru/lib/libsf2d.a(sf2d.o)
                0x001184cc                sf2d_start_frame_target
 .text.sf2d_start_frame
                0x0011856c       0x38 /usr/local/devkitPro/libctru/lib/libsf2d.a(sf2d.o)
                0x0011856c                sf2d_start_frame
 .text.sf2d_end_frame
                0x001185a4        0x4 /usr/local/devkitPro/libctru/lib/libsf2d.a(sf2d.o)
                0x001185a4                sf2d_end_frame
 .text.sf2d_swapbuffers
                0x001185a8       0xb0 /usr/local/devkitPro/libctru/lib/libsf2d.a(sf2d.o)
                0x001185a8                sf2d_swapbuffers
 .text.sf2d_pool_memalign
                0x00118658       0x40 /usr/local/devkitPro/libctru/lib/libsf2d.a(sf2d.o)
                0x00118658                sf2d_pool_memalign
 .text.sf2d_set_clear_color
                0x00118698       0x38 /usr/local/devkitPro/libctru/lib/libsf2d.a(sf2d.o)
                0x00118698                sf2d_set_clear_color
 .text.sf2d_init_advanced.part.0
                0x001186d0      0x1ac /usr/local/devkitPro/libctru/lib/libsf2d.a(sf2d.o)
 .text.sf2d_init
                0x0011887c       0x28 /usr/local/devkitPro/libctru/lib/libsf2d.a(sf2d.o)
                0x0011887c                sf2d_init
 .text.sf2d_create_texture
                0x001188a4      0x118 /usr/local/devkitPro/libctru/lib/libsf2d.a(sf2d_texture.o)
                0x001188a4                sf2d_create_texture
 .text.sf2d_create_rendertarget
                0x001189bc       0x94 /usr/local/devkitPro/libctru/lib/libsf2d.a(sf2d_texture.o)
                0x001189bc                sf2d_create_rendertarget
 .text.sf2d_free_texture
                0x00118a50       0x20 /usr/local/devkitPro/libctru/lib/libsf2d.a(sf2d_texture.o)
                0x00118a50                sf2d_free_texture
 .text.sf2d_clear_target
                0x00118a70       0x14 /usr/local/devkitPro/libctru/lib/libsf2d.a(sf2d_texture.o)
                0x00118a70                sf2d_clear_target
 .text.sf2d_bind_texture
                0x00118a84       0x54 /usr/local/devkitPro/libctru/lib/libsf2d.a(sf2d_texture.o)
                0x00118a84                sf2d_bind_texture
 .text.sf2d_draw_texture
                0x00118ad8      0x160 /usr/local/devkitPro/libctru/lib/libsf2d.a(sf2d_texture.o)
                0x00118ad8                sf2d_draw_texture
 .text.sf2d_draw_texture_rotate
                0x00118c38      0x1d4 /usr/local/devkitPro/libctru/lib/libsf2d.a(sf2d_texture.o)
                0x00118c38                sf2d_draw_texture_rotate
 .text.sf2d_texture_tile32
                0x00118e0c      0x110 /usr/local/devkitPro/libctru/lib/libsf2d.a(sf2d_texture.o)
                0x00118e0c                sf2d_texture_tile32
 .text.C3D_UpdateUniforms
                0x00118f1c      0x2b4 /usr/local/devkitPro/libctru/lib/libcitro3d.a(uniforms.o)
                0x00118f1c                C3D_UpdateUniforms
 .text.C3Di_DirtyUniforms
                0x001191d0       0xc0 /usr/local/devkitPro/libctru/lib/libcitro3d.a(uniforms.o)
                0x001191d0                C3Di_DirtyUniforms
 .text.C3Di_LoadShaderUniforms
                0x00119290       0xe8 /usr/local/devkitPro/libctru/lib/libcitro3d.a(uniforms.o)
                0x00119290                C3Di_LoadShaderUniforms
 .text.C3Di_ClearShaderUniforms
                0x00119378       0x28 /usr/local/devkitPro/libctru/lib/libcitro3d.a(uniforms.o)
                0x00119378                C3Di_ClearShaderUniforms
 .text.AttrInfo_Init
                0x001193a0       0x28 /usr/local/devkitPro/libctru/lib/libcitro3d.a(attribs.o)
                0x001193a0                AttrInfo_Init
 .text.AttrInfo_AddLoader
                0x001193c8       0xac /usr/local/devkitPro/libctru/lib/libcitro3d.a(attribs.o)
                0x001193c8                AttrInfo_AddLoader
 .text.C3D_GetAttrInfo
                0x00119474       0x24 /usr/local/devkitPro/libctru/lib/libcitro3d.a(attribs.o)
                0x00119474                C3D_GetAttrInfo
 .text.C3Di_AttrInfoBind
                0x00119498       0x80 /usr/local/devkitPro/libctru/lib/libcitro3d.a(attribs.o)
                0x00119498                C3Di_AttrInfoBind
 .text.C3D_DepthMap
                0x00119518       0x3c /usr/local/devkitPro/libctru/lib/libcitro3d.a(effect.o)
                0x00119518                C3D_DepthMap
 .text.C3D_CullFace
                0x00119554       0x1c /usr/local/devkitPro/libctru/lib/libcitro3d.a(effect.o)
                0x00119554                C3D_CullFace
 .text.C3D_StencilTest
                0x00119570       0x40 /usr/local/devkitPro/libctru/lib/libcitro3d.a(effect.o)
                0x00119570                C3D_StencilTest
 .text.C3D_StencilOp
                0x001195b0       0x24 /usr/local/devkitPro/libctru/lib/libcitro3d.a(effect.o)
                0x001195b0                C3D_StencilOp
 .text.C3D_BlendingColor
                0x001195d4       0x1c /usr/local/devkitPro/libctru/lib/libcitro3d.a(effect.o)
                0x001195d4                C3D_BlendingColor
 .text.C3D_DepthTest
                0x001195f0       0x2c /usr/local/devkitPro/libctru/lib/libcitro3d.a(effect.o)
                0x001195f0                C3D_DepthTest
 .text.C3D_AlphaTest
                0x0011961c       0x2c /usr/local/devkitPro/libctru/lib/libcitro3d.a(effect.o)
                0x0011961c                C3D_AlphaTest
 .text.C3D_AlphaBlend
                0x00119648       0x50 /usr/local/devkitPro/libctru/lib/libcitro3d.a(effect.o)
                0x00119648                C3D_AlphaBlend
 .text.C3D_FragOpMode
                0x00119698       0x30 /usr/local/devkitPro/libctru/lib/libcitro3d.a(effect.o)
                0x00119698                C3D_FragOpMode
 .text.C3Di_EffectBind
                0x001196c8      0x11c /usr/local/devkitPro/libctru/lib/libcitro3d.a(effect.o)
                0x001196c8                C3Di_EffectBind
 .text.C3D_DrawArrays
                0x001197e4      0x148 /usr/local/devkitPro/libctru/lib/libcitro3d.a(drawArrays.o)
                0x001197e4                C3D_DrawArrays
 .text.BufInfo_Init
                0x0011992c       0x20 /usr/local/devkitPro/libctru/lib/libcitro3d.a(buffers.o)
                0x0011992c                BufInfo_Init
 .text.BufInfo_Add
                0x0011994c       0x84 /usr/local/devkitPro/libctru/lib/libcitro3d.a(buffers.o)
                0x0011994c                BufInfo_Add
 .text.C3D_GetBufInfo
                0x001199d0       0x24 /usr/local/devkitPro/libctru/lib/libcitro3d.a(buffers.o)
                0x001199d0                C3D_GetBufInfo
 .text.C3Di_BufInfoBind
                0x001199f4       0x48 /usr/local/devkitPro/libctru/lib/libcitro3d.a(buffers.o)
                0x001199f4                C3Di_BufInfoBind
 .text.TexEnv_Init
                0x00119a3c       0x34 /usr/local/devkitPro/libctru/lib/libcitro3d.a(texenv.o)
                0x00119a3c                TexEnv_Init
 .text.C3D_GetTexEnv
                0x00119a70       0x34 /usr/local/devkitPro/libctru/lib/libcitro3d.a(texenv.o)
                0x00119a70                C3D_GetTexEnv
 .text.C3Di_TexEnvBind
                0x00119aa4       0x24 /usr/local/devkitPro/libctru/lib/libcitro3d.a(texenv.o)
                0x00119aa4                C3Di_TexEnvBind
 .text.C3D_TexInit
                0x00119ac8       0xb8 /usr/local/devkitPro/libctru/lib/libcitro3d.a(texture.o)
                0x00119ac8                C3D_TexInit
 .text.C3D_TexInitVRAM
                0x00119b80       0xb8 /usr/local/devkitPro/libctru/lib/libcitro3d.a(texture.o)
                0x00119b80                C3D_TexInitVRAM
 .text.C3D_TexSetWrap
                0x00119c38       0x28 /usr/local/devkitPro/libctru/lib/libcitro3d.a(texture.o)
                0x00119c38                C3D_TexSetWrap
 .text.C3D_TexBind
                0x00119c60       0x34 /usr/local/devkitPro/libctru/lib/libcitro3d.a(texture.o)
                0x00119c60                C3D_TexBind
 .text.C3D_TexDelete
                0x00119c94       0x3c /usr/local/devkitPro/libctru/lib/libcitro3d.a(texture.o)
                0x00119c94                C3D_TexDelete
 .text.C3Di_RenderQueueWaitDone
                0x00119cd0       0x3c /usr/local/devkitPro/libctru/lib/libcitro3d.a(renderqueue.o)
 .text.performTransfer.part.0
                0x00119d0c       0x78 /usr/local/devkitPro/libctru/lib/libcitro3d.a(renderqueue.o)
 .text.transferTarget
                0x00119d84       0x50 /usr/local/devkitPro/libctru/lib/libcitro3d.a(renderqueue.o)
 .text.onVBlank1
                0x00119dd4       0x24 /usr/local/devkitPro/libctru/lib/libcitro3d.a(renderqueue.o)
 .text.onVBlank0
                0x00119df8       0x8c /usr/local/devkitPro/libctru/lib/libcitro3d.a(renderqueue.o)
 .text.performClear.part.2
                0x00119e84       0x3c /usr/local/devkitPro/libctru/lib/libcitro3d.a(renderqueue.o)
 .text.clearTarget
                0x00119ec0       0x4c /usr/local/devkitPro/libctru/lib/libcitro3d.a(renderqueue.o)
 .text.updateFrameQueue.part.4
                0x00119f0c       0xc0 /usr/local/devkitPro/libctru/lib/libcitro3d.a(renderqueue.o)
 .text.onRenderFinish
                0x00119fcc       0xe0 /usr/local/devkitPro/libctru/lib/libcitro3d.a(renderqueue.o)
 .text.onTransferFinish
                0x0011a0ac       0xbc /usr/local/devkitPro/libctru/lib/libcitro3d.a(renderqueue.o)
 .text.checkRenderQueueInit.part.7
                0x0011a168       0x5c /usr/local/devkitPro/libctru/lib/libcitro3d.a(renderqueue.o)
 .text.onClearDone
                0x0011a1c4       0x70 /usr/local/devkitPro/libctru/lib/libcitro3d.a(renderqueue.o)
 .text.C3D_FrameBegin
                0x0011a234       0x6c /usr/local/devkitPro/libctru/lib/libcitro3d.a(renderqueue.o)
                0x0011a234                C3D_FrameBegin
 .text.C3D_FrameDrawOn
                0x0011a2a0       0x78 /usr/local/devkitPro/libctru/lib/libcitro3d.a(renderqueue.o)
                0x0011a2a0                C3D_FrameDrawOn
 .text.C3D_FrameEnd
                0x0011a318       0xcc /usr/local/devkitPro/libctru/lib/libcitro3d.a(renderqueue.o)
                0x0011a318                C3D_FrameEnd
 .text.C3D_RenderTargetCreate
                0x0011a3e4       0xe0 /usr/local/devkitPro/libctru/lib/libcitro3d.a(renderqueue.o)
                0x0011a3e4                C3D_RenderTargetCreate
 .text.C3D_RenderTargetDelete
                0x0011a4c4       0x7c /usr/local/devkitPro/libctru/lib/libcitro3d.a(renderqueue.o)
                0x0011a4c4                C3D_RenderTargetDelete
 .text.C3Di_RenderQueueExit
                0x0011a540       0x84 /usr/local/devkitPro/libctru/lib/libcitro3d.a(renderqueue.o)
 .text.C3D_RenderTargetSetClear
                0x0011a5c4       0x50 /usr/local/devkitPro/libctru/lib/libcitro3d.a(renderqueue.o)
                0x0011a5c4                C3D_RenderTargetSetClear
 .text.C3D_RenderTargetSetOutput
                0x0011a614       0x58 /usr/local/devkitPro/libctru/lib/libcitro3d.a(renderqueue.o)
                0x0011a614                C3D_RenderTargetSetOutput
 .text.C3Di_AptEventHook
                0x0011a66c       0x88 /usr/local/devkitPro/libctru/lib/libcitro3d.a(base.o)
 .text.C3D_Init
                0x0011a6f4      0x174 /usr/local/devkitPro/libctru/lib/libcitro3d.a(base.o)
                0x0011a6f4                C3D_Init
 .text.C3D_SetViewport
                0x0011a868       0x98 /usr/local/devkitPro/libctru/lib/libcitro3d.a(base.o)
                0x0011a868                C3D_SetViewport
 .text.C3Di_UpdateContext
                0x0011a900      0x584 /usr/local/devkitPro/libctru/lib/libcitro3d.a(base.o)
                0x0011a900                C3Di_UpdateContext
 .text.C3Di_FinalizeFrame
                0x0011ae84       0xe0 /usr/local/devkitPro/libctru/lib/libcitro3d.a(base.o)
                0x0011ae84                C3Di_FinalizeFrame
 .text.C3D_Fini
                0x0011af64       0x48 /usr/local/devkitPro/libctru/lib/libcitro3d.a(base.o)
                0x0011af64                C3D_Fini
 .text.C3D_BindProgram
                0x0011afac       0xd4 /usr/local/devkitPro/libctru/lib/libcitro3d.a(base.o)
                0x0011afac                C3D_BindProgram
 .text.Mtx_OrthoTilt
                0x0011b080       0xc8 /usr/local/devkitPro/libctru/lib/libcitro3d.a(mtx_orthotilt.o)
                0x0011b080                Mtx_OrthoTilt
 .text.C3D_RenderBufInit
                0x0011b148       0xa4 /usr/local/devkitPro/libctru/lib/libcitro3d.a(renderbuffer.o)
                0x0011b148                C3D_RenderBufInit
 .text.C3D_RenderBufClearAsync
                0x0011b1ec       0x80 /usr/local/devkitPro/libctru/lib/libcitro3d.a(renderbuffer.o)
                0x0011b1ec                C3D_RenderBufClearAsync
 .text.C3D_RenderBufTransferAsync
                0x0011b26c       0x28 /usr/local/devkitPro/libctru/lib/libcitro3d.a(renderbuffer.o)
                0x0011b26c                C3D_RenderBufTransferAsync
 .text.C3D_RenderBufBind
                0x0011b294       0x38 /usr/local/devkitPro/libctru/lib/libcitro3d.a(renderbuffer.o)
                0x0011b294                C3D_RenderBufBind
 .text.C3Di_RenderBufBind
                0x0011b2cc      0x170 /usr/local/devkitPro/libctru/lib/libcitro3d.a(renderbuffer.o)
                0x0011b2cc                C3Di_RenderBufBind
 .text.C3D_RenderBufDelete
                0x0011b43c       0x18 /usr/local/devkitPro/libctru/lib/libcitro3d.a(renderbuffer.o)
                0x0011b43c                C3D_RenderBufDelete
 .text.C3D_ImmSendAttrib
                0x0011b454       0xb4 /usr/local/devkitPro/libctru/lib/libcitro3d.a(immediate.o)
                0x0011b454                C3D_ImmSendAttrib
 .text._ZL21addrMapNodeComparatorPK11rbtree_nodeS1_
                0x0011b508       0x24 /usr/local/devkitPro/libctru/lib/libctru.a(linear.o)
 .text._ZL21addrMapNodeDestructorP11rbtree_node
                0x0011b52c        0x4 /usr/local/devkitPro/libctru/lib/libctru.a(linear.o)
 .text.linearMemAlign
                0x0011b530      0x13c /usr/local/devkitPro/libctru/lib/libctru.a(linear.o)
                0x0011b530                linearMemAlign
 .text.linearAlloc
                0x0011b66c        0x8 /usr/local/devkitPro/libctru/lib/libctru.a(linear.o)
                0x0011b66c                linearAlloc
 .text.linearFree
                0x0011b674       0x50 /usr/local/devkitPro/libctru/lib/libctru.a(linear.o)
                0x0011b674                linearFree
 .text._ZL21addrMapNodeComparatorPK11rbtree_nodeS1_
                0x0011b6c4       0x24 /usr/local/devkitPro/libctru/lib/libctru.a(vram.o)
 .text._ZL21addrMapNodeDestructorP11rbtree_node
                0x0011b6e8        0x4 /usr/local/devkitPro/libctru/lib/libctru.a(vram.o)
 .text.vramMemAlign
                0x0011b6ec      0x12c /usr/local/devkitPro/libctru/lib/libctru.a(vram.o)
                0x0011b6ec                vramMemAlign
 .text.vramAlloc
                0x0011b818        0x8 /usr/local/devkitPro/libctru/lib/libctru.a(vram.o)
                0x0011b818                vramAlloc
 .text.vramFree
                0x0011b820       0x50 /usr/local/devkitPro/libctru/lib/libctru.a(vram.o)
                0x0011b820                vramFree
 .text.gfxSetFramebufferInfo.part.0
                0x0011b870       0x8c /usr/local/devkitPro/libctru/lib/libctru.a(gfx.o)
 .text.gfxSet3D
                0x0011b8fc       0x10 /usr/local/devkitPro/libctru/lib/libctru.a(gfx.o)
                0x0011b8fc                gfxSet3D
 .text.gfxIs3D  0x0011b90c       0x10 /usr/local/devkitPro/libctru/lib/libctru.a(gfx.o)
                0x0011b90c                gfxIs3D
 .text.__get_bytes_per_pixel
                0x0011b91c       0x18 /usr/local/devkitPro/libctru/lib/libctru.a(gfx.o)
                0x0011b91c                __get_bytes_per_pixel
 .text.gfxSetScreenFormat
                0x0011b934      0x174 /usr/local/devkitPro/libctru/lib/libctru.a(gfx.o)
                0x0011b934                gfxSetScreenFormat
 .text.gfxSetFramebufferInfo
                0x0011baa8       0x70 /usr/local/devkitPro/libctru/lib/libctru.a(gfx.o)
                0x0011baa8                gfxSetFramebufferInfo
 .text.gfxWriteFramebufferInfo
                0x0011bb18       0x88 /usr/local/devkitPro/libctru/lib/libctru.a(gfx.o)
                0x0011bb18                gfxWriteFramebufferInfo
 .text.gfxInit  0x0011bba0      0x1fc /usr/local/devkitPro/libctru/lib/libctru.a(gfx.o)
                0x0011bba0                gfxInit
 .text.gfxInitDefault
                0x0011bd9c       0x10 /usr/local/devkitPro/libctru/lib/libctru.a(gfx.o)
                0x0011bd9c                gfxInitDefault
 .text.gfxExit  0x0011bdac       0xe0 /usr/local/devkitPro/libctru/lib/libctru.a(gfx.o)
                0x0011bdac                gfxExit
 .text.gfxGetFramebuffer
                0x0011be8c       0xb0 /usr/local/devkitPro/libctru/lib/libctru.a(gfx.o)
                0x0011be8c                gfxGetFramebuffer
 .text.gfxConfigScreen
                0x0011bf3c       0x70 /usr/local/devkitPro/libctru/lib/libctru.a(gfx.o)
                0x0011bf3c                gfxConfigScreen
 .text.getSysTime
                0x0011bfac       0x58 /usr/local/devkitPro/libctru/lib/libctru.a(os.o)
 .text.osConvertVirtToPhys
                0x0011c004       0x4c /usr/local/devkitPro/libctru/lib/libctru.a(os.o)
                0x0011c004                osConvertVirtToPhys
 .text.osGetMemRegionUsed
                0x0011c050       0x24 /usr/local/devkitPro/libctru/lib/libctru.a(os.o)
                0x0011c050                osGetMemRegionUsed
 *fill*         0x0011c074        0x4 
 .text.__libctru_gtod
                0x0011c078       0xf4 /usr/local/devkitPro/libctru/lib/libctru.a(os.o)
                0x0011c078                __libctru_gtod
 *fill*         0x0011c16c        0x4 
 .text.osGetTime
                0x0011c170       0x78 /usr/local/devkitPro/libctru/lib/libctru.a(os.o)
                0x0011c170                osGetTime
 .text.__ctru_speedup_config
                0x0011c1e8       0x34 /usr/local/devkitPro/libctru/lib/libctru.a(os.o)
                0x0011c1e8                __ctru_speedup_config
 .text.GPUCMD_SetBuffer
                0x0011c21c       0x2c /usr/local/devkitPro/libctru/lib/libctru.a(gpu.o)
                0x0011c21c                GPUCMD_SetBuffer
 .text.GPUCMD_GetBuffer
                0x0011c248       0x40 /usr/local/devkitPro/libctru/lib/libctru.a(gpu.o)
                0x0011c248                GPUCMD_GetBuffer
 .text.GPUCMD_Add
                0x0011c288      0x108 /usr/local/devkitPro/libctru/lib/libctru.a(gpu.o)
                0x0011c288                GPUCMD_Add
 .text.GPUCMD_Finalize
                0x0011c390       0x98 /usr/local/devkitPro/libctru/lib/libctru.a(gpu.o)
                0x0011c390                GPUCMD_Finalize
 .text.f32tof24
                0x0011c428       0x44 /usr/local/devkitPro/libctru/lib/libctru.a(gpu.o)
                0x0011c428                f32tof24
 .text.f32tof31
                0x0011c46c       0x40 /usr/local/devkitPro/libctru/lib/libctru.a(gpu.o)
                0x0011c46c                f32tof31
 .text.GX_ProcessCommandList
                0x0011c4ac       0x54 /usr/local/devkitPro/libctru/lib/libctru.a(gx.o)
                0x0011c4ac                GX_ProcessCommandList
 .text.GX_MemoryFill
                0x0011c500       0x60 /usr/local/devkitPro/libctru/lib/libctru.a(gx.o)
                0x0011c500                GX_MemoryFill
 .text.GX_DisplayTransfer
                0x0011c560       0x50 /usr/local/devkitPro/libctru/lib/libctru.a(gx.o)
                0x0011c560                GX_DisplayTransfer
 .text.GX_FlushCacheRegions
                0x0011c5b0       0x54 /usr/local/devkitPro/libctru/lib/libctru.a(gx.o)
                0x0011c5b0                GX_FlushCacheRegions
 .text.DVLB_Free
                0x0011c604       0x38 /usr/local/devkitPro/libctru/lib/libctru.a(shbin.o)
                0x0011c604                DVLB_Free
 .text.DVLE_GetUniformRegister
                0x0011c63c       0x78 /usr/local/devkitPro/libctru/lib/libctru.a(shbin.o)
                0x0011c63c                DVLE_GetUniformRegister
 .text.DVLE_GenerateOutmap
                0x0011c6b4      0x1ec /usr/local/devkitPro/libctru/lib/libctru.a(shbin.o)
                0x0011c6b4                DVLE_GenerateOutmap
 .text.DVLB_ParseFile
                0x0011c8a0      0x1c0 /usr/local/devkitPro/libctru/lib/libctru.a(shbin.o)
                0x0011c8a0                DVLB_ParseFile
 .text.shaderInstanceInit
                0x0011ca60      0x1f4 /usr/local/devkitPro/libctru/lib/libctru.a(shaderProgram.o)
                0x0011ca60                shaderInstanceInit
 .text.shaderInstanceFree
                0x0011cc54       0x34 /usr/local/devkitPro/libctru/lib/libctru.a(shaderProgram.o)
                0x0011cc54                shaderInstanceFree
 .text.shaderInstanceGetUniformLocation
                0x0011cc88       0x18 /usr/local/devkitPro/libctru/lib/libctru.a(shaderProgram.o)
                0x0011cc88                shaderInstanceGetUniformLocation
 .text.shaderProgramInit
                0x0011cca0       0x18 /usr/local/devkitPro/libctru/lib/libctru.a(shaderProgram.o)
                0x0011cca0                shaderProgramInit
 .text.shaderProgramFree
                0x0011ccb8       0x2c /usr/local/devkitPro/libctru/lib/libctru.a(shaderProgram.o)
                0x0011ccb8                shaderProgramFree
 .text.shaderProgramSetVsh
                0x0011cce4       0x6c /usr/local/devkitPro/libctru/lib/libctru.a(shaderProgram.o)
                0x0011cce4                shaderProgramSetVsh
 .text.shaderProgramConfigure
                0x0011cd50      0x894 /usr/local/devkitPro/libctru/lib/libctru.a(shaderProgram.o)
                0x0011cd50                shaderProgramConfigure
 .text.ptmSysmInit
                0x0011d5e4       0x70 /usr/local/devkitPro/libctru/lib/libctru.a(ptmsysm.o)
                0x0011d5e4                ptmSysmInit
 .text.ptmSysmExit
                0x0011d654       0x34 /usr/local/devkitPro/libctru/lib/libctru.a(ptmsysm.o)
                0x0011d654                ptmSysmExit
 .text.PTMSYSM_ConfigureNew3DSCPU
                0x0011d688       0x34 /usr/local/devkitPro/libctru/lib/libctru.a(ptmsysm.o)
                0x0011d688                PTMSYSM_ConfigureNew3DSCPU
 .text.hidExit  0x0011d6bc       0xd0 /usr/local/devkitPro/libctru/lib/libctru.a(hid.o)
                0x0011d6bc                hidExit
 .text.hidScanInput
                0x0011d78c      0x234 /usr/local/devkitPro/libctru/lib/libctru.a(hid.o)
                0x0011d78c                hidScanInput
 .text.hidKeysHeld
                0x0011d9c0       0x10 /usr/local/devkitPro/libctru/lib/libctru.a(hid.o)
                0x0011d9c0                hidKeysHeld
 .text.hidKeysDown
                0x0011d9d0       0x10 /usr/local/devkitPro/libctru/lib/libctru.a(hid.o)
                0x0011d9d0                hidKeysDown
 .text.hidKeysUp
                0x0011d9e0       0x10 /usr/local/devkitPro/libctru/lib/libctru.a(hid.o)
                0x0011d9e0                hidKeysUp
 .text.HIDUSER_GetHandles
                0x0011d9f0       0x90 /usr/local/devkitPro/libctru/lib/libctru.a(hid.o)
                0x0011d9f0                HIDUSER_GetHandles
 .text.hidInit  0x0011da80      0x18c /usr/local/devkitPro/libctru/lib/libctru.a(hid.o)
                0x0011da80                hidInit
 .text._aptDebug
                0x0011dc0c        0x4 /usr/local/devkitPro/libctru/lib/libctru.a(apt.o)
                0x0011dc0c                _aptDebug
 .text.aptSendCommand
                0x0011dc10      0x130 /usr/local/devkitPro/libctru/lib/libctru.a(apt.o)
                0x0011dc10                aptSendCommand
 .text.aptExitProcess
                0x0011dd40       0x3c /usr/local/devkitPro/libctru/lib/libctru.a(apt.o)
 .text.aptHook  0x0011dd7c       0x38 /usr/local/devkitPro/libctru/lib/libctru.a(apt.o)
                0x0011dd7c                aptHook
 .text.aptUnhook
                0x0011ddb4       0x2c /usr/local/devkitPro/libctru/lib/libctru.a(apt.o)
                0x0011ddb4                aptUnhook
 .text.APT_InquireNotification
                0x0011dde0       0x4c /usr/local/devkitPro/libctru/lib/libctru.a(apt.o)
                0x0011dde0                APT_InquireNotification
 .text.aptEventHandler
                0x0011de2c      0x19c /usr/local/devkitPro/libctru/lib/libctru.a(apt.o)
 .text.APT_AppletUtility
                0x0011dfc8       0x74 /usr/local/devkitPro/libctru/lib/libctru.a(apt.o)
                0x0011dfc8                APT_AppletUtility
 .text.aptSetSleepAllowed
                0x0011e03c       0xb4 /usr/local/devkitPro/libctru/lib/libctru.a(apt.o)
                0x0011e03c                aptSetSleepAllowed
 .text.APT_GlanceParameter
                0x0011e0f0       0xb4 /usr/local/devkitPro/libctru/lib/libctru.a(apt.o)
                0x0011e0f0                APT_GlanceParameter
 .text.APT_ReceiveParameter
                0x0011e1a4       0xc0 /usr/local/devkitPro/libctru/lib/libctru.a(apt.o)
                0x0011e1a4                APT_ReceiveParameter
 .text.aptReceiveParameter.constprop.1
                0x0011e264       0xa8 /usr/local/devkitPro/libctru/lib/libctru.a(apt.o)
 *fill*         0x0011e30c        0x4 
 .text.aptScreenTransfer
                0x0011e310      0x1ec /usr/local/devkitPro/libctru/lib/libctru.a(apt.o)
 .text.aptWaitForWakeUp
                0x0011e4fc      0x228 /usr/local/devkitPro/libctru/lib/libctru.a(apt.o)
 .text.APT_CancelParameter
                0x0011e724       0x70 /usr/local/devkitPro/libctru/lib/libctru.a(apt.o)
                0x0011e724                APT_CancelParameter
 .text.aptInit  0x0011e794      0x230 /usr/local/devkitPro/libctru/lib/libctru.a(apt.o)
                0x0011e794                aptInit
 .text.aptClearParamQueue
                0x0011e9c4       0x8c /usr/local/devkitPro/libctru/lib/libctru.a(apt.o)
 .text.aptMainLoop
                0x0011ea50      0x214 /usr/local/devkitPro/libctru/lib/libctru.a(apt.o)
                0x0011ea50                aptMainLoop
 .text.aptExit  0x0011ec64      0x148 /usr/local/devkitPro/libctru/lib/libctru.a(apt.o)
                0x0011ec64                aptExit
 .text.APT_CheckNew3DS
                0x0011edac       0x70 /usr/local/devkitPro/libctru/lib/libctru.a(apt.o)
                0x0011edac                APT_CheckNew3DS
 .text.gspEventThreadMain
                0x0011ee1c      0x160 /usr/local/devkitPro/libctru/lib/libctru.a(gspgpu.o)
 .text.gspInit  0x0011ef7c       0x74 /usr/local/devkitPro/libctru/lib/libctru.a(gspgpu.o)
                0x0011ef7c                gspInit
 .text.gspExit  0x0011eff0       0x3c /usr/local/devkitPro/libctru/lib/libctru.a(gspgpu.o)
                0x0011eff0                gspExit
 .text.gspSetEventCallback
                0x0011f02c       0x2c /usr/local/devkitPro/libctru/lib/libctru.a(gspgpu.o)
                0x0011f02c                gspSetEventCallback
 .text.gspInitEventHandler
                0x0011f058       0x88 /usr/local/devkitPro/libctru/lib/libctru.a(gspgpu.o)
                0x0011f058                gspInitEventHandler
 .text.gspExitEventHandler
                0x0011f0e0       0x30 /usr/local/devkitPro/libctru/lib/libctru.a(gspgpu.o)
                0x0011f0e0                gspExitEventHandler
 .text.gspWaitForEvent
                0x0011f110       0x44 /usr/local/devkitPro/libctru/lib/libctru.a(gspgpu.o)
                0x0011f110                gspWaitForEvent
 .text.gspWaitForAnyEvent
                0x0011f154       0x6c /usr/local/devkitPro/libctru/lib/libctru.a(gspgpu.o)
                0x0011f154                gspWaitForAnyEvent
 .text.gspSubmitGxCommand
                0x0011f1c0      0x124 /usr/local/devkitPro/libctru/lib/libctru.a(gspgpu.o)
                0x0011f1c0                gspSubmitGxCommand
 .text.GSPGPU_SetBufferSwap
                0x0011f2e4       0x6c /usr/local/devkitPro/libctru/lib/libctru.a(gspgpu.o)
                0x0011f2e4                GSPGPU_SetBufferSwap
 .text.GSPGPU_SetLcdForceBlack
                0x0011f350       0x34 /usr/local/devkitPro/libctru/lib/libctru.a(gspgpu.o)
                0x0011f350                GSPGPU_SetLcdForceBlack
 .text.GSPGPU_RegisterInterruptRelayQueue
                0x0011f384       0x64 /usr/local/devkitPro/libctru/lib/libctru.a(gspgpu.o)
                0x0011f384                GSPGPU_RegisterInterruptRelayQueue
 .text.GSPGPU_UnregisterInterruptRelayQueue
                0x0011f3e8       0x2c /usr/local/devkitPro/libctru/lib/libctru.a(gspgpu.o)
                0x0011f3e8                GSPGPU_UnregisterInterruptRelayQueue
 .text.GSPGPU_AcquireRight
                0x0011f414       0x48 /usr/local/devkitPro/libctru/lib/libctru.a(gspgpu.o)
                0x0011f414                GSPGPU_AcquireRight
 .text.GSPGPU_ReleaseRight
                0x0011f45c       0x2c /usr/local/devkitPro/libctru/lib/libctru.a(gspgpu.o)
                0x0011f45c                GSPGPU_ReleaseRight
 .text.GSPGPU_ImportDisplayCaptureInfo
                0x0011f488       0x80 /usr/local/devkitPro/libctru/lib/libctru.a(gspgpu.o)
                0x0011f488                GSPGPU_ImportDisplayCaptureInfo
 .text.GSPGPU_SaveVramSysArea
                0x0011f508       0x2c /usr/local/devkitPro/libctru/lib/libctru.a(gspgpu.o)
                0x0011f508                GSPGPU_SaveVramSysArea
 .text.GSPGPU_RestoreVramSysArea
                0x0011f534       0x2c /usr/local/devkitPro/libctru/lib/libctru.a(gspgpu.o)
                0x0011f534                GSPGPU_RestoreVramSysArea
 .text.irrstScanInput
                0x0011f560       0xb0 /usr/local/devkitPro/libctru/lib/libctru.a(irrst.o)
                0x0011f560                irrstScanInput
 .text.irrstKeysHeld
                0x0011f610       0x1c /usr/local/devkitPro/libctru/lib/libctru.a(irrst.o)
                0x0011f610                irrstKeysHeld
 .text.IRRST_GetHandles
                0x0011f62c       0x50 /usr/local/devkitPro/libctru/lib/libctru.a(irrst.o)
                0x0011f62c                IRRST_GetHandles
 .text.irrstInit
                0x0011f67c      0x150 /usr/local/devkitPro/libctru/lib/libctru.a(irrst.o)
                0x0011f67c                irrstInit
 .text.IRRST_Shutdown
                0x0011f7cc       0x2c /usr/local/devkitPro/libctru/lib/libctru.a(irrst.o)
                0x0011f7cc                IRRST_Shutdown
 .text.irrstExit
                0x0011f7f8       0xac /usr/local/devkitPro/libctru/lib/libctru.a(irrst.o)
                0x0011f7f8                irrstExit
 .text.rbtree_find
                0x0011f8a4       0x70 /usr/local/devkitPro/libctru/lib/libctru.a(rbtree_find.o)
                0x0011f8a4                rbtree_find
 .text.rbtree_remove
                0x0011f914      0x324 /usr/local/devkitPro/libctru/lib/libctru.a(rbtree_remove.o)
                0x0011f914                rbtree_remove
 .text.rbtree_node_next
                0x0011fc38       0x74 /usr/local/devkitPro/libctru/lib/libctru.a(rbtree_iterator.o)
                0x0011fc38                rbtree_node_next
 .text.rbtree_rotate
                0x0011fcac       0x94 /usr/local/devkitPro/libctru/lib/libctru.a(rbtree_rotate.o)
                0x0011fcac                rbtree_rotate
 .text.do_insert
                0x0011fd40      0x18c /usr/local/devkitPro/libctru/lib/libctru.a(rbtree_insert.o)
 .text.rbtree_insert
                0x0011fecc        0x8 /usr/local/devkitPro/libctru/lib/libctru.a(rbtree_insert.o)
                0x0011fecc                rbtree_insert
 .text.rbtree_init
                0x0011fed4       0x14 /usr/local/devkitPro/libctru/lib/libctru.a(rbtree_init.o)
                0x0011fed4                rbtree_init
 .text.__system_initArgv
                0x0011fee8       0xe8 /usr/local/devkitPro/libctru/lib/libctru.a(initArgv.o)
                0x0011fee8                __system_initArgv
 .text.osGetMemRegionSize
                0x0011ffd0       0x58 /usr/local/devkitPro/libctru/lib/libctru.a(allocateHeaps.o)
 .text.__system_allocateHeaps
                0x00120028      0x104 /usr/local/devkitPro/libctru/lib/libctru.a(allocateHeaps.o)
                0x00120028                __system_allocateHeaps
 .text.__libctru_init
                0x0012012c       0x38 /usr/local/devkitPro/libctru/lib/libctru.a(initSystem.o)
                0x0012012c                __libctru_init
 .text.svcControlMemory
                0x00120164       0x20 /usr/local/devkitPro/libctru/lib/libctru.a(svc.o)
                0x00120164                svcControlMemory
 .text.svcExitProcess
                0x00120184        0x8 /usr/local/devkitPro/libctru/lib/libctru.a(svc.o)
                0x00120184                svcExitProcess
 .text.svcCreateThread
                0x0012018c       0x20 /usr/local/devkitPro/libctru/lib/libctru.a(svc.o)
                0x0012018c                svcCreateThread
 .text.svcExitThread
                0x001201ac        0x8 /usr/local/devkitPro/libctru/lib/libctru.a(svc.o)
                0x001201ac                svcExitThread
 .text.svcSleepThread
                0x001201b4        0x8 /usr/local/devkitPro/libctru/lib/libctru.a(svc.o)
                0x001201b4                svcSleepThread
 .text.svcReleaseMutex
                0x001201bc        0x8 /usr/local/devkitPro/libctru/lib/libctru.a(svc.o)
                0x001201bc                svcReleaseMutex
 .text.svcCreateEvent
                0x001201c4       0x14 /usr/local/devkitPro/libctru/lib/libctru.a(svc.o)
                0x001201c4                svcCreateEvent
 .text.svcSignalEvent
                0x001201d8        0x8 /usr/local/devkitPro/libctru/lib/libctru.a(svc.o)
                0x001201d8                svcSignalEvent
 .text.svcClearEvent
                0x001201e0        0x8 /usr/local/devkitPro/libctru/lib/libctru.a(svc.o)
                0x001201e0                svcClearEvent
 .text.svcMapMemoryBlock
                0x001201e8        0x8 /usr/local/devkitPro/libctru/lib/libctru.a(svc.o)
                0x001201e8                svcMapMemoryBlock
 .text.svcUnmapMemoryBlock
                0x001201f0        0x8 /usr/local/devkitPro/libctru/lib/libctru.a(svc.o)
                0x001201f0                svcUnmapMemoryBlock
 .text.svcCreateAddressArbiter
                0x001201f8       0x14 /usr/local/devkitPro/libctru/lib/libctru.a(svc.o)
                0x001201f8                svcCreateAddressArbiter
 .text.svcArbitrateAddress
                0x0012020c       0x18 /usr/local/devkitPro/libctru/lib/libctru.a(svc.o)
                0x0012020c                svcArbitrateAddress
 .text.svcCloseHandle
                0x00120224        0x8 /usr/local/devkitPro/libctru/lib/libctru.a(svc.o)
                0x00120224                svcCloseHandle
 .text.svcWaitSynchronization
                0x0012022c        0x8 /usr/local/devkitPro/libctru/lib/libctru.a(svc.o)
                0x0012022c                svcWaitSynchronization
 .text.svcWaitSynchronizationN
                0x00120234       0x28 /usr/local/devkitPro/libctru/lib/libctru.a(svc.o)
                0x00120234                svcWaitSynchronizationN
 .text.svcDuplicateHandle
                0x0012025c       0x14 /usr/local/devkitPro/libctru/lib/libctru.a(svc.o)
                0x0012025c                svcDuplicateHandle
 .text.svcGetSystemTick
                0x00120270        0x8 /usr/local/devkitPro/libctru/lib/libctru.a(svc.o)
                0x00120270                svcGetSystemTick
 .text.svcGetSystemInfo
                0x00120278       0x18 /usr/local/devkitPro/libctru/lib/libctru.a(svc.o)
                0x00120278                svcGetSystemInfo
 .text.svcConnectToPort
                0x00120290       0x14 /usr/local/devkitPro/libctru/lib/libctru.a(svc.o)
                0x00120290                svcConnectToPort
 .text.svcSendSyncRequest
                0x001202a4        0x8 /usr/local/devkitPro/libctru/lib/libctru.a(svc.o)
                0x001202a4                svcSendSyncRequest
 .text.svcBreak
                0x001202ac        0x8 /usr/local/devkitPro/libctru/lib/libctru.a(svc.o)
                0x001202ac                svcBreak
 .text._ZN7MemPool13CoalesceRightEP8MemBlock
                0x001202b4       0x98 /usr/local/devkitPro/libctru/lib/libctru.a(mem_pool.o)
                0x001202b4                MemPool::CoalesceRight(MemBlock*)
 .text._ZN7MemPool8AllocateER8MemChunkmi
                0x0012034c      0x178 /usr/local/devkitPro/libctru/lib/libctru.a(mem_pool.o)
                0x0012034c                MemPool::Allocate(MemChunk&, unsigned long, int)
 .text._ZN7MemPool10DeallocateERK8MemChunk
                0x001204c4      0x100 /usr/local/devkitPro/libctru/lib/libctru.a(mem_pool.o)
                0x001204c4                MemPool::Deallocate(MemChunk const&)
 .text._ZL21addrMapNodeComparatorPK11rbtree_nodeS1_
                0x001205c4       0x24 /usr/local/devkitPro/libctru/lib/libctru.a(mappable.o)
 .text._ZL21addrMapNodeDestructorP11rbtree_node
                0x001205e8        0x4 /usr/local/devkitPro/libctru/lib/libctru.a(mappable.o)
 .text.mappableAlloc
                0x001205ec       0xf4 /usr/local/devkitPro/libctru/lib/libctru.a(mappable.o)
                0x001205ec                mappableAlloc
 .text.mappableFree
                0x001206e0       0x50 /usr/local/devkitPro/libctru/lib/libctru.a(mappable.o)
                0x001206e0                mappableFree
 .text.threadCreate
                0x00120730      0x1bc /usr/local/devkitPro/libctru/lib/libctru.a(thread.o)
                0x00120730                threadCreate
 .text.threadJoin
                0x001208ec       0x24 /usr/local/devkitPro/libctru/lib/libctru.a(thread.o)
                0x001208ec                threadJoin
 .text.threadExit
                0x00120910       0x70 /usr/local/devkitPro/libctru/lib/libctru.a(thread.o)
                0x00120910                threadExit
 .text._thread_begin
                0x00120980       0x40 /usr/local/devkitPro/libctru/lib/libctru.a(thread.o)
 .text.srvExit  0x001209c0       0x50 /usr/local/devkitPro/libctru/lib/libctru.a(srv.o)
                0x001209c0                srvExit
 .text.srvRegisterClient
                0x00120a10       0x38 /usr/local/devkitPro/libctru/lib/libctru.a(srv.o)
                0x00120a10                srvRegisterClient
 .text.srvInit  0x00120a48       0x78 /usr/local/devkitPro/libctru/lib/libctru.a(srv.o)
                0x00120a48                srvInit
 .text.srvGetServiceHandleDirect
                0x00120ac0       0x68 /usr/local/devkitPro/libctru/lib/libctru.a(srv.o)
                0x00120ac0                srvGetServiceHandleDirect
 .text.srvGetServiceHandle
                0x00120b28       0x38 /usr/local/devkitPro/libctru/lib/libctru.a(srv.o)
                0x00120b28                srvGetServiceHandle
 .text.envGetHandle
                0x00120b60       0x84 /usr/local/devkitPro/libctru/lib/libctru.a(env.o)
                0x00120b60                envGetHandle
 .text.envDestroyHandles
                0x00120be4       0x4c /usr/local/devkitPro/libctru/lib/libctru.a(env.o)
                0x00120be4                envDestroyHandles
 .text.LightLock_Unlock.part.1
                0x00120c30       0x34 /usr/local/devkitPro/libctru/lib/libctru.a(synchronization.o)
 .text.__sync_init
                0x00120c64        0xc /usr/local/devkitPro/libctru/lib/libctru.a(synchronization.o)
                0x00120c64                __sync_init
 .text.__sync_fini
                0x00120c70       0x18 /usr/local/devkitPro/libctru/lib/libctru.a(synchronization.o)
                0x00120c70                __sync_fini
 .text.__sync_get_arbiter
                0x00120c88       0x10 /usr/local/devkitPro/libctru/lib/libctru.a(synchronization.o)
                0x00120c88                __sync_get_arbiter
 .text.LightLock_Init
                0x00120c98       0x18 /usr/local/devkitPro/libctru/lib/libctru.a(synchronization.o)
                0x00120c98                LightLock_Init
 .text.LightLock_Lock
                0x00120cb0       0xa0 /usr/local/devkitPro/libctru/lib/libctru.a(synchronization.o)
                0x00120cb0                LightLock_Lock
 .text.LightLock_TryLock
                0x00120d50       0x34 /usr/local/devkitPro/libctru/lib/libctru.a(synchronization.o)
                0x00120d50                LightLock_TryLock
 .text.LightLock_Unlock
                0x00120d84       0x20 /usr/local/devkitPro/libctru/lib/libctru.a(synchronization.o)
                0x00120d84                LightLock_Unlock
 .text.RecursiveLock_Init
                0x00120da4       0x24 /usr/local/devkitPro/libctru/lib/libctru.a(synchronization.o)
                0x00120da4                RecursiveLock_Init
 .text.RecursiveLock_Lock
                0x00120dc8       0x30 /usr/local/devkitPro/libctru/lib/libctru.a(synchronization.o)
                0x00120dc8                RecursiveLock_Lock
 .text.RecursiveLock_TryLock
                0x00120df8       0x58 /usr/local/devkitPro/libctru/lib/libctru.a(synchronization.o)
                0x00120df8                RecursiveLock_TryLock
 .text.RecursiveLock_Unlock
                0x00120e50       0x38 /usr/local/devkitPro/libctru/lib/libctru.a(synchronization.o)
                0x00120e50                RecursiveLock_Unlock
 .text.LightEvent_Init
                0x00120e88       0x38 /usr/local/devkitPro/libctru/lib/libctru.a(synchronization.o)
                0x00120e88                LightEvent_Init
 .text.LightEvent_Clear
                0x00120ec0       0x7c /usr/local/devkitPro/libctru/lib/libctru.a(synchronization.o)
                0x00120ec0                LightEvent_Clear
 .text.LightEvent_Signal
                0x00120f3c       0xdc /usr/local/devkitPro/libctru/lib/libctru.a(synchronization.o)
                0x00120f3c                LightEvent_Signal
 .text.LightEvent_Wait
                0x00121018       0xd0 /usr/local/devkitPro/libctru/lib/libctru.a(synchronization.o)
                0x00121018                LightEvent_Wait
 .text.__libctru_exit
                0x001210e8       0xa4 /usr/local/devkitPro/libctru/lib/libctru.a(ctru_exit.o)
                0x001210e8                __libctru_exit
 .text.__appExit
                0x0012118c       0x1c /usr/local/devkitPro/libctru/lib/libctru.a(appExit.o)
                0x0012118c                __appExit
 .text.__ctru_get_reent
                0x001211a8       0x30 /usr/local/devkitPro/libctru/lib/libctru.a(syscalls.o)
 .text.__system_initSyscalls
                0x001211d8       0xe4 /usr/local/devkitPro/libctru/lib/libctru.a(syscalls.o)
                0x001211d8                __system_initSyscalls
 .text.__appInit
                0x001212bc       0x1c /usr/local/devkitPro/libctru/lib/libctru.a(appInit.o)
                0x001212bc                __appInit
 .text.sdmc_link
                0x001212d8       0x10 /usr/local/devkitPro/libctru/lib/libctru.a(sdmc_dev.o)
 .text.sdmc_dirreset
                0x001212e8       0x10 /usr/local/devkitPro/libctru/lib/libctru.a(sdmc_dev.o)
 .text.sdmc_fchmod
                0x001212f8       0x10 /usr/local/devkitPro/libctru/lib/libctru.a(sdmc_dev.o)
 .text.error_cmp
                0x00121308       0x24 /usr/local/devkitPro/libctru/lib/libctru.a(sdmc_dev.o)
 .text.sdmc_translate_error
                0x0012132c       0x50 /usr/local/devkitPro/libctru/lib/libctru.a(sdmc_dev.o)
 .text.sdmc_fsync
                0x0012137c       0x34 /usr/local/devkitPro/libctru/lib/libctru.a(sdmc_dev.o)
 .text.sdmc_ftruncate
                0x001213b0       0x54 /usr/local/devkitPro/libctru/lib/libctru.a(sdmc_dev.o)
 .text.sdmc_statvfs
                0x00121404       0xb8 /usr/local/devkitPro/libctru/lib/libctru.a(sdmc_dev.o)
 .text.sdmc_dirclose
                0x001214bc       0x38 /usr/local/devkitPro/libctru/lib/libctru.a(sdmc_dev.o)
 .text.sdmc_dirnext
                0x001214f4      0x138 /usr/local/devkitPro/libctru/lib/libctru.a(sdmc_dev.o)
 .text.sdmc_close
                0x0012162c       0x34 /usr/local/devkitPro/libctru/lib/libctru.a(sdmc_dev.o)
 .text.sdmc_fstat
                0x00121660       0x74 /usr/local/devkitPro/libctru/lib/libctru.a(sdmc_dev.o)
 .text.sdmc_seek
                0x001216d4       0xd8 /usr/local/devkitPro/libctru/lib/libctru.a(sdmc_dev.o)
 .text.sdmc_read
                0x001217ac       0x84 /usr/local/devkitPro/libctru/lib/libctru.a(sdmc_dev.o)
 .text.sdmc_write
                0x00121830       0xb8 /usr/local/devkitPro/libctru/lib/libctru.a(sdmc_dev.o)
 .text.sdmc_utf16path
                0x001218e8      0x1b4 /usr/local/devkitPro/libctru/lib/libctru.a(sdmc_dev.o)
 .text.sdmc_rmdir
                0x00121a9c       0x74 /usr/local/devkitPro/libctru/lib/libctru.a(sdmc_dev.o)
 .text.sdmc_diropen
                0x00121b10       0xa4 /usr/local/devkitPro/libctru/lib/libctru.a(sdmc_dev.o)
 .text.sdmc_chdir
                0x00121bb4       0xa0 /usr/local/devkitPro/libctru/lib/libctru.a(sdmc_dev.o)
 .text.sdmc_mkdir
                0x00121c54       0x98 /usr/local/devkitPro/libctru/lib/libctru.a(sdmc_dev.o)
 .text.sdmc_rename
                0x00121cec      0x108 /usr/local/devkitPro/libctru/lib/libctru.a(sdmc_dev.o)
 .text.sdmc_unlink
                0x00121df4       0x74 /usr/local/devkitPro/libctru/lib/libctru.a(sdmc_dev.o)
 .text.sdmc_stat
                0x00121e68      0x108 /usr/local/devkitPro/libctru/lib/libctru.a(sdmc_dev.o)
 .text.sdmc_open
                0x00121f70      0x188 /usr/local/devkitPro/libctru/lib/libctru.a(sdmc_dev.o)
 .text.sdmc_chmod
                0x001220f8       0x10 /usr/local/devkitPro/libctru/lib/libctru.a(sdmc_dev.o)
 .text.sdmcInit
                0x00122108      0x15c /usr/local/devkitPro/libctru/lib/libctru.a(sdmc_dev.o)
                0x00122108                sdmcInit
 .text.sdmcExit
                0x00122264       0x58 /usr/local/devkitPro/libctru/lib/libctru.a(sdmc_dev.o)
                0x00122264                sdmcExit
 .text.fsSessionForArchive.part.0
                0x001222bc       0x28 /usr/local/devkitPro/libctru/lib/libctru.a(fs.o)
 .text.fsInit   0x001222e4       0xc8 /usr/local/devkitPro/libctru/lib/libctru.a(fs.o)
                0x001222e4                fsInit
 .text.fsExit   0x001223ac       0x38 /usr/local/devkitPro/libctru/lib/libctru.a(fs.o)
                0x001223ac                fsExit
 .text.fsExemptFromSession
                0x001223e4       0xa0 /usr/local/devkitPro/libctru/lib/libctru.a(fs.o)
                0x001223e4                fsExemptFromSession
 .text.fsUnexemptFromSession
                0x00122484       0x54 /usr/local/devkitPro/libctru/lib/libctru.a(fs.o)
                0x00122484                fsUnexemptFromSession
 .text.FSUSER_OpenFile
                0x001224d8       0xbc /usr/local/devkitPro/libctru/lib/libctru.a(fs.o)
                0x001224d8                FSUSER_OpenFile
 .text.FSUSER_DeleteFile
                0x00122594       0xa4 /usr/local/devkitPro/libctru/lib/libctru.a(fs.o)
                0x00122594                FSUSER_DeleteFile
 .text.FSUSER_RenameFile
                0x00122638       0xe0 /usr/local/devkitPro/libctru/lib/libctru.a(fs.o)
                0x00122638                FSUSER_RenameFile
 .text.FSUSER_DeleteDirectory
                0x00122718       0xa4 /usr/local/devkitPro/libctru/lib/libctru.a(fs.o)
                0x00122718                FSUSER_DeleteDirectory
 .text.FSUSER_CreateFile
                0x001227bc       0xbc /usr/local/devkitPro/libctru/lib/libctru.a(fs.o)
                0x001227bc                FSUSER_CreateFile
 .text.FSUSER_CreateDirectory
                0x00122878       0xac /usr/local/devkitPro/libctru/lib/libctru.a(fs.o)
                0x00122878                FSUSER_CreateDirectory
 .text.FSUSER_RenameDirectory
                0x00122924       0xe0 /usr/local/devkitPro/libctru/lib/libctru.a(fs.o)
                0x00122924                FSUSER_RenameDirectory
 .text.FSUSER_OpenDirectory
                0x00122a04       0xa4 /usr/local/devkitPro/libctru/lib/libctru.a(fs.o)
                0x00122a04                FSUSER_OpenDirectory
 .text.FSUSER_OpenArchive
                0x00122aa8       0x98 /usr/local/devkitPro/libctru/lib/libctru.a(fs.o)
                0x00122aa8                FSUSER_OpenArchive
 .text.FSUSER_CloseArchive
                0x00122b40       0x74 /usr/local/devkitPro/libctru/lib/libctru.a(fs.o)
                0x00122b40                FSUSER_CloseArchive
 .text.FSUSER_GetSdmcArchiveResource
                0x00122bb4       0x78 /usr/local/devkitPro/libctru/lib/libctru.a(fs.o)
                0x00122bb4                FSUSER_GetSdmcArchiveResource
 .text.FSUSER_IsSdmcWritable
                0x00122c2c       0x64 /usr/local/devkitPro/libctru/lib/libctru.a(fs.o)
                0x00122c2c                FSUSER_IsSdmcWritable
 .text.FSFILE_Read
                0x00122c90       0x5c /usr/local/devkitPro/libctru/lib/libctru.a(fs.o)
                0x00122c90                FSFILE_Read
 .text.FSFILE_Write
                0x00122cec       0x64 /usr/local/devkitPro/libctru/lib/libctru.a(fs.o)
                0x00122cec                FSFILE_Write
 .text.FSFILE_GetSize
                0x00122d50       0x3c /usr/local/devkitPro/libctru/lib/libctru.a(fs.o)
                0x00122d50                FSFILE_GetSize
 .text.FSFILE_SetSize
                0x00122d8c       0x2c /usr/local/devkitPro/libctru/lib/libctru.a(fs.o)
                0x00122d8c                FSFILE_SetSize
 .text.FSFILE_Close
                0x00122db8       0x3c /usr/local/devkitPro/libctru/lib/libctru.a(fs.o)
                0x00122db8                FSFILE_Close
 .text.FSFILE_Flush
                0x00122df4       0x24 /usr/local/devkitPro/libctru/lib/libctru.a(fs.o)
                0x00122df4                FSFILE_Flush
 .text.FSDIR_Read
                0x00122e18       0x54 /usr/local/devkitPro/libctru/lib/libctru.a(fs.o)
                0x00122e18                FSDIR_Read
 .text.FSDIR_Close
                0x00122e6c       0x3c /usr/local/devkitPro/libctru/lib/libctru.a(fs.o)
                0x00122e6c                FSDIR_Close
 .text.utf8_to_utf16
                0x00122ea8       0xc0 /usr/local/devkitPro/libctru/lib/libctru.a(utf8_to_utf16.o)
                0x00122ea8                utf8_to_utf16
 .text.decode_utf8
                0x00122f68      0x138 /usr/local/devkitPro/libctru/lib/libctru.a(decode_utf8.o)
                0x00122f68                decode_utf8
 .text.utf16_to_utf8
                0x001230a0       0xe8 /usr/local/devkitPro/libctru/lib/libctru.a(utf16_to_utf8.o)
                0x001230a0                utf16_to_utf8
 .text.encode_utf8
                0x00123188      0x104 /usr/local/devkitPro/libctru/lib/libctru.a(encode_utf8.o)
                0x00123188                encode_utf8
 .text.encode_utf16
                0x0012328c       0x68 /usr/local/devkitPro/libctru/lib/libctru.a(encode_utf16.o)
                0x0012328c                encode_utf16
 .text.__aeabi_read_tp
                0x001232f4        0xc /usr/local/devkitPro/libctru/lib/libctru.a(readtp.o)
                0x001232f4                __aeabi_read_tp
 .text.decode_utf16
                0x00123300       0x60 /usr/local/devkitPro/libctru/lib/libctru.a(decode_utf16.o)
                0x00123300                decode_utf16
 .text.floor    0x00123360      0x184 /opt/devkitpro/devkitARM/lib/gcc/arm-none-eabi/6.3.0/../../../../arm-none-eabi/lib/armv6k/fpu/libm.a(lib_a-s_floor.o)
                0x00123360                floor
 *fill*         0x001234e4        0x4 
 .text.frexp    0x001234e8       0x9c /opt/devkitpro/devkitARM/lib/gcc/arm-none-eabi/6.3.0/../../../../arm-none-eabi/lib/armv6k/fpu/libm.a(lib_a-s_frexp.o)
                0x001234e8                frexp
 .text.cosf     0x00123584       0xc4 /opt/devkitpro/devkitARM/lib/gcc/arm-none-eabi/6.3.0/../../../../arm-none-eabi/lib/armv6k/fpu/libm.a(lib_a-sf_cos.o)
                0x00123584                cosf
 .text.sinf     0x00123648       0xcc /opt/devkitpro/devkitARM/lib/gcc/arm-none-eabi/6.3.0/../../../../arm-none-eabi/lib/armv6k/fpu/libm.a(lib_a-sf_sin.o)
                0x00123648                sinf
 *fill*         0x00123714        0x4 
 .text.pow      0x00123718      0x398 /opt/devkitpro/devkitARM/lib/gcc/arm-none-eabi/6.3.0/../../../../arm-none-eabi/lib/armv6k/fpu/libm.a(lib_a-w_pow.o)
                0x00123718                pow
 .text.__ieee754_pow
                0x00123ab0      0x8bc /opt/devkitpro/devkitARM/lib/gcc/arm-none-eabi/6.3.0/../../../../arm-none-eabi/lib/armv6k/fpu/libm.a(lib_a-e_pow.o)
                0x00123ab0                __ieee754_pow
 .text.__ieee754_sqrt
                0x0012436c      0x214 /opt/devkitpro/devkitARM/lib/gcc/arm-none-eabi/6.3.0/../../../../arm-none-eabi/lib/armv6k/fpu/libm.a(lib_a-e_sqrt.o)
                0x0012436c                __ieee754_sqrt
 .text.__ieee754_rem_pio2f
                0x00124580      0x2e8 /opt/devkitpro/devkitARM/lib/gcc/arm-none-eabi/6.3.0/../../../../arm-none-eabi/lib/armv6k/fpu/libm.a(lib_a-ef_rem_pio2.o)
                0x00124580                __ieee754_rem_pio2f
 .text.__kernel_cosf
                0x00124868      0x124 /opt/devkitpro/devkitARM/lib/gcc/arm-none-eabi/6.3.0/../../../../arm-none-eabi/lib/armv6k/fpu/libm.a(lib_a-kf_cos.o)
                0x00124868                __kernel_cosf
 .text.__kernel_rem_pio2f
                0x0012498c      0x898 /opt/devkitpro/devkitARM/lib/gcc/arm-none-eabi/6.3.0/../../../../arm-none-eabi/lib/armv6k/fpu/libm.a(lib_a-kf_rem_pio2.o)
                0x0012498c                __kernel_rem_pio2f
 .text.__kernel_sinf
                0x00125224       0xa0 /opt/devkitpro/devkitARM/lib/gcc/arm-none-eabi/6.3.0/../../../../arm-none-eabi/lib/armv6k/fpu/libm.a(lib_a-kf_sin.o)
                0x00125224                __kernel_sinf
 .text.fabs     0x001252c4       0x10 /opt/devkitpro/devkitARM/lib/gcc/arm-none-eabi/6.3.0/../../../../arm-none-eabi/lib/armv6k/fpu/libm.a(lib_a-s_fabs.o)
                0x001252c4                fabs
 .text.finite   0x001252d4       0x14 /opt/devkitpro/devkitARM/lib/gcc/arm-none-eabi/6.3.0/../../../../arm-none-eabi/lib/armv6k/fpu/libm.a(lib_a-s_finite.o)
                0x001252d4                finite
 .text.matherr  0x001252e8        0x8 /opt/devkitpro/devkitARM/lib/gcc/arm-none-eabi/6.3.0/../../../../arm-none-eabi/lib/armv6k/fpu/libm.a(lib_a-s_matherr.o)
                0x001252e8                matherr
 .text.nan      0x001252f0       0x10 /opt/devkitpro/devkitARM/lib/gcc/arm-none-eabi/6.3.0/../../../../arm-none-eabi/lib/armv6k/fpu/libm.a(lib_a-s_nan.o)
                0x001252f0                nan
 .text.rint     0x00125300      0x178 /opt/devkitpro/devkitARM/lib/gcc/arm-none-eabi/6.3.0/../../../../arm-none-eabi/lib/armv6k/fpu/libm.a(lib_a-s_rint.o)
                0x00125300                rint
 .text.scalbn   0x00125478      0x170 /opt/devkitpro/devkitARM/lib/gcc/arm-none-eabi/6.3.0/../../../../arm-none-eabi/lib/armv6k/fpu/libm.a(lib_a-s_scalbn.o)
                0x00125478                scalbn
 .text.fabsf    0x001255e8       0x10 /opt/devkitpro/devkitARM/lib/gcc/arm-none-eabi/6.3.0/../../../../arm-none-eabi/lib/armv6k/fpu/libm.a(lib_a-sf_fabs.o)
                0x001255e8                fabsf
 .text.floorf   0x001255f8       0xbc /opt/devkitpro/devkitARM/lib/gcc/arm-none-eabi/6.3.0/../../../../arm-none-eabi/lib/armv6k/fpu/libm.a(lib_a-sf_floor.o)
                0x001255f8                floorf
 .text.scalbnf  0x001256b4      0x114 /opt/devkitpro/devkitARM/lib/gcc/arm-none-eabi/6.3.0/../../../../arm-none-eabi/lib/armv6k/fpu/libm.a(lib_a-sf_scalbn.o)
                0x001256b4                scalbnf
 .text.copysign
                0x001257c8       0x1c /opt/devkitpro/devkitARM/lib/gcc/arm-none-eabi/6.3.0/../../../../arm-none-eabi/lib/armv6k/fpu/libm.a(lib_a-s_copysign.o)
                0x001257c8                copysign
 .text.copysignf
                0x001257e4       0x1c /opt/devkitpro/devkitARM/lib/gcc/arm-none-eabi/6.3.0/../../../../arm-none-eabi/lib/armv6k/fpu/libm.a(lib_a-sf_copysign.o)
                0x001257e4                copysignf
 .text.__udivmoddi4
                0x00125800      0x128 /opt/devkitpro/devkitARM/lib/gcc/arm-none-eabi/6.3.0/armv6k/fpu/libgcc.a(_udivmoddi4.o)
                0x00125800                __udivmoddi4
 .text.abort    0x00125928       0x14 /opt/devkitpro/devkitARM/lib/gcc/arm-none-eabi/6.3.0/../../../../arm-none-eabi/lib/armv6k/fpu/libg.a(lib_a-abort.o)
                0x00125928                abort
 .text.bsearch  0x0012593c       0x74 /opt/devkitpro/devkitARM/lib/gcc/arm-none-eabi/6.3.0/../../../../arm-none-eabi/lib/armv6k/fpu/libg.a(lib_a-bsearch.o)
                0x0012593c                bsearch
 .text.calloc   0x001259b0       0x20 /opt/devkitpro/devkitARM/lib/gcc/arm-none-eabi/6.3.0/../../../../arm-none-eabi/lib/armv6k/fpu/libg.a(lib_a-calloc.o)
                0x001259b0                calloc
 .text._calloc_r
                0x001259d0       0x90 /opt/devkitpro/devkitARM/lib/gcc/arm-none-eabi/6.3.0/../../../../arm-none-eabi/lib/armv6k/fpu/libg.a(lib_a-callocr.o)
                0x001259d0                _calloc_r
 .text.__errno  0x00125a60        0xc /opt/devkitpro/devkitARM/lib/gcc/arm-none-eabi/6.3.0/../../../../arm-none-eabi/lib/armv6k/fpu/libg.a(lib_a-errno.o)
                0x00125a60                __errno
 .text._fclose_r
                0x00125a6c      0x154 /opt/devkitpro/devkitARM/lib/gcc/arm-none-eabi/6.3.0/../../../../arm-none-eabi/lib/armv6k/fpu/libg.a(lib_a-fclose.o)
                0x00125a6c                _fclose_r
 .text.__sflush_r
                0x00125bc0      0x254 /opt/devkitpro/devkitARM/lib/gcc/arm-none-eabi/6.3.0/../../../../arm-none-eabi/lib/armv6k/fpu/libg.a(lib_a-fflush.o)
                0x00125bc0                __sflush_r
 .text._fflush_r
                0x00125e14       0x94 /opt/devkitpro/devkitARM/lib/gcc/arm-none-eabi/6.3.0/../../../../arm-none-eabi/lib/armv6k/fpu/libg.a(lib_a-fflush.o)
                0x00125e14                _fflush_r
 .text.fflush   0x00125ea8       0x38 /opt/devkitpro/devkitARM/lib/gcc/arm-none-eabi/6.3.0/../../../../arm-none-eabi/lib/armv6k/fpu/libg.a(lib_a-fflush.o)
                0x00125ea8                fflush
 .text._cleanup_r
                0x00125ee0        0xc /opt/devkitpro/devkitARM/lib/gcc/arm-none-eabi/6.3.0/../../../../arm-none-eabi/lib/armv6k/fpu/libg.a(lib_a-findfp.o)
                0x00125ee0                _cleanup_r
 .text.std.isra.0
                0x00125eec       0x80 /opt/devkitpro/devkitARM/lib/gcc/arm-none-eabi/6.3.0/../../../../arm-none-eabi/lib/armv6k/fpu/libg.a(lib_a-findfp.o)
 .text.__sinit  0x00125f6c       0x8c /opt/devkitpro/devkitARM/lib/gcc/arm-none-eabi/6.3.0/../../../../arm-none-eabi/lib/armv6k/fpu/libg.a(lib_a-findfp.o)
                0x00125f6c                __sinit
 .text.__sfp_lock_acquire
                0x00125ff8        0xc /opt/devkitpro/devkitARM/lib/gcc/arm-none-eabi/6.3.0/../../../../arm-none-eabi/lib/armv6k/fpu/libg.a(lib_a-findfp.o)
                0x00125ff8                __sfp_lock_acquire
 .text.__sfp_lock_release
                0x00126004        0xc /opt/devkitpro/devkitARM/lib/gcc/arm-none-eabi/6.3.0/../../../../arm-none-eabi/lib/armv6k/fpu/libg.a(lib_a-findfp.o)
                0x00126004                __sfp_lock_release
 .text.__libc_fini_array
                0x00126010       0x40 /opt/devkitpro/devkitARM/lib/gcc/arm-none-eabi/6.3.0/../../../../arm-none-eabi/lib/armv6k/fpu/libg.a(lib_a-fini.o)
                0x00126010                __libc_fini_array
 .text.fprintf  0x00126050       0x3c /opt/devkitpro/devkitARM/lib/gcc/arm-none-eabi/6.3.0/../../../../arm-none-eabi/lib/armv6k/fpu/libg.a(lib_a-fprintf.o)
                0x00126050                fprintf
 .text.fputc    0x0012608c       0x94 /opt/devkitpro/devkitARM/lib/gcc/arm-none-eabi/6.3.0/../../../../arm-none-eabi/lib/armv6k/fpu/libg.a(lib_a-fputc.o)
                0x0012608c                fputc
 .text._fread_r
                0x00126120      0x2d4 /opt/devkitpro/devkitARM/lib/gcc/arm-none-eabi/6.3.0/../../../../arm-none-eabi/lib/armv6k/fpu/libg.a(lib_a-fread.o)
                0x00126120                _fread_r
 .text.fread    0x001263f4       0x38 /opt/devkitpro/devkitARM/lib/gcc/arm-none-eabi/6.3.0/../../../../arm-none-eabi/lib/armv6k/fpu/libg.a(lib_a-fread.o)
                0x001263f4                fread
 .text._malloc_trim_r
                0x0012642c       0xf8 /opt/devkitpro/devkitARM/lib/gcc/arm-none-eabi/6.3.0/../../../../arm-none-eabi/lib/armv6k/fpu/libg.a(lib_a-freer.o)
                0x0012642c                _malloc_trim_r
 .text._free_r  0x00126524      0x2e4 /opt/devkitpro/devkitARM/lib/gcc/arm-none-eabi/6.3.0/../../../../arm-none-eabi/lib/armv6k/fpu/libg.a(lib_a-freer.o)
                0x00126524                _free_r
 .text._fwalk   0x00126808       0x78 /opt/devkitpro/devkitARM/lib/gcc/arm-none-eabi/6.3.0/../../../../arm-none-eabi/lib/armv6k/fpu/libg.a(lib_a-fwalk.o)
                0x00126808                _fwalk
 .text._fwalk_reent
                0x00126880       0x80 /opt/devkitpro/devkitARM/lib/gcc/arm-none-eabi/6.3.0/../../../../arm-none-eabi/lib/armv6k/fpu/libg.a(lib_a-fwalk.o)
                0x00126880                _fwalk_reent
 .text.__libc_init_array